node.exe : [33mThe CJS build of Vite's Node API is deprecated. See 
https://vite.dev/guide/troubleshooting.html#vite-cjs-node-api-deprecated for more details.[39m
At line:1 char:1
+ & "C:\Program Files\nodejs/node.exe" "C:\Program Files\nodejs/node_mo ...
+ ~~~~~~~~~~~~~~~~~~~~~~~~~~~~~~~~~~~~~~~~~~~~~~~~~~~~~~~~~~~~~~~~~~~~~
    + CategoryInfo          : NotSpecified: ([33mThe CJS bu...e details.[39m:String) [], RemoteException
    + FullyQualifiedErrorId : NativeCommandError
 

[7m[1m[36m RUN [39m[22m[27m [36mv1.6.1[39m [90mC:/aissa[39m

(node:11692) [MODULE_TYPELESS_PACKAGE_JSON] Warning: Module type of file:///C:/aissa/postcss.config.js is not 
specified and it doesn't parse as CommonJS.
Reparsing as ES module because module syntax was detected. This incurs a performance overhead.
To eliminate this warning, add "type": "module" to C:\aissa\package.json.
(Use `node --trace-warnings ...` to show where the warning was created)
 [33mΓ¥»[39m tests/comprehensive.test.ts [2m ([22m[2m199 tests[22m [2m|[22m [31m27 failed[39m[2m)[22m[90m 45[2mms[22m[39m
[31m   [33mΓ¥»[31m tests/comprehensive.test.ts[2m > [22mFinancial Calculations - ╪º┘ä╪¡╪│╪º╪¿╪º╪¬ ╪º┘ä┘à╪º┘ä┘è╪⌐[2m > [22mroundTo2()[2m > [22mshould round negative numbers[39m
[31m     ΓåÆ expected -12.34 to be -12.35 // Object.is equality[39m
[31m   [33mΓ¥»[31m tests/comprehensive.test.ts[2m > [22mCode Duplication - ╪º┘â╪¬╪┤╪º┘ü ╪º╪▓╪»┘ê╪º╪¼┘è╪⌐ ╪º┘ä┘â┘ê╪»[2m > [22mshould detect duplicate InvoicePrintTemplate files[39m
[31m     ΓåÆ expected 'import React from \'react\';\n\ninterΓÇª' to be 'import React from \'react\';\n\ninterΓÇª' // Object.is equality[39m
[31m   [33mΓ¥»[31m tests/comprehensive.test.ts[2m > [22mDatabase Schema Validation - ╪º┘ä╪¬╪¡┘é┘é ┘à┘å Schema ┘é╪º╪╣╪»╪⌐ ╪º┘ä╪¿┘è╪º┘å╪º╪¬[2m > [22mshould verify all schema files exist[39m
[31m     ΓåÆ expected false to be true // Object.is equality[39m
[31m   [33mΓ¥»[31m tests/comprehensive.test.ts[2m > [22mDatabase Schema Validation - ╪º┘ä╪¬╪¡┘é┘é ┘à┘å Schema ┘é╪º╪╣╪»╪⌐ ╪º┘ä╪¿┘è╪º┘å╪º╪¬[2m > [22mshould verify schema index exports all tables[39m
[31m     ΓåÆ expected '/**\n * Database Schema Index\n * ╪¬╪╡╪»ΓÇª' to contain 'salesReturns'[39m
[31m   [33mΓ¥»[31m tests/comprehensive.test.ts[2m > [22mDatabase Schema Validation - ╪º┘ä╪¬╪¡┘é┘é ┘à┘å Schema ┘é╪º╪╣╪»╪⌐ ╪º┘ä╪¿┘è╪º┘å╪º╪¬[2m > [22mshould verify sales_invoices has all required columns[39m
[31m     ΓåÆ expected '\n  id: integer(\'id\').primaryKey({ ΓÇª' to contain 'invoice_number'[39m
[31m   [33mΓ¥»[31m tests/comprehensive.test.ts[2m > [22mIPC Channel Registration - ╪º┘ä╪¬╪¡┘é┘é ┘à┘å ╪¬╪│╪¼┘è┘ä ┘é┘å┘ê╪º╪¬ IPC[2m > [22mshould verify preload.ts allows all required channels[39m
[31m     ΓåÆ expected '/**\n * CM_03 - Preload Script\n * IPΓÇª' to contain 'db:returns:sales:create'[39m
[31m   [33mΓ¥»[31m tests/comprehensive.test.ts[2m > [22mIPC Channel Registration - ╪º┘ä╪¬╪¡┘é┘é ┘à┘å ╪¬╪│╪¼┘è┘ä ┘é┘å┘ê╪º╪¬ IPC[2m > [22mshould verify all IPC handlers in preload are registered in main.ts[39m
[31m     ΓåÆ expected '/**\n * Electron Main Process ΓÇö SpareΓÇª' to contain 'returns.ipc'[39m
[31m   [33mΓ¥»[31m tests/comprehensive.test.ts[2m > [22mIPC Channel Registration - ╪º┘ä╪¬╪¡┘é┘é ┘à┘å ╪¬╪│╪¼┘è┘ä ┘é┘å┘ê╪º╪¬ IPC[2m > [22mshould detect MISSING IPC handlers (AdminPinModal uses verifyPin)[39m
[31m     ΓåÆ expected '/**\n * Users IPC ΓÇö ╪Ñ╪»╪º╪▒╪⌐ ╪º┘ä┘à╪│╪¬╪«╪»┘à┘è┘å ΓÇª' not to contain 'verifyPin'[39m
[31m   [33mΓ¥»[31m tests/comprehensive.test.ts[2m > [22mSettings Table Name - ╪º┘ä╪¬╪¡┘é┘é ┘à┘å ╪º╪│┘à ╪¼╪»┘ê┘ä ╪º┘ä╪Ñ╪╣╪»╪º╪»╪º╪¬[2m > [22mshould detect table name mismatch in settings.ipc.ts[39m
[31m     ΓåÆ expected '/**\n * Settings IPC ΓÇö ╪Ñ╪»╪º╪▒╪⌐ ╪Ñ╪╣╪»╪º╪»╪º╪¬ ΓÇª' to contain 'FROM settings'[39m
[31m   [33mΓ¥»[31m tests/comprehensive.test.ts[2m > [22mVehicles IPC Column Names - ╪º┘ä╪¬╪¡┘é┘é ┘à┘å ╪ú╪│┘à╪º╪í ╪ú╪╣┘à╪»╪⌐ ╪º┘ä┘à╪▒┘â╪¿╪º╪¬[2m > [22mshould detect wrong column names in vehicles.ipc.ts[39m
[31m     ΓåÆ expected '/**\n * Vehicles IPC ΓÇö ┘à╪╣╪º┘ä╪¼╪⌐ ┘à╪º╪▒┘â╪º╪¬ ΓÇª' to contain 'year_start'[39m
[31m   [33mΓ¥»[31m tests/comprehensive.test.ts[2m > [22mSales Page Field Names - ╪º┘ä╪¬╪¡┘é┘é ┘à┘å ╪ú╪│┘à╪º╪í ╪º┘ä╪¡┘é┘ê┘ä[2m > [22mshould detect paid_amount vs paid mismatch in SalesPage.tsx[39m
[31m     ΓåÆ expected '/**\n * SalesPage ΓÇö ╪╡┘ü╪¡╪⌐ ╪Ñ╪»╪º╪▒╪⌐ ┘ü┘ê╪º╪¬┘è╪▒ΓÇª' to contain 'inv.paid_amount'[39m
[31m   [33mΓ¥»[31m tests/comprehensive.test.ts[2m > [22mSales Page Field Names - ╪º┘ä╪¬╪¡┘é┘é ┘à┘å ╪ú╪│┘à╪º╪í ╪º┘ä╪¡┘é┘ê┘ä[2m > [22mshould detect payment_status field that does not exist in DB[39m
[31m     ΓåÆ expected '/**\n * SalesPage ΓÇö ╪╡┘ü╪¡╪⌐ ╪Ñ╪»╪º╪▒╪⌐ ┘ü┘ê╪º╪¬┘è╪▒ΓÇª' to contain 'payment_status'[39m
[31m   [33mΓ¥»[31m tests/comprehensive.test.ts[2m > [22mRoute Registration - ╪º┘ä╪¬╪¡┘é┘é ┘à┘å ╪¬╪│╪¼┘è┘ä ╪º┘ä┘à╪│╪º╪▒╪º╪¬[2m > [22mshould verify existing routes are registered[39m
[31m     ΓåÆ expected '/**\n * App.tsx - SparePartsERP\n * ╪¿ΓÇª' to contain 'path="/reports"'[39m
[31m   [33mΓ¥»[31m tests/comprehensive.test.ts[2m > [22mSidebar Navigation - ╪º┘ä╪¬╪¡┘é┘é ┘à┘å ╪º┘ä┘é╪º╪ª┘à╪⌐ ╪º┘ä╪¼╪º┘å╪¿┘è╪⌐[2m > [22mshould detect sidebar items without routes[39m
[31m     ΓåÆ expected '/**\n * Sidebar ΓÇö SparePartsERP\n * ╪¿ΓÇª' to contain 'route: \'/finance\''[39m
[31m   [33mΓ¥»[31m tests/comprehensive.test.ts[2m > [22mSidebar Navigation - ╪º┘ä╪¬╪¡┘é┘é ┘à┘å ╪º┘ä┘é╪º╪ª┘à╪⌐ ╪º┘ä╪¼╪º┘å╪¿┘è╪⌐[2m > [22mshould verify all sidebar items have permissions defined[39m
[31m     ΓåÆ expected '/**\n * Sidebar ΓÇö SparePartsERP\n * ╪¿ΓÇª' to contain 'view_vehicles'[39m
[31m   [33mΓ¥»[31m tests/comprehensive.test.ts[2m > [22mReturns Page - ╪º┘ä╪¬╪¡┘é┘é ┘à┘å ╪╡┘ü╪¡╪⌐ ╪º┘ä┘à╪▒╪¬╪¼╪╣╪º╪¬[2m > [22mshould detect non-existent field references[39m
[31m     ΓåÆ ENOENT: no such file or directory, open 'C:\aissa\src\features\returns\ReturnsPage.tsx'[39m
[31m   [33mΓ¥»[31m tests/comprehensive.test.ts[2m > [22mReturns Page - ╪º┘ä╪¬╪¡┘é┘é ┘à┘å ╪╡┘ü╪¡╪⌐ ╪º┘ä┘à╪▒╪¬╪¼╪╣╪º╪¬[2m > [22mshould detect useState used incorrectly (as useEffect)[39m
[31m     ΓåÆ ENOENT: no such file or directory, open 'C:\aissa\src\features\returns\ReturnsPage.tsx'[39m
[31m   [33mΓ¥»[31m tests/comprehensive.test.ts[2m > [22mPOS Page - ╪º┘ä╪¬╪¡┘é┘é ┘à┘å ╪╡┘ü╪¡╪⌐ ┘å┘é╪╖╪⌐ ╪º┘ä╪¿┘è╪╣[2m > [22mshould detect sale_type mismatch (container vs half_wholesale)[39m
[31m     ΓåÆ expected 'import { useState, useEffect, useCallΓÇª' to contain '\'container\''[39m
[31m   [33mΓ¥»[31m tests/comprehensive.test.ts[2m > [22mInvoice Number Generator - ╪º┘ä╪¬╪¡┘é┘é ┘à┘å ┘à┘ê┘ä╪» ╪ú╪▒┘é╪º┘à ╪º┘ä┘ü┘ê╪º╪¬┘è╪▒[2m > [22mshould detect that number_sequences table is not used[39m
[31m     ΓåÆ expected '/**\r\n * Sales IPC ΓÇö ┘à╪╣╪º┘ä╪¼╪⌐ ╪º┘ä┘à╪¿┘è╪╣╪º╪¬ΓÇª' to contain 'COUNT(*) as c FROM sales_invoices'[39m
[31m   [33mΓ¥»[31m tests/comprehensive.test.ts[2m > [22mInvoice Number Generator - ╪º┘ä╪¬╪¡┘é┘é ┘à┘å ┘à┘ê┘ä╪» ╪ú╪▒┘é╪º┘à ╪º┘ä┘ü┘ê╪º╪¬┘è╪▒[2m > [22mshould detect that purchases IPC also ignores number_sequences[39m
[31m     ΓåÆ expected '/**\r\n * Purchases IPC ΓÇö ┘à╪╣╪º┘ä╪¼╪⌐ ╪º┘ä┘à╪┤ΓÇª' to contain 'COUNT(*) as c FROM purchase_invoices'[39m
[31m   [33mΓ¥»[31m tests/comprehensive.test.ts[2m > [22mSupplier Statement - ╪º┘ä╪¬╪¡┘é┘é ┘à┘å ┘â╪┤┘ü ╪¡╪│╪º╪¿ ╪º┘ä┘à┘ê╪▒╪»[2m > [22mshould detect supplier statement is not connected in UI[39m
[31m     ΓåÆ expected '/**\n * SuppliersPage ΓÇö ╪╡┘ü╪¡╪⌐ ╪Ñ╪»╪º╪▒╪⌐ ╪º┘äΓÇª' to contain '╪│┘è╪¬┘à ┘ü╪¬╪¡ ┘â╪┤┘ü ╪¡╪│╪º╪¿ ╪º┘ä┘à┘ê╪▒╪» ┘é╪▒┘è╪¿╪º┘ï'[39m
[31m   [33mΓ¥»[31m tests/comprehensive.test.ts[2m > [22mSales Invoice INSERT - ╪º┘ä╪¬╪¡┘é┘é ┘à┘å INSERT ╪º┘ä┘ü╪º╪¬┘ê╪▒╪⌐[2m > [22mshould verify sales_invoices schema has global_discount_amount[39m
[31m     ΓåÆ expected '/**\n * NF_10 - Invoices Schema\n * ┘üΓÇª' not to contain '\'discount_amount\''[39m
[31m   [33mΓ¥»[31m tests/comprehensive.test.ts[2m > [22mPermissions Matrix - ╪º┘ä╪¬╪¡┘é┘é ┘à┘å ┘à╪╡┘ü┘ê┘ü╪⌐ ╪º┘ä╪╡┘ä╪º╪¡┘è╪º╪¬[2m > [22mshould verify all 5 roles are defined[39m
[31m     ΓåÆ expected '/**\n * useAuth hook ΓÇö convenience wrΓÇª' to contain '\'owner\''[39m
[31m   [33mΓ¥»[31m tests/comprehensive.test.ts[2m > [22mGap Analysis - ╪¬╪¡┘ä┘è┘ä ╪º┘ä┘å┘ê╪º┘é╪╡[2m > [22mshould detect missing supplier statement component[39m
[31m     ΓåÆ expected true to be false // Object.is equality[39m
[31m   [33mΓ¥»[31m tests/comprehensive.test.ts[2m > [22mFile Structure - ╪º┘ä╪¬╪¡┘é┘é ┘à┘å ┘ç┘è┘â┘ä ╪º┘ä┘à┘ä┘ü╪º╪¬[2m > [22mshould have all required feature pages[39m
[31m     ΓåÆ expected false to be true // Object.is equality[39m
[31m   [33mΓ¥»[31m tests/comprehensive.test.ts[2m > [22mFile Structure - ╪º┘ä╪¬╪¡┘é┘é ┘à┘å ┘ç┘è┘â┘ä ╪º┘ä┘à┘ä┘ü╪º╪¬[2m > [22mshould have all required IPC handlers[39m
[31m     ΓåÆ expected false to be true // Object.is equality[39m
[31m   [33mΓ¥»[31m tests/comprehensive.test.ts[2m > [22mReturns Page Bug - ╪«╪╖╪ú useState ╪¿╪»┘ä useEffect[2m > [22mshould detect useState used as useEffect (line 38)[39m
[31m     ΓåÆ ENOENT: no such file or directory, open 'C:\aissa\src\features\returns\ReturnsPage.tsx'[39m
[90mstdout[2m | tests/comprehensive.test.ts[2m > [22m[2mSummary Report - ╪º┘ä╪¬┘é╪▒┘è╪▒ ╪º┘ä┘å┘ç╪º╪ª┘è[2m > [22m[2mshould generate comprehensive test summary[22m[39m
ΓòÉΓòÉΓòÉΓòÉΓòÉΓòÉΓòÉΓòÉΓòÉΓòÉΓòÉΓòÉΓòÉΓòÉΓòÉΓòÉΓòÉΓòÉΓòÉΓòÉΓòÉΓòÉΓòÉΓòÉΓòÉΓòÉΓòÉΓòÉΓòÉΓòÉΓòÉΓòÉΓòÉΓòÉΓòÉΓòÉΓòÉΓòÉΓòÉΓòÉΓòÉΓòÉΓòÉΓòÉΓòÉΓòÉΓòÉΓòÉΓòÉΓòÉΓòÉΓòÉΓòÉΓòÉΓòÉ
  SPAREPARTSERP COMPREHENSIVE TEST SUMMARY
ΓòÉΓòÉΓòÉΓòÉΓòÉΓòÉΓòÉΓòÉΓòÉΓòÉΓòÉΓòÉΓòÉΓòÉΓòÉΓòÉΓòÉΓòÉΓòÉΓòÉΓòÉΓòÉΓòÉΓòÉΓòÉΓòÉΓòÉΓòÉΓòÉΓòÉΓòÉΓòÉΓòÉΓòÉΓòÉΓòÉΓòÉΓòÉΓòÉΓòÉΓòÉΓòÉΓòÉΓòÉΓòÉΓòÉΓòÉΓòÉΓòÉΓòÉΓòÉΓòÉΓòÉΓòÉΓòÉ
Total Test Sections: 35

Critical Bugs Found: 7
  1. cost_price column missing from products table
  2. settings.ipc.ts uses wrong table name (settings vs app_settings)
  3. vehicles.ipc.ts uses wrong column names throughout
  4. cash_box_id used in payments INSERT but column does not exist
  5. AdminPinModal calls non-existent db:users:verifyPin
  6. db:audit:log IPC handler does not exist
  7. sales.ipc.ts INSERT uses discount_amount instead of global_discount_amount

Missing Routes: 4
  1. /returns
  2. /cashbox
  3. /vehicles
  4. /finance

Missing Pages: 14
  1. UsersPage
  2. BatchesPage
  3. AuditPage
  4. BackupPage
  5. FinancePage
  6. SupplierStatement
  7. QuotationsPage
  8. PurchaseOrdersPage
  9. TransfersPage
  10. StockCountPage
  11. ChecksPage
  12. WarrantyPage
  13. LoyaltyPage
  14. NotificationsPage

Duplicate Files: 2
  1. src/utils/calculations.ts === src/shared/utils/calculations.ts
  2. src/shared/components/print/InvoicePrintTemplate.tsx === src/components/print/InvoicePrintTemplate.tsx
ΓòÉΓòÉΓòÉΓòÉΓòÉΓòÉΓòÉΓòÉΓòÉΓòÉΓòÉΓòÉΓòÉΓòÉΓòÉΓòÉΓòÉΓòÉΓòÉΓòÉΓòÉΓòÉΓòÉΓòÉΓòÉΓòÉΓòÉΓòÉΓòÉΓòÉΓòÉΓòÉΓòÉΓòÉΓòÉΓòÉΓòÉΓòÉΓòÉΓòÉΓòÉΓòÉΓòÉΓòÉΓòÉΓòÉΓòÉΓòÉΓòÉΓòÉΓòÉΓòÉΓòÉΓòÉΓòÉ


[31mΓÄ»ΓÄ»ΓÄ»ΓÄ»ΓÄ»ΓÄ»[1m[7m Failed Tests 27 [27m[22mΓÄ»ΓÄ»ΓÄ»ΓÄ»ΓÄ»ΓÄ»ΓÄ»[39m

[31m[1m[7m FAIL [27m[22m[39m tests/comprehensive.test.ts[2m > [22mFinancial Calculations - ╪º┘ä╪¡╪│╪º╪¿╪º╪¬ 
╪º┘ä┘à╪º┘ä┘è╪⌐[2m > [22mroundTo2()[2m > [22mshould round negative numbers
[31m[1mAssertionError[22m: expected -12.34 to be -12.35 // Object.is equality[39m

[32m- Expected[39m
[31m+ Received[39m

[32m- -12.35[39m
[31m+ -12.34[39m

[36m [2mΓ¥»[22m tests/comprehensive.test.ts:[2m39:33[22m[39m
    [90m 37| [39m    })[33m;[39m
    [90m 38| [39m    [34mit[39m([32m'should round negative numbers'[39m[33m,[39m () [33m=>[39m {
    [90m 39| [39m      [34mexpect[39m([34mroundTo2[39m([33m-[39m[34m12.345[39m))[33m.[39m[34mtoBe[39m([3
3m-[39m[34m12.35[39m)[33m;[39m
    [90m   | [39m                                [31m^[39m
    [90m 40| [39m    })[33m;[39m
    [90m 41| [39m    [34mit[39m([32m'should handle zero'[39m[33m,[39m () [33m=>[39m {

[31m[2mΓÄ»ΓÄ»ΓÄ»ΓÄ»ΓÄ»ΓÄ»ΓÄ»ΓÄ»ΓÄ»ΓÄ»ΓÄ»ΓÄ»ΓÄ»ΓÄ»ΓÄ»ΓÄ»ΓÄ»ΓÄ»ΓÄ»ΓÄ»ΓÄ»ΓÄ»ΓÄ»[1/27]ΓÄ»[22m[39m

[31m[1m[7m FAIL [27m[22m[39m tests/comprehensive.test.ts[2m > [22mCode Duplication - ╪º┘â╪¬╪┤╪º┘ü 
╪º╪▓╪»┘ê╪º╪¼┘è╪⌐ ╪º┘ä┘â┘ê╪»[2m > [22mshould detect duplicate InvoicePrintTemplate files
[31m[1mAssertionError[22m: expected 'import React from \'react\';\n\ninterΓÇª' to be 'import React from 
\'react\';\n\ninterΓÇª' // Object.is equality[39m

[32m- Expected[39m
[31m+ Received[39m

[2m  import React from 'react';[22m

[2m  interface Props {[22m
[2m    invoice: any;[22m
[2m    settings: any;[22m
[2m  }[22m

[2m  export const InvoicePrintTemplate = React.forwardRef<HTMLDivElement, Props>(({ invoice, settings }, ref) => 
{[22m
[2m    if (!invoice) return null;[22m

[2m    return ([22m
[2m      <div ref={ref} className="p-8 text-black bg-white w-[210mm] min-h-[297mm] font-sans" dir="rtl">[22m
[2m        {/* Header */}[22m
[2m        <div className="flex justify-between items-start border-b-2 border-gray-900 pb-6 mb-8">[22m
[2m          <div>[22m
[2m            <h1 className="text-4xl font-black uppercase tracking-tighter text-gray-900">{settings?.companyName || 
'┘à╪ñ╪│╪│╪⌐ ┘ü╪º╪▒┘ê┘é ╪º┘ä╪¬╪¼╪º╪▒┘è╪⌐'}</h1>[22m
[2m            <p className="text-sm mt-1">{settings?.address || '╪º┘ä╪¼╪▓╪º╪ª╪▒╪î ╪º┘ä╪¼╪▓╪º╪ª╪▒ 
╪º┘ä╪╣╪º╪╡┘à╪⌐'}</p>[22m
[2m            <p className="text-sm">{settings?.phone || '0555 00 00 00'}</p>[22m
[2m          </div>[22m
[2m          <div className="text-left" dir="ltr">[22m
[2m            <div className="bg-gray-900 text-white px-4 py-1 font-bold text-xl mb-2">INVOICE</div>[22m
[2m            <p className="text-sm font-bold"># {invoice.invoice_number}</p>[22m
[2m            <p className="text-sm">{invoice.date}</p>[22m
[2m          </div>[22m
[2m        </div>[22m

[2m        {/* Bill To */}[22m
[2m        <div className="grid grid-cols-2 gap-8 mb-10">[22m
[2m          <div>[22m
[2m            <h3 className="text-xs font-bold text-gray-500 uppercase mb-2">┘ü╪º╪¬┘ê╪▒╪⌐ ╪Ñ┘ä┘ë:</h3>[22m
[2m            <p className="text-lg font-bold">{invoice.customer_name || '╪▓╪¿┘ê┘å ┘å┘é╪»┘è'}</p>[22m
[2m            {invoice.customer_phone && <p className="text-sm">{invoice.customer_phone}</p>}[22m
[2m          </div>[22m
[2m          <div className="text-left" dir="rtl">[22m
[2m            <h3 className="text-xs font-bold text-gray-500 uppercase mb-2">┘à╪╣┘ä┘ê┘à╪º╪¬ ╪º┘ä╪»┘ü╪╣:</h3>[22m
[2m            <p className="text-sm">╪╖╪▒┘è┘é╪⌐ ╪º┘ä╪»┘ü╪╣: <span className="font-bold">{invoice.payment_method === 
'cash' ? '┘å┘é╪»╪º┘ï' : '╪¬╪¡┘ê┘è┘ä ╪¿┘å┘â┘è'}</span></p>[22m
[32m-           <p className="text-sm">╪º┘ä╪¡╪º┘ä╪⌐: <span className="font-bold uppercase">{invoice.status === 
'confirmed' ? '┘à╪ñ┘â╪»╪⌐' : '┘à╪│┘ê╪»╪⌐'}</span></p>[39m
[31m+           <p className="text-sm">╪º┘ä╪¡╪º┘ä╪⌐: <span className="font-bold uppercase">{invoice.paid >= 
invoice.total ? '┘à╪»┘ü┘ê╪╣' : invoice.paid > 0 ? '╪»┘ü╪╣ ╪¼╪▓╪ª┘è' : '╪║┘è╪▒ ┘à╪»┘ü┘ê╪╣'}</span></p>[39m
[2m          </div>[22m
[2m        </div>[22m

[2m        {/* Items Table */}[22m
[2m        <table className="w-full mb-10">[22m
[2m          <thead>[22m
[2m            <tr className="bg-gray-100 text-gray-700 text-sm font-bold border-y border-gray-300">[22m
[2m              <th className="py-3 px-4 text-right">╪º┘ä┘à┘å╪¬╪¼</th>[22m
[2m              <th className="py-3 px-4 text-center">╪º┘ä┘â┘à┘è╪⌐</th>[22m
[2m              <th className="py-3 px-4 text-center">╪│╪╣╪▒ ╪º┘ä┘ê╪¡╪»╪⌐</th>[22m
[2m              <th className="py-3 px-4 text-left">╪º┘ä┘à╪¼┘à┘ê╪╣</th>[22m
[2m            </tr>[22m
[2m          </thead>[22m
[2m          <tbody className="divide-y divide-gray-200">[22m
[2m            {invoice.items?.map((item: any, i: number) => ([22m
[2m              <tr key={i} className="text-sm">[22m
[2m                <td className="py-4 px-4 font-bold">{item.product_name_snapshot}</td>[22m
[2m                <td className="py-4 px-4 text-center">{item.quantity} {item.unit}</td>[22m
[2m                <td className="py-4 px-4 text-center">{item.unit_price.toFixed(2)}</td>[22m
[2m                <td className="py-4 px-4 text-left font-bold">{item.total.toFixed(2)}</td>[22m
[2m              </tr>[22m
[2m            ))}[22m
[2m          </tbody>[22m
[2m        </table>[22m

[2m        {/* Totals */}[22m
[2m        <div className="flex justify-end">[22m
[2m          <div className="w-64 space-y-2">[22m
[2m            <div className="flex justify-between text-sm">[22m
[2m              <span>╪º┘ä┘à╪¼┘à┘ê╪╣ ╪º┘ä┘ü╪▒╪╣┘è:</span>[22m
[2m              <span>{invoice.subtotal.toFixed(2)} ╪».╪¼</span>[22m
[2m            </div>[22m
[2m            {invoice.tax_amount > 0 && ([22m
[2m              <div className="flex justify-between text-sm">[22m
[2m                <span>╪º┘ä╪╢╪▒┘è╪¿╪⌐ ({invoice.tax_percent}%):</span>[22m
[2m                <span>{invoice.tax_amount.toFixed(2)} ╪».╪¼</span>[22m
[2m              </div>[22m
[2m            )}[22m
[2m            <div className="flex justify-between text-xl font-black border-t-2 border-gray-900 pt-2">[22m
[2m              <span>╪º┘ä╪Ñ╪¼┘à╪º┘ä┘è:</span>[22m
[2m              <span>{invoice.total.toFixed(2)} ╪».╪¼</span>[22m
[2m            </div>[22m
[2m            <div className="flex justify-between text-sm text-gray-600">[22m
[2m              <span>╪º┘ä┘à╪»┘ü┘ê╪╣:</span>[22m
[2m              <span>{invoice.paid.toFixed(2)} ╪».╪¼</span>[22m
[2m            </div>[22m
[2m            <div className="flex justify-between text-sm font-bold">[22m
[2m              <span>╪º┘ä┘à╪¬╪¿┘é┘è:</span>[22m
[2m              <span>{invoice.remaining.toFixed(2)} ╪».╪¼</span>[22m
[2m            </div>[22m
[2m          </div>[22m
[2m        </div>[22m

[2m        {/* Footer */}[22m
[2m        <div className="mt-20 border-t border-gray-200 pt-6 text-center text-xs text-gray-500">[22m
[2m          <p>╪┤┘â╪▒╪º┘ï ┘ä╪¬╪╣╪º┘à┘ä┘â┘à ┘à╪╣┘å╪º. ╪º┘ä╪¿╪╢╪º╪╣╪⌐ ╪º┘ä┘à╪¿╪º╪╣╪⌐ ┘ä╪º ╪¬╪▒╪» ┘ê┘ä╪º ╪¬╪│╪¬╪¿╪»┘ä 
╪¿╪╣╪» 24 ╪│╪º╪╣╪⌐.</p>[22m
[2m          <p className="mt-2 font-mono" dir="ltr">Powered by Farouk ERP ΓÇó v1.0.0</p>[22m
[2m        </div>[22m
[2m      </div>[22m
[2m    );[22m
[2m  });[22m


[36m [2mΓ¥»[22m tests/comprehensive.test.ts:[2m502:24[22m[39m
    [90m500| [39m      [35mconst[39m content1 [33m=[39m [34mreadFileSync[39m(file1[33m,[39m 
[32m'utf-8'[39m)[33m;[39m
    [90m501| [39m      [35mconst[39m content2 [33m=[39m [34mreadFileSync[39m(file2[33m,[39m 
[32m'utf-8'[39m)[33m;[39m
    [90m502| [39m      [34mexpect[39m(content1)[33m.[39m[34mtoBe[39m(content2)[33m;[39m [90m// They ARE 
identical - this is[39mΓÇª
    [90m   | [39m                       [31m^[39m
    [90m503| [39m    }
    [90m504| [39m  })[33m;[39m

[31m[2mΓÄ»ΓÄ»ΓÄ»ΓÄ»ΓÄ»ΓÄ»ΓÄ»ΓÄ»ΓÄ»ΓÄ»ΓÄ»ΓÄ»ΓÄ»ΓÄ»ΓÄ»ΓÄ»ΓÄ»ΓÄ»ΓÄ»ΓÄ»ΓÄ»ΓÄ»ΓÄ»[2/27]ΓÄ»[22m[39m

[31m[1m[7m FAIL [27m[22m[39m tests/comprehensive.test.ts[2m > [22mDatabase Schema Validation - ╪º┘ä╪¬╪¡┘é┘é 
┘à┘å Schema ┘é╪º╪╣╪»╪⌐ ╪º┘ä╪¿┘è╪º┘å╪º╪¬[2m > [22mshould verify all schema files exist
[31m[1mAssertionError[22m: expected false to be true // Object.is equality[39m

[32m- Expected[39m
[31m+ Received[39m

[32m- true[39m
[31m+ false[39m

[36m [2mΓ¥»[22m tests/comprehensive.test.ts:[2m531:32[22m[39m
    [90m529| [39m    schemaFiles[33m.[39m[34mforEach[39m((file) [33m=>[39m {
    [90m530| [39m      [35mconst[39m path [33m=[39m [34mjoin[39m([34mdirname[39m(__dirname)[33m,[39m 
[32m'database'[39m[33m,[39m [32m'schema'[39m[33m,[39m fileΓÇª
    [90m531| [39m      
[34mexpect[39m([34mexistsSync[39m(path))[33m.[39m[34mtoBe[39m([35mtrue[39m)[33m;[39m
    [90m   | [39m                               [31m^[39m
    [90m532| [39m    })[33m;[39m
    [90m533| [39m  })[33m;[39m
[90m [2mΓ¥»[22m tests/comprehensive.test.ts:[2m529:17[22m[39m

[31m[2mΓÄ»ΓÄ»ΓÄ»ΓÄ»ΓÄ»ΓÄ»ΓÄ»ΓÄ»ΓÄ»ΓÄ»ΓÄ»ΓÄ»ΓÄ»ΓÄ»ΓÄ»ΓÄ»ΓÄ»ΓÄ»ΓÄ»ΓÄ»ΓÄ»ΓÄ»ΓÄ»[3/27]ΓÄ»[22m[39m

[31m[1m[7m FAIL [27m[22m[39m tests/comprehensive.test.ts[2m > [22mDatabase Schema Validation - ╪º┘ä╪¬╪¡┘é┘é 
┘à┘å Schema ┘é╪º╪╣╪»╪⌐ ╪º┘ä╪¿┘è╪º┘å╪º╪¬[2m > [22mshould verify schema index exports all tables
[31m[1mAssertionError[22m: expected '/**\n * Database Schema Index\n * ╪¬╪╡╪»ΓÇª' to contain 'salesReturns'[39m

[32m- Expected[39m
[31m+ Received[39m

[32m- salesReturns[39m
[31m+ /**[39m
[31m+  * Database Schema Index[39m
[31m+  * ╪¬╪╡╪»┘è╪▒ ┘â┘ä ╪º┘ä╪¼╪»╪º┘ê┘ä ┘à┘å ┘à┘ä┘ü ┘ê╪º╪¡╪»[39m
[31m+  */[39m
[31m+[39m
[31m+ // NF_01: Users[39m
[31m+ export { users } from './users.schema';[39m
[31m+[39m
[31m+ // NF_02: App Settings[39m
[31m+ export { appSettings } from './app_settings.schema';[39m
[31m+[39m
[31m+ // NF_03: Locations[39m
[31m+ export { locations } from './locations.schema';[39m
[31m+[39m
[31m+ // NF_04: Units[39m
[31m+ export { units } from './units.schema';[39m
[31m+[39m
[31m+ // NF_05: Categories[39m
[31m+ export { categories } from './categories.schema';[39m
[31m+[39m
[31m+ // NF_06: Brands[39m
[31m+ export { brands } from './brands.schema';[39m
[31m+[39m
[31m+ // NF_07: Vehicles[39m
[31m+ export { vehicleBrands, vehicleModels } from './vehicles.schema';[39m
[31m+[39m
[31m+ // NF_08: Products[39m
[31m+ export { products, productBarcodes, productFitments } from './products.schema';[39m
[31m+[39m
[31m+ // NF_09: Inventory[39m
[31m+ export { productBatches, stockBalances, stockMovements } from './inventory.schema';[39m
[31m+[39m
[31m+ // NF_10: Invoices[39m
[31m+ export { salesInvoices, salesInvoiceItems, purchaseInvoices, purchaseInvoiceItems } from 
'./invoices.schema';[39m
[31m+[39m
[31m+ // NF_12: Finance[39m
[31m+ export { customers, suppliers, payments, cashBoxes, cashTransactions, cashClosings, expenses } from 
'./finance.schema';[39m
[31m+[39m
[31m+ // NF_13: System[39m
[31m+ export { numberSequences, priceHistory, auditLog, backupLog } from './system.schema';[39m
[31m+[39m
[31m+ // NF_15: Accounting Engine[39m
[31m+ export { accounts, costCenters, journalEntries, journalEntryLines } from './accounting.schema';[39m
[31m+[39m

[36m [2mΓ¥»[22m tests/comprehensive.test.ts:[2m576:23[22m[39m
    [90m574| [39m
    [90m575| [39m    expectedExports[33m.[39m[34mforEach[39m((exp) [33m=>[39m {
    [90m576| [39m      [34mexpect[39m(content)[33m.[39m[34mtoContain[39m(exp)[33m;[39m
    [90m   | [39m                      [31m^[39m
    [90m577| [39m    })[33m;[39m
    [90m578| [39m  })[33m;[39m
[90m [2mΓ¥»[22m tests/comprehensive.test.ts:[2m575:21[22m[39m

[31m[2mΓÄ»ΓÄ»ΓÄ»ΓÄ»ΓÄ»ΓÄ»ΓÄ»ΓÄ»ΓÄ»ΓÄ»ΓÄ»ΓÄ»ΓÄ»ΓÄ»ΓÄ»ΓÄ»ΓÄ»ΓÄ»ΓÄ»ΓÄ»ΓÄ»ΓÄ»ΓÄ»[4/27]ΓÄ»[22m[39m

[31m[1m[7m FAIL [27m[22m[39m tests/comprehensive.test.ts[2m > [22mDatabase Schema Validation - ╪º┘ä╪¬╪¡┘é┘é 
┘à┘å Schema ┘é╪º╪╣╪»╪⌐ ╪º┘ä╪¿┘è╪º┘å╪º╪¬[2m > [22mshould verify sales_invoices has all required columns
[31m[1mAssertionError[22m: expected '\n  id: integer(\'id\').primaryKey({ ΓÇª' to contain 'invoice_number'[39m

[32m- Expected[39m
[31m+ Received[39m

[32m- invoice_number[39m
[31m+[39m
[31m+   id: integer('id').primaryKey({ autoIncrement: true [39m

[36m [2mΓ¥»[22m tests/comprehensive.test.ts:[2m634:31[22m[39m
    [90m632| [39m    [35mif[39m (salesMatch) {
    [90m633| [39m      requiredColumns[33m.[39m[34mforEach[39m((col) [33m=>[39m {
    [90m634| [39m        [34mexpect[39m(salesMatch[[34m1[39m])[33m.[39m[34mtoContain[39m(col)[33m;[39m
    [90m   | [39m                              [31m^[39m
    [90m635| [39m      })[33m;[39m
    [90m636| [39m    }
[90m [2mΓ¥»[22m tests/comprehensive.test.ts:[2m633:23[22m[39m

[31m[2mΓÄ»ΓÄ»ΓÄ»ΓÄ»ΓÄ»ΓÄ»ΓÄ»ΓÄ»ΓÄ»ΓÄ»ΓÄ»ΓÄ»ΓÄ»ΓÄ»ΓÄ»ΓÄ»ΓÄ»ΓÄ»ΓÄ»ΓÄ»ΓÄ»ΓÄ»ΓÄ»[5/27]ΓÄ»[22m[39m

[31m[1m[7m FAIL [27m[22m[39m tests/comprehensive.test.ts[2m > [22mIPC Channel Registration - ╪º┘ä╪¬╪¡┘é┘é ┘à┘å 
╪¬╪│╪¼┘è┘ä ┘é┘å┘ê╪º╪¬ IPC[2m > [22mshould verify preload.ts allows all required channels
[31m[1mAssertionError[22m: expected '/**\n * CM_03 - Preload Script\n * IPΓÇª' to contain 
'db:returns:sales:create'[39m

[32m- Expected[39m
[31m+ Received[39m

[32m- db:returns:sales:create[39m
[31m+ /**[39m
[31m+  * CM_03 - Preload Script[39m
[31m+  * IPC channels ╪¿╪»┘ê┘å ╪ú┘è Supabase/Sync[39m
[31m+  */[39m
[31m+ import { contextBridge, ipcRenderer } from 'electron';[39m
[31m+[39m
[31m+ const ALLOWED_INVOKE_CHANNELS = [[39m
[31m+   // Auth[39m
[31m+   'auth:login', 'auth:logout', 'auth:checkSession', 'auth:changePassword',[39m
[31m+   // Products[39m
[31m+   'db:products:getAll', 'db:products:search', 'db:products:create', 'db:products:update', 'db:products:delete', 
'db:products:getById',[39m
[31m+   // Product Barcodes[39m
[31m+   'db:barcodes:getByProduct', 'db:barcodes:create', 'db:barcodes:delete',[39m
[31m+   // Categories[39m
[31m+   'db:categories:getAll', 'db:categories:create', 'db:categories:update', 'db:categories:delete',[39m
[31m+   // Brands[39m
[31m+   'db:brands:getAll', 'db:brands:create', 'db:brands:update', 'db:brands:delete',[39m
[31m+   // Units[39m
[31m+   'db:units:getAll', 'db:units:create', 'db:units:update', 'db:units:delete',[39m
[31m+   // Customers[39m
[31m+   'db:customers:getAll', 'db:customers:search', 'db:customers:create', 'db:customers:update', 
'db:customers:getStatement', 'db:customers:addPayment',[39m
[31m+   // Suppliers[39m
[31m+   'db:suppliers:getAll', 'db:suppliers:search', 'db:suppliers:create', 'db:suppliers:update', 
'db:suppliers:getStatement', 'db:suppliers:addPayment',[39m
[31m+   // Sales[39m
[31m+   'db:sales:getAll', 'db:sales:getById', 'db:sales:create', 'db:sales:cancel',[39m
[31m+   // Purchases[39m
[31m+   'db:purchases:getAll', 'db:purchases:getById', 'db:purchases:create', 'db:purchases:cancel',[39m
[31m+   // Inventory[39m
[31m+   'db:inventory:getStock', 'db:inventory:getMovements', 'db:inventory:adjustStock', 
'db:inventory:markDefective', 'db:inventory:getProductSuppliers',[39m
[31m+   // Batches[39m
[31m+   'db:batches:getByProduct', 'db:batches:getExpiring',[39m
[31m+   // Vehicles & Fitments[39m
[31m+   'db:vehicles:getBrands', 'db:vehicles:createBrand', 'db:vehicles:updateBrand', 'db:vehicles:deleteBrand',[39m
[31m+   'db:vehicles:getModels', 'db:vehicles:createModel', 'db:vehicles:updateModel', 'db:vehicles:deleteModel',[39m
[31m+   'db:fitments:getByProduct', 'db:fitments:create', 'db:fitments:delete',[39m
[31m+   'db:fitments:toggleForProduct', 'db:fitments:suggestForProduct',[39m
[31m+   // Advanced Search[39m
[31m+   'db:products:advancedSearch',[39m
[31m+   // Payments[39m
[31m+   'db:payments:create', 'db:payments:getList',[39m
[31m+   // Expenses[39m
[31m+   'db:expenses:create', 'db:expenses:getList', 'db:expenses:delete',[39m
[31m+   // Finance[39m
[31m+   'db:finance:getSummary',[39m
[31m+   // Reports[39m
[31m+   'db:reports:getDailySales', 'db:reports:getProfitLoss', 'db:reports:getTrialBalance',[39m
[31m+   'db:reports:getCustomerStatement', 'db:reports:getSupplierStatement',[39m
[31m+   'db:reports:getExpiringBatches', 'db:reports:getStockValuation',[39m
[31m+   // Dashboard[39m
[31m+   'db:dashboard:summary', 'db:dashboard:lowStock', 'db:dashboard:todayInvoices', 
'db:dashboard:expiringBatches',[39m
[31m+   // Locations[39m
[31m+   'db:locations:getAll',[39m
[31m+   // Settings[39m
[31m+   'db:settings:getAll', 'db:settings:update',[39m
[31m+   // Audit[39m
[31m+   'db:audit:getRecent',[39m
[31m+   // Accounting Engine[39m
[31m+   'accounting:getClosingDate', 'accounting:lockPeriod', 'accounting:unlockPeriod', 'accounting:yearClose',[39m
[31m+   'accounting:getBalanceSheet', 'accounting:getIncomeStatement', 'accounting:getCashFlow',[39m
[31m+   'accounting:getAgingReport', 'accounting:getChartOfAccounts', 'accounting:checkPermission',[39m
[31m+   'accounting:getFinancialOverview', 'accounting:getProfitAndLoss', 'accounting:getJournalEntry', 
'accounting:getSimpleReports',[39m
[31m+   'audit:log', 'audit:getLog',[39m
[31m+   'db:reports:getGeneralLedger',[39m
[31m+   // Backup[39m
[31m+   'backup:create', 'backup:restore', 'backup:list',[39m
[31m+   // Users[39m
[31m+   'db:users:getAll', 'db:users:create', 'db:users:update', 'db:users:resetPassword', 'db:users:verifyPin',[39m
[31m+   // Print[39m
[31m+   'print:html', 'print:getPrinters',[39m
[31m+   // Shell (External browser)[39m
[31m+   'shell:openExternal',[39m
[31m+   // Window[39m
[31m+   'window:minimize', 'window:maximize', 'window:close',[39m
[31m+ ];[39m
[31m+[39m
[31m+ contextBridge.exposeInMainWorld('electronAPI', {[39m
[31m+   invoke: (channel: string, ...args: any[]) => {[39m
[31m+     if (ALLOWED_INVOKE_CHANNELS.includes(channel)) {[39m
[31m+       return ipcRenderer.invoke(channel, ...args);[39m
[31m+     }[39m
[31m+     console.warn(`[Preload] Blocked channel: ${channel}`);[39m
[31m+     return Promise.reject(new Error(`Channel not allowed: ${channel}`));[39m
[31m+   },[39m
[31m+   on: (channel: string, callback: (...args: any[]) => void) => {[39m
[31m+     ipcRenderer.on(channel, (_event, ...args) => callback(...args));[39m
[31m+   },[39m
[31m+   removeAllListeners: (channel: string) => {[39m
[31m+     ipcRenderer.removeAllListeners(channel);[39m
[31m+   },[39m
[31m+ });[39m
[31m+[39m

[36m [2mΓ¥»[22m tests/comprehensive.test.ts:[2m689:23[22m[39m
    [90m687| [39m
    [90m688| [39m    requiredChannels[33m.[39m[34mforEach[39m((channel) [33m=>[39m {
    [90m689| [39m      [34mexpect[39m(content)[33m.[39m[34mtoContain[39m(channel)[33m;[39m
    [90m   | [39m                      [31m^[39m
    [90m690| [39m    })[33m;[39m
    [90m691| [39m  })[33m;[39m
[90m [2mΓ¥»[22m tests/comprehensive.test.ts:[2m688:22[22m[39m

[31m[2mΓÄ»ΓÄ»ΓÄ»ΓÄ»ΓÄ»ΓÄ»ΓÄ»ΓÄ»ΓÄ»ΓÄ»ΓÄ»ΓÄ»ΓÄ»ΓÄ»ΓÄ»ΓÄ»ΓÄ»ΓÄ»ΓÄ»ΓÄ»ΓÄ»ΓÄ»ΓÄ»[6/27]ΓÄ»[22m[39m

[31m[1m[7m FAIL [27m[22m[39m tests/comprehensive.test.ts[2m > [22mIPC Channel Registration - ╪º┘ä╪¬╪¡┘é┘é ┘à┘å 
╪¬╪│╪¼┘è┘ä ┘é┘å┘ê╪º╪¬ IPC[2m > [22mshould verify all IPC handlers in preload are registered in main.ts
[31m[1mAssertionError[22m: expected '/**\n * Electron Main Process ΓÇö SpareΓÇª' to contain 'returns.ipc'[39m

[32m- Expected[39m
[31m+ Received[39m

[32m- returns.ipc[39m
[31m+ /**[39m
[31m+  * Electron Main Process ΓÇö SparePartsERP[39m
[31m+  * ╪¿╪»┘ê┘å ╪ú┘è Supabase ╪ú┘ê Sync[39m
[31m+  */[39m
[31m+ import { app, BrowserWindow, ipcMain, shell } from 'electron';[39m
[31m+ import path from 'path';[39m
[31m+ import { DatabaseService } from './services/database.service';[39m
[31m+ import { AuthService } from './services/auth.service';[39m
[31m+[39m
[31m+ // IPC Modules[39m
[31m+ import { registerProductsIPC } from './ipc/products.ipc';[39m
[31m+ import { registerDashboardIPC } from './ipc/dashboard.ipc';[39m
[31m+ import { registerCatalogIPC } from './ipc/catalog.ipc';[39m
[31m+ import { registerPartiesIPC } from './ipc/parties.ipc';[39m
[31m+ import { registerUsersIPC } from './ipc/users.ipc';[39m
[31m+ import { registerSalesIPC } from './ipc/sales.ipc';[39m
[31m+ import { registerPurchasesIPC } from './ipc/purchases.ipc';[39m
[31m+ import { registerBatchesIPC } from './ipc/batches.ipc';[39m
[31m+ import { registerVehiclesIPC } from './ipc/vehicles.ipc';[39m
[31m+ import { registerExpensesIPC } from './ipc/expenses.ipc';[39m
[31m+ import { registerReportsIPC } from './ipc/reports.ipc';[39m
[31m+ import { registerSettingsIPC } from './ipc/settings.ipc';[39m
[31m+ import { registerPrintIPC } from './ipc/print.ipc';[39m
[31m+ import { registerInventoryIPC } from './ipc/inventory.ipc';[39m
[31m+ import { registerAccountingIPC } from './ipc/accounting.ipc';[39m
[31m+[39m
[31m+ let mainWindow: BrowserWindow | null = null;[39m
[31m+[39m
[31m+ function createWindow() {[39m
[31m+   mainWindow = new BrowserWindow({[39m
[31m+     width: 1400,[39m
[31m+     height: 900,[39m
[31m+     minWidth: 1200,[39m
[31m+     minHeight: 700,[39m
[31m+     frame: false,[39m
[31m+     transparent: true,[39m
[31m+     backgroundColor: '#00000000',[39m
[31m+     hasShadow: false,[39m
[31m+     webPreferences: {[39m
[31m+       preload: path.join(__dirname, 'preload.js'),[39m
[31m+       sandbox: true,[39m
[31m+       contextIsolation: true,[39m
[31m+       nodeIntegration: false,[39m
[31m+     },[39m
[31m+     icon: path.join(__dirname, '../resources/icon.ico'),[39m
[31m+   });[39m
[31m+[39m
[31m+   // Dev or Production[39m
[31m+   if (process.env.VITE_DEV_SERVER_URL) {[39m
[31m+     mainWindow.loadURL(process.env.VITE_DEV_SERVER_URL);[39m
[31m+     mainWindow.webContents.openDevTools({ mode: 'detach' });[39m
[31m+   } else {[39m
[31m+     mainWindow.loadFile(path.join(__dirname, '../renderer/index.html'));[39m
[31m+   }[39m
[31m+[39m
[31m+   mainWindow.on('closed', () => {[39m
[31m+     mainWindow = null;[39m
[31m+   });[39m
[31m+ }[39m
[31m+[39m
[31m+ // ΓöÇΓöÇ Window Controls ΓöÇΓöÇΓöÇΓöÇΓöÇΓöÇΓöÇΓöÇΓöÇΓöÇΓöÇΓöÇΓöÇΓöÇΓöÇΓöÇΓöÇΓöÇΓöÇΓöÇΓöÇΓöÇΓöÇΓöÇΓöÇΓöÇΓöÇΓöÇΓö
ÇΓöÇΓöÇΓöÇΓöÇΓöÇΓöÇΓöÇΓöÇΓöÇΓöÇΓöÇΓöÇ[39m
[31m+ ipcMain.handle('window:minimize', () => mainWindow?.minimize());[39m
[31m+ ipcMain.handle('window:maximize', () => {[39m
[31m+   if (mainWindow?.isMaximized()) mainWindow.unmaximize();[39m
[31m+   else mainWindow?.maximize();[39m
[31m+ });[39m
[31m+ ipcMain.handle('window:close', () => mainWindow?.close());[39m
[31m+[39m
[31m+ // ΓöÇΓöÇ Shell (Open external browser) 
ΓöÇΓöÇΓöÇΓöÇΓöÇΓöÇΓöÇΓöÇΓöÇΓöÇΓöÇΓöÇΓöÇΓöÇΓöÇΓöÇΓöÇΓöÇΓöÇΓöÇΓöÇΓöÇΓöÇΓöÇΓöÇΓöÇΓöÇ[39m
[31m+ ipcMain.handle('shell:openExternal', async (_e, url: string) => {[39m
[31m+   // Security: only allow https URLs[39m
[31m+   if (typeof url === 'string' && url.startsWith('https://')) {[39m
[31m+     await shell.openExternal(url);[39m
[31m+     return { success: true };[39m
[31m+   }[39m
[31m+   return { success: false, error: 'URL must start with https://' };[39m
[31m+ });[39m
[31m+[39m
[31m+ // ΓöÇΓöÇ Auth IPC ΓöÇΓöÇΓöÇΓöÇΓöÇΓöÇΓöÇΓöÇΓöÇΓöÇΓöÇΓöÇΓöÇΓöÇΓöÇΓöÇΓöÇΓöÇΓöÇΓöÇΓöÇΓöÇΓöÇΓöÇΓöÇΓöÇΓöÇΓöÇΓöÇΓöÇΓöÇ
ΓöÇΓöÇΓöÇΓöÇΓöÇΓöÇΓöÇΓöÇΓöÇΓöÇΓöÇΓöÇΓöÇΓöÇΓöÇΓöÇΓöÇ[39m
[31m+ ipcMain.handle('auth:login', async (_e, username: string, password: string) => {[39m
[31m+   return AuthService.authenticate(username, password);[39m
[31m+ });[39m
[31m+ ipcMain.handle('auth:logout', async () => {[39m
[31m+   return AuthService.logout();[39m
[31m+ });[39m
[31m+ ipcMain.handle('auth:checkSession', async () => {[39m
[31m+   return AuthService.checkSession();[39m
[31m+ });[39m
[31m+ ipcMain.handle('auth:changePassword', async (_e, userId: number, oldPw: string, newPw: string) => {[39m
[31m+   return AuthService.changePassword(userId, oldPw, newPw);[39m
[31m+ });[39m
[31m+[39m
[31m+ // ΓöÇΓöÇ Register All IPC Modules 
ΓöÇΓöÇΓöÇΓöÇΓöÇΓöÇΓöÇΓöÇΓöÇΓöÇΓöÇΓöÇΓöÇΓöÇΓöÇΓöÇΓöÇΓöÇΓöÇΓöÇΓöÇΓöÇΓöÇΓöÇΓöÇΓöÇΓöÇΓöÇΓöÇΓöÇΓöÇΓöÇ[39m
[31m+ function registerAllIPC() {[39m
[31m+   registerProductsIPC();[39m
[31m+   registerDashboardIPC();[39m
[31m+   registerCatalogIPC();[39m
[31m+   registerPartiesIPC();[39m
[31m+   registerUsersIPC();[39m
[31m+   registerSalesIPC();[39m
[31m+   registerPurchasesIPC();[39m
[31m+   registerBatchesIPC();[39m
[31m+   registerVehiclesIPC();[39m
[31m+   registerExpensesIPC();[39m
[31m+   registerReportsIPC();[39m
[31m+   registerInventoryIPC();[39m
[31m+   registerSettingsIPC();[39m
[31m+   registerPrintIPC();[39m
[31m+   registerAccountingIPC();[39m
[31m+   console.log('[Main] All IPC modules registered');[39m
[31m+ }[39m
[31m+[39m
[31m+ // App Lifecycle[39m
[31m+ app.whenReady().then(() => {[39m
[31m+   // Initialize database first[39m
[31m+   DatabaseService.initialize();[39m
[31m+   console.log('[Main] Database initialized');[39m
[31m+[39m
[31m+   // Register IPC handlers[39m
[31m+   registerAllIPC();[39m
[31m+[39m
[31m+   createWindow();[39m
[31m+[39m
[31m+   app.on('activate', () => {[39m
[31m+     if (BrowserWindow.getAllWindows().length === 0) createWindow();[39m
[31m+   });[39m
[31m+ });[39m
[31m+[39m
[31m+ app.on('window-all-closed', () => {[39m
[31m+   DatabaseService.close();[39m
[31m+   if (process.platform !== 'darwin') app.quit();[39m
[31m+ });[39m
[31m+[39m

[36m [2mΓ¥»[22m tests/comprehensive.test.ts:[2m720:27[22m[39m
    [90m718| [39m
    [90m719| [39m    ipcModules[33m.[39m[34mforEach[39m((mod) [33m=>[39m {
    [90m720| [39m      [34mexpect[39m(mainContent)[33m.[39m[34mtoContain[39m(mod)[33m;[39m
    [90m   | [39m                          [31m^[39m
    [90m721| [39m    })[33m;[39m
    [90m722| [39m  })[33m;[39m
[90m [2mΓ¥»[22m tests/comprehensive.test.ts:[2m719:16[22m[39m

[31m[2mΓÄ»ΓÄ»ΓÄ»ΓÄ»ΓÄ»ΓÄ»ΓÄ»ΓÄ»ΓÄ»ΓÄ»ΓÄ»ΓÄ»ΓÄ»ΓÄ»ΓÄ»ΓÄ»ΓÄ»ΓÄ»ΓÄ»ΓÄ»ΓÄ»ΓÄ»ΓÄ»[7/27]ΓÄ»[22m[39m

[31m[1m[7m FAIL [27m[22m[39m tests/comprehensive.test.ts[2m > [22mIPC Channel Registration - ╪º┘ä╪¬╪¡┘é┘é ┘à┘å 
╪¬╪│╪¼┘è┘ä ┘é┘å┘ê╪º╪¬ IPC[2m > [22mshould detect MISSING IPC handlers (AdminPinModal uses verifyPin)
[31m[1mAssertionError[22m: expected '/**\n * Users IPC ΓÇö ╪Ñ╪»╪º╪▒╪⌐ ╪º┘ä┘à╪│╪¬╪«╪»┘à┘è┘å ΓÇª' not to contain 
'verifyPin'[39m

[32m- Expected[39m
[31m+ Received[39m

[32m- verifyPin[39m
[31m+ /**[39m
[31m+  * Users IPC ΓÇö ╪Ñ╪»╪º╪▒╪⌐ ╪º┘ä┘à╪│╪¬╪«╪»┘à┘è┘å (owner/manager ┘ü┘é╪╖)[39m
[31m+  */[39m
[31m+ import { ipcMain } from 'electron';[39m
[31m+ import bcrypt from 'bcryptjs';[39m
[31m+ import { DatabaseService } from '../services/database.service';[39m
[31m+[39m
[31m+ export function registerUsersIPC() {[39m
[31m+   const db = () => DatabaseService.getRawDb();[39m
[31m+[39m
[31m+   ipcMain.handle('db:users:getAll', async () => {[39m
[31m+     try {[39m
[31m+       const users = db().prepare(`[39m
[31m+         SELECT id, username, full_name, role, is_active, created_at, last_login[39m
[31m+         FROM users ORDER BY id ASC[39m
[31m+       `).all();[39m
[31m+       return { success: true, data: users };[39m
[31m+     } catch (e: any) { return { success: false, error: e.message }; }[39m
[31m+   });[39m
[31m+[39m
[31m+   ipcMain.handle('db:users:create', async (_e, data: {[39m
[31m+     username: string; password: string; full_name: string;[39m
[31m+     role: string; pin_code?: string;[39m
[31m+   }) => {[39m
[31m+     try {[39m
[31m+       const raw = db();[39m
[31m+       const exists: any = raw.prepare('SELECT id FROM users WHERE username = ?').get(data.username);[39m
[31m+       if (exists) return { success: false, error: '╪º╪│┘à ╪º┘ä┘à╪│╪¬╪«╪»┘à ┘à┘ê╪¼┘ê╪» ┘à╪│╪¿┘é╪º┘ï' };[39m
[31m+[39m
[31m+       const hash = bcrypt.hashSync(data.password, 12);[39m
[31m+       const result = raw.prepare(`[39m
[31m+         INSERT INTO users (username, password_hash, full_name, role, pin_code, is_active, created_at)[39m
[31m+         VALUES (?, ?, ?, ?, ?, 1, datetime('now'))[39m
[31m+       `).run(data.username, hash, data.full_name, data.role, data.pin_code || null);[39m
[31m+       return { success: true, id: result.lastInsertRowid };[39m
[31m+     } catch (e: any) { return { success: false, error: e.message }; }[39m
[31m+   });[39m
[31m+[39m
[31m+   ipcMain.handle('db:users:update', async (_e, id: number, data: Record<string, any>) => {[39m
[31m+     try {[39m
[31m+       const fields = ['full_name', 'role', 'pin_code', 'is_active'].filter(f => data[f] !== undefined);[39m
[31m+       if (!fields.length) return { success: false, error: '┘ä╪º ╪¬┘ê╪¼╪» ╪¬╪╣╪»┘è┘ä╪º╪¬' };[39m
[31m+       const set = fields.map(f => `${f} = ?`).join(', ');[39m
[31m+       db().prepare(`UPDATE users SET ${set} WHERE id = ?`).run(...fields.map(f => data[f]), id);[39m
[31m+       return { success: true };[39m
[31m+     } catch (e: any) { return { success: false, error: e.message }; }[39m
[31m+   });[39m
[31m+[39m
[31m+   ipcMain.handle('db:users:resetPassword', async (_e, userId: number, newPassword: string) => {[39m
[31m+     try {[39m
[31m+       const hash = bcrypt.hashSync(newPassword, 12);[39m
[31m+       db().prepare('UPDATE users SET password_hash = ? WHERE id = ?').run(hash, userId);[39m
[31m+       return { success: true };[39m
[31m+     } catch (e: any) { return { success: false, error: e.message }; }[39m
[31m+   });[39m
[31m+[39m
[31m+   // ΓöÇΓöÇ ╪º┘ä╪¬╪¡┘é┘é ┘à┘å ╪▒┘à╪▓ PIN ┘ä┘ä┘à╪»┘è╪▒ (┘ä┘ä╪╣┘à┘ä┘è╪º╪¬ ╪º┘ä╪¡╪│╪º╪│╪⌐) 
ΓöÇΓöÇΓöÇΓöÇΓöÇΓöÇΓöÇΓöÇΓöÇΓöÇΓöÇΓöÇΓöÇΓöÇΓöÇΓöÇΓöÇΓöÇ[39m
[31m+   ipcMain.handle('db:users:verifyPin', async (_e, pin: string) => {[39m
[31m+     try {[39m
[31m+       const user: any = db().prepare([39m
[31m+         "SELECT id, username, full_name, role FROM users WHERE pin_code = ? AND role IN ('owner', 'admin', 
'manager') AND is_active = 1"[39m
[31m+       ).get(pin);[39m
[31m+       [39m
[31m+       if (user) {[39m
[31m+         return { success: true, id: user.id, name: user.full_name, role: user.role };[39m
[31m+       }[39m
[31m+       return { success: false, error: '╪▒┘à╪▓ ╪º┘ä┘à╪»┘è╪▒ ╪║┘è╪▒ ╪╡╪¡┘è╪¡' };[39m
[31m+     } catch (e: any) { return { success: false, error: e.message }; }[39m
[31m+   });[39m
[31m+[39m
[31m+   console.log('[IPC] Users handlers registered');[39m
[31m+ }[39m
[31m+[39m

[36m [2mΓ¥»[22m tests/comprehensive.test.ts:[2m729:25[22m[39m
    [90m727| [39m
    [90m728| [39m    [90m// AdminPinModal calls db:users:verifyPin but it's not defined[39m
    [90m729| [39m    
[34mexpect[39m(content)[33m.[39mnot[33m.[39m[34mtoContain[39m([32m'verifyPin'[39m)[33m;[39m
    [90m   | [39m                        [31m^[39m
    [90m730| [39m  })[33m;[39m
    [90m731| [39m

[31m[2mΓÄ»ΓÄ»ΓÄ»ΓÄ»ΓÄ»ΓÄ»ΓÄ»ΓÄ»ΓÄ»ΓÄ»ΓÄ»ΓÄ»ΓÄ»ΓÄ»ΓÄ»ΓÄ»ΓÄ»ΓÄ»ΓÄ»ΓÄ»ΓÄ»ΓÄ»ΓÄ»[8/27]ΓÄ»[22m[39m

[31m[1m[7m FAIL [27m[22m[39m tests/comprehensive.test.ts[2m > [22mSettings Table Name - ╪º┘ä╪¬╪¡┘é┘é ┘à┘å 
╪º╪│┘à ╪¼╪»┘ê┘ä ╪º┘ä╪Ñ╪╣╪»╪º╪»╪º╪¬[2m > [22mshould detect table name mismatch in settings.ipc.ts
[31m[1mAssertionError[22m: expected '/**\n * Settings IPC ΓÇö ╪Ñ╪»╪º╪▒╪⌐ ╪Ñ╪╣╪»╪º╪»╪º╪¬ ΓÇª' to contain 'FROM 
settings'[39m

[32m- Expected[39m
[31m+ Received[39m

[32m- FROM settings[39m
[31m+ /**[39m
[31m+  * Settings IPC ΓÇö ╪Ñ╪»╪º╪▒╪⌐ ╪Ñ╪╣╪»╪º╪»╪º╪¬ ╪º┘ä┘å╪╕╪º┘à ┘ê┘à╪╣┘ä┘ê┘à╪º╪¬ ╪º┘ä┘à╪¡┘ä ┘ä┘ä╪╖╪¿╪º╪╣╪⌐[39m
[31m+  * ┘è╪╣┘à┘ä ┘à╪╣ ╪¼╪»┘ê┘ä app_settings (key/value)[39m
[31m+  */[39m
[31m+ import { ipcMain } from 'electron';[39m
[31m+ import { DatabaseService } from '../services/database.service';[39m
[31m+[39m
[31m+ export function registerSettingsIPC() {[39m
[31m+   const db = () => DatabaseService.getRawDb();[39m
[31m+[39m
[31m+   ipcMain.handle('db:settings:getAll', async () => {[39m
[31m+     try {[39m
[31m+       const settings = db().prepare('SELECT * FROM app_settings').all();[39m
[31m+       // ╪¬╪¡┘ê┘è┘ä ╪º┘ä┘à╪╡┘ü┘ê┘ü╪⌐ ╪Ñ┘ä┘ë ┘â╪º╪ª┘å ┘à┘ü╪¬╪º╪¡/┘é┘è┘à╪⌐ ┘ä╪¬╪│┘ç┘è┘ä ╪º┘ä╪º╪│╪¬╪«╪»╪º┘à ┘ü┘è 
╪º┘ä┘ê╪º╪¼┘ç╪⌐[39m
[31m+       const config: Record<string, string> = {};[39m
[31m+       for (const s of settings as any[]) {[39m
[31m+         config[s.key] = s.value;[39m
[31m+       }[39m
[31m+       return { success: true, data: config };[39m
[31m+     } catch (e: any) { return { success: false, error: e.message }; }[39m
[31m+   });[39m
[31m+[39m
[31m+   ipcMain.handle('db:settings:update', async (_e, data: Record<string, string>) => {[39m
[31m+     const raw = db();[39m
[31m+     const tx = raw.transaction(() => {[39m
[31m+       const checkStmt = raw.prepare('SELECT count(*) as c FROM app_settings WHERE key = ?');[39m
[31m+       const insertStmt = raw.prepare("INSERT INTO app_settings (key, value, type, updated_at) VALUES (?, ?, 
'string', datetime('now'))");[39m
[31m+       const updateStmt = raw.prepare("UPDATE app_settings SET value = ?, updated_at = datetime('now') WHERE key 
= ?");[39m
[31m+[39m
[31m+       for (const [key, value] of Object.entries(data)) {[39m
[31m+         const countRes: any = checkStmt.get(key);[39m
[31m+         if (countRes.c > 0) {[39m
[31m+           updateStmt.run(value, key);[39m
[31m+         } else {[39m
[31m+           insertStmt.run(key, value);[39m
[31m+         }[39m
[31m+       }[39m
[31m+       return true;[39m
[31m+     });[39m
[31m+[39m
[31m+     try {[39m
[31m+       tx();[39m
[31m+       return { success: true };[39m
[31m+     } catch (e: any) { return { success: false, error: e.message }; }[39m
[31m+   });[39m
[31m+[39m
[31m+   console.log('[IPC] Settings handlers registered');[39m
[31m+ }[39m
[31m+[39m

[36m [2mΓ¥»[22m tests/comprehensive.test.ts:[2m761:21[22m[39m
    [90m759| [39m
    [90m760| [39m    [90m// settings.ipc.ts uses 'settings' but the actual table is 'app_se[39mΓÇª
    [90m761| [39m    [34mexpect[39m(content)[33m.[39m[34mtoContain[39m([32m"FROM settings"[39m)[33m;[39m 
[90m// This is WRONG[39m
    [90m   | [39m                    [31m^[39m
    [90m762| [39m    [34mexpect[39m(content)[33m.[39mnot[33m.[39m[34mtoContain[39m([32m"FROM 
app_settings"[39m)[33m;[39m [90m// Should be t[39mΓÇª
    [90m763| [39m  })[33m;[39m

[31m[2mΓÄ»ΓÄ»ΓÄ»ΓÄ»ΓÄ»ΓÄ»ΓÄ»ΓÄ»ΓÄ»ΓÄ»ΓÄ»ΓÄ»ΓÄ»ΓÄ»ΓÄ»ΓÄ»ΓÄ»ΓÄ»ΓÄ»ΓÄ»ΓÄ»ΓÄ»ΓÄ»[9/27]ΓÄ»[22m[39m

[31m[1m[7m FAIL [27m[22m[39m tests/comprehensive.test.ts[2m > [22mVehicles IPC Column Names - ╪º┘ä╪¬╪¡┘é┘é 
┘à┘å ╪ú╪│┘à╪º╪í ╪ú╪╣┘à╪»╪⌐ ╪º┘ä┘à╪▒┘â╪¿╪º╪¬[2m > [22mshould detect wrong column names in vehicles.ipc.ts
[31m[1mAssertionError[22m: expected '/**\n * Vehicles IPC ΓÇö ┘à╪╣╪º┘ä╪¼╪⌐ ┘à╪º╪▒┘â╪º╪¬ ΓÇª' to contain 
'year_start'[39m

[32m- Expected[39m
[31m+ Received[39m

[32m- year_start[39m
[31m+ /**[39m
[31m+  * Vehicles IPC ΓÇö ┘à╪╣╪º┘ä╪¼╪⌐ ┘à╪º╪▒┘â╪º╪¬ ╪º┘ä╪│┘è╪º╪▒╪º╪¬╪î ╪º┘ä┘à┘ê╪»┘è┘ä╪º╪¬╪î ┘ê╪▒╪¿╪╖┘ç╪º ╪¿╪º┘ä┘é╪╖╪╣ 
(Fitments)[39m
[31m+  * ╪ú╪│┘à╪º╪í ╪º┘ä╪ú╪╣┘à╪»╪⌐: vehicle_brand_id, vehicle_model_id, year_from, year_to[39m
[31m+  */[39m
[31m+ import { ipcMain } from 'electron';[39m
[31m+ import { DatabaseService } from '../services/database.service';[39m
[31m+[39m
[31m+ export function registerVehiclesIPC() {[39m
[31m+   const db = () => DatabaseService.getRawDb();[39m
[31m+[39m
[31m+   // ΓöÇΓöÇ Brands ΓöÇΓöÇΓöÇΓöÇΓöÇΓöÇΓöÇΓöÇΓöÇΓöÇΓöÇΓöÇΓöÇΓöÇΓöÇΓöÇΓöÇΓöÇΓöÇΓöÇΓöÇΓöÇΓöÇΓöÇΓöÇΓöÇΓöÇΓöÇΓöÇΓöÇΓöÇ
ΓöÇΓöÇΓöÇΓöÇΓöÇΓöÇΓöÇΓöÇΓöÇΓöÇΓöÇΓöÇΓöÇΓöÇΓöÇΓöÇΓöÇΓöÇΓöÇΓöÇΓöÇΓöÇΓöÇΓöÇΓöÇ[39m
[31m+   ipcMain.handle('db:vehicles:getBrands', async () => {[39m
[31m+     try {[39m
[31m+       const brands = db().prepare('SELECT * FROM vehicle_brands ORDER BY name ASC').all();[39m
[31m+       return { success: true, data: brands };[39m
[31m+     } catch (e: any) { return { success: false, error: e.message }; }[39m
[31m+   });[39m
[31m+[39m
[31m+   ipcMain.handle('db:vehicles:createBrand', async (_e, name: string) => {[39m
[31m+     try {[39m
[31m+       const res = db().prepare('INSERT INTO vehicle_brands (name) VALUES (?)').run(name);[39m
[31m+       return { success: true, id: res.lastInsertRowid };[39m
[31m+     } catch (e: any) { return { success: false, error: e.message }; }[39m
[31m+   });[39m
[31m+[39m
[31m+   // ΓöÇΓöÇ Models ΓöÇΓöÇΓöÇΓöÇΓöÇΓöÇΓöÇΓöÇΓöÇΓöÇΓöÇΓöÇΓöÇΓöÇΓöÇΓöÇΓöÇΓöÇΓöÇΓöÇΓöÇΓöÇΓöÇΓöÇΓöÇΓöÇΓöÇΓöÇΓöÇΓöÇΓöÇ
ΓöÇΓöÇΓöÇΓöÇΓöÇΓöÇΓöÇΓöÇΓöÇΓöÇΓöÇΓöÇΓöÇΓöÇΓöÇΓöÇΓöÇΓöÇΓöÇΓöÇΓöÇΓöÇΓöÇΓöÇΓöÇ[39m
[31m+   ipcMain.handle('db:vehicles:getModels', async (_e, brandId?: number) => {[39m
[31m+     try {[39m
[31m+       let query = `[39m
[31m+         SELECT m.*, b.name as brand_name [39m
[31m+         FROM vehicle_models m[39m
[31m+         LEFT JOIN vehicle_brands b ON m.vehicle_brand_id = b.id[39m
[31m+       `;[39m
[31m+       const params = [];[39m
[31m+       if (brandId) {[39m
[31m+         query += ' WHERE m.vehicle_brand_id = ?';[39m
[31m+         params.push(brandId);[39m
[31m+       }[39m
[31m+       query += ' ORDER BY b.name ASC, m.name ASC';[39m
[31m+       const models = db().prepare(query).all(...params);[39m
[31m+       return { success: true, data: models };[39m
[31m+     } catch (e: any) { return { success: false, error: e.message }; }[39m
[31m+   });[39m
[31m+[39m
[31m+   ipcMain.handle('db:vehicles:createModel', async (_e, data: { brand_id: number; name: string; year_from?: 
number; year_to?: number }) => {[39m
[31m+     try {[39m
[31m+       const res = db().prepare(`[39m
[31m+         INSERT INTO vehicle_models (vehicle_brand_id, name, year_from, year_to) [39m
[31m+         VALUES (?, ?, ?, ?)[39m
[31m+       `).run(data.brand_id, data.name, data.year_from || null, data.year_to || null);[39m
[31m+       return { success: true, id: res.lastInsertRowid };[39m
[31m+     } catch (e: any) { return { success: false, error: e.message }; }[39m
[31m+   });[39m
[31m+[39m
[31m+   ipcMain.handle('db:fitments:getByProduct', async (_e, productId: number) => {[39m
[31m+     try {[39m
[31m+       const fitments = db().prepare(`[39m
[31m+         SELECT pf.*, [39m
[31m+                m.name as model_name, b.name as brand_name,[39m
[31m+                m.name as vehicle_model_name, b.name as vehicle_brand_name,[39m
[31m+                m.year_from, m.year_to[39m
[31m+         FROM product_fitments pf[39m
[31m+         LEFT JOIN vehicle_models m ON pf.vehicle_model_id = m.id[39m
[31m+         LEFT JOIN vehicle_brands b ON m.vehicle_brand_id = b.id[39m
[31m+         WHERE pf.product_id = ?[39m
[31m+       `).all(productId);[39m
[31m+       return { success: true, data: fitments };[39m
[31m+     } catch (e: any) { return { success: false, error: e.message }; }[39m
[31m+   });[39m
[31m+[39m
[31m+   ipcMain.handle('db:fitments:create', async (_e, data: { product_id: number; model_id: number; notes?: string 
}) => {[39m
[31m+     try {[39m
[31m+       const res = db().prepare(`[39m
[31m+         INSERT INTO product_fitments (product_id, vehicle_model_id, vehicle_brand_id, notes) [39m
[31m+         VALUES (?, ?, (SELECT vehicle_brand_id FROM vehicle_models WHERE id = ?), ?)[39m
[31m+       `).run(data.product_id, data.model_id, data.model_id, data.notes || null);[39m
[31m+       return { success: true, id: res.lastInsertRowid };[39m
[31m+     } catch (e: any) { [39m
[31m+       if (e.message.includes('UNIQUE')) return { success: false, error: '┘ç╪░╪º ╪º┘ä┘à┘å╪¬╪¼ ┘à╪▒╪¿┘ê╪╖ 
╪¿╪º┘ä┘ü╪╣┘ä ╪¿┘ç╪░┘ç ╪º┘ä┘à╪▒┘â╪¿╪⌐' };[39m
[31m+       return { success: false, error: e.message }; [39m
[31m+     }[39m
[31m+   });[39m
[31m+[39m
[31m+   ipcMain.handle('db:fitments:delete', async (_e, id: number) => {[39m
[31m+     try {[39m
[31m+       db().prepare('DELETE FROM product_fitments WHERE id = ?').run(id);[39m
[31m+       return { success: true };[39m
[31m+     } catch (e: any) { return { success: false, error: e.message }; }[39m
[31m+   });[39m
[31m+[39m
[31m+   // ΓöÇΓöÇ Toggle Fitment (Add/Remove in one call) ΓöÇΓöÇΓöÇΓöÇΓöÇΓöÇΓöÇΓöÇΓöÇΓöÇΓöÇΓöÇΓöÇΓöÇΓöÇ[39m
[31m+   ipcMain.handle('db:fitments:toggleForProduct', async (_e, data: {[39m
[31m+     product_id: number;[39m
[31m+     vehicle_brand_id: number;[39m
[31m+     vehicle_model_id: number;[39m
[31m+   }) => {[39m
[31m+     try {[39m
[31m+       const raw = db();[39m
[31m+       const existing: any = raw.prepare([39m
[31m+         'SELECT id FROM product_fitments WHERE product_id = ? AND vehicle_brand_id = ? AND vehicle_model_id = 
?'[39m
[31m+       ).get(data.product_id, data.vehicle_brand_id, data.vehicle_model_id);[39m
[31m+[39m
[31m+       if (existing) {[39m
[31m+         raw.prepare('DELETE FROM product_fitments WHERE id = ?').run(existing.id);[39m
[31m+         return { success: true, action: 'removed' };[39m
[31m+       } else {[39m
[31m+         const res = raw.prepare([39m
[31m+           'INSERT INTO product_fitments (product_id, vehicle_brand_id, vehicle_model_id) VALUES (?, ?, ?)'[39m
[31m+         ).run(data.product_id, data.vehicle_brand_id, data.vehicle_model_id);[39m
[31m+         return { success: true, action: 'added', id: res.lastInsertRowid };[39m
[31m+       }[39m
[31m+     } catch (e: any) { return { success: false, error: e.message }; }[39m
[31m+   });[39m
[31m+[39m
[31m+   // ΓöÇΓöÇ Smart Suggestions (learn from similar products) ΓöÇΓöÇΓöÇΓöÇΓöÇΓöÇΓöÇΓöÇ[39m
[31m+   ipcMain.handle('db:fitments:suggestForProduct', async (_e, productId: number) => {[39m
[31m+     try {[39m
[31m+       const raw = db();[39m
[31m+       // Get the product's category and brand[39m
[31m+       const product: any = raw.prepare('SELECT category_id, brand_id FROM products WHERE id = 
?').get(productId);[39m
[31m+       if (!product) return { success: true, data: [] };[39m
[31m+[39m
[31m+       // Find fitments from products in the same category+brand that this product doesn't have[39m
[31m+       const suggestions = raw.prepare(`[39m
[31m+         SELECT DISTINCT pf.vehicle_brand_id, pf.vehicle_model_id,[39m
[31m+                vb.name as vehicle_brand_name, vm.name as vehicle_model_name,[39m
[31m+                vm.year_from, vm.year_to,[39m
[31m+                COUNT(DISTINCT pf.product_id) as used_by_count[39m
[31m+         FROM product_fitments pf[39m
[31m+         JOIN products p ON pf.product_id = p.id[39m
[31m+         LEFT JOIN vehicle_brands vb ON pf.vehicle_brand_id = vb.id[39m
[31m+         LEFT JOIN vehicle_models vm ON pf.vehicle_model_id = vm.id[39m
[31m+         WHERE p.category_id = ? AND p.brand_id = ? AND p.id != ?[39m
[31m+           AND NOT EXISTS ([39m
[31m+             SELECT 1 FROM product_fitments pf2[39m
[31m+             WHERE pf2.product_id = ? AND pf2.vehicle_brand_id = pf.vehicle_brand_id AND pf2.vehicle_model_id = 
pf.vehicle_model_id[39m
[31m+           )[39m
[31m+         GROUP BY pf.vehicle_brand_id, pf.vehicle_model_id[39m
[31m+         ORDER BY used_by_count DESC[39m
[31m+         LIMIT 10[39m
[31m+       `).all(product.category_id, product.brand_id, productId, productId);[39m
[31m+[39m
[31m+       return { success: true, data: suggestions };[39m
[31m+     } catch (e: any) { return { success: false, error: e.message }; }[39m
[31m+   });[39m
[31m+[39m
[31m+   // ΓöÇΓöÇ Parse And Create Vehicle (Smart String parsing) ΓöÇΓöÇΓöÇΓöÇΓöÇΓöÇ[39m
[31m+   ipcMain.handle('db:vehicles:parseAndCreate', async (_e, input: string) => {[39m
[31m+     try {[39m
[31m+       const raw = db();[39m
[31m+       const parts = input.trim().split(' ');[39m
[31m+       if (parts.length < 2) {[39m
[31m+         return { success: false, error: '╪º┘ä╪▒╪¼╪º╪í ╪Ñ╪»╪«╪º┘ä ╪º╪│┘à ╪º┘ä┘à╪º╪▒┘â╪⌐ ┘ê╪º┘ä┘à┘ê╪»┘è┘ä ╪╣┘ä┘ë 
╪º┘ä╪ú┘é┘ä (┘à╪½╪º┘ä: ╪¬┘ê┘è┘ê╪¬╪º ┘â┘ê╪▒┘ê┘ä╪º)' };[39m
[31m+       }[39m
[31m+[39m
[31m+       const brandName = parts[0];[39m
[31m+       const modelName = parts.slice(1).join(' ');[39m
[31m+[39m
[31m+       raw.exec('BEGIN TRANSACTION');[39m
[31m+       try {[39m
[31m+         // 1. Find or create Brand[39m
[31m+         let brandId: number;[39m
[31m+         let brandRow = raw.prepare('SELECT id FROM vehicle_brands WHERE name COLLATE NOCASE = 
?').get(brandName) as { id: number } | undefined;[39m
[31m+         [39m
[31m+         if (brandRow) {[39m
[31m+           brandId = brandRow.id;[39m
[31m+         } else {[39m
[31m+           const insertBrand = raw.prepare('INSERT INTO vehicle_brands (name) VALUES (?)').run(brandName);[39m
[31m+           brandId = insertBrand.lastInsertRowid as number;[39m
[31m+         }[39m
[31m+[39m
[31m+         // 2. Find or create Model[39m
[31m+         let modelId: number;[39m
[31m+         let modelRow = raw.prepare('SELECT id FROM vehicle_models WHERE vehicle_brand_id = ? AND name COLLATE 
NOCASE = ?').get(brandId, modelName) as { id: number } | undefined;[39m
[31m+         [39m
[31m+         if (modelRow) {[39m
[31m+           modelId = modelRow.id;[39m
[31m+         } else {[39m
[31m+           const insertModel = raw.prepare('INSERT INTO vehicle_models (vehicle_brand_id, name) VALUES (?, 
?)').run(brandId, modelName);[39m
[31m+           modelId = insertModel.lastInsertRowid as number;[39m
[31m+         }[39m
[31m+[39m
[31m+         raw.exec('COMMIT');[39m
[31m+         return { [39m
[31m+           success: true, [39m
[31m+           data: {[39m
[31m+             vehicle_brand_id: brandId,[39m
[31m+             vehicle_model_id: modelId,[39m
[31m+             vehicle_brand_name: brandName,[39m
[31m+             vehicle_model_name: modelName[39m
[31m+           }[39m
[31m+         };[39m
[31m+       } catch (err) {[39m
[31m+         raw.exec('ROLLBACK');[39m
[31m+         throw err;[39m
[31m+       }[39m
[31m+     } catch (e: any) { [39m
[31m+       return { success: false, error: e.message }; [39m
[31m+     }[39m
[31m+   });[39m
[31m+[39m
[31m+   // ΓöÇΓöÇ Update Brand ΓöÇΓöÇΓöÇΓöÇΓöÇΓöÇΓöÇΓöÇΓöÇΓöÇΓöÇΓöÇΓöÇΓöÇΓöÇΓöÇΓöÇΓöÇΓöÇΓöÇΓöÇΓöÇΓöÇΓöÇΓöÇΓöÇΓöÇΓöÇΓöÇ
ΓöÇΓöÇΓöÇΓöÇΓöÇΓöÇΓöÇΓöÇΓöÇΓöÇΓöÇΓöÇΓöÇ[39m
[31m+   ipcMain.handle('db:vehicles:updateBrand', async (_e, id: number, name: string) => {[39m
[31m+     try {[39m
[31m+       db().prepare('UPDATE vehicle_brands SET name = ? WHERE id = ?').run(name, id);[39m
[31m+       return { success: true };[39m
[31m+     } catch (e: any) { return { success: false, error: e.message }; }[39m
[31m+   });[39m
[31m+[39m
[31m+   // ΓöÇΓöÇ Delete Brand ΓöÇΓöÇΓöÇΓöÇΓöÇΓöÇΓöÇΓöÇΓöÇΓöÇΓöÇΓöÇΓöÇΓöÇΓöÇΓöÇΓöÇΓöÇΓöÇΓöÇΓöÇΓöÇΓöÇΓöÇΓöÇΓöÇΓöÇΓöÇΓöÇ
ΓöÇΓöÇΓöÇΓöÇΓöÇΓöÇΓöÇΓöÇΓöÇΓöÇΓöÇΓöÇΓöÇ[39m
[31m+   ipcMain.handle('db:vehicles:deleteBrand', async (_e, id: number) => {[39m
[31m+     try {[39m
[31m+       const raw = db();[39m
[31m+       const linked: any = raw.prepare([39m
[31m+         'SELECT COUNT(*) as cnt FROM product_fitments WHERE vehicle_brand_id = ?'[39m
[31m+       ).get(id);[39m
[31m+       if (linked.cnt > 0) {[39m
[31m+         return { success: false, error: `┘ä╪º ┘è┘à┘â┘å ╪º┘ä╪¡╪░┘ü ΓÇö ┘ç╪░┘ç ╪º┘ä┘à╪º╪▒┘â╪⌐ ┘à╪▒╪¬╪¿╪╖╪⌐ ╪¿┘Ç 
${linked.cnt} ┘é╪╖╪╣╪⌐` };[39m
[31m+       }[39m
[31m+       // Delete models first, then brand[39m
[31m+       raw.prepare('DELETE FROM vehicle_models WHERE vehicle_brand_id = ?').run(id);[39m
[31m+       raw.prepare('DELETE FROM vehicle_brands WHERE id = ?').run(id);[39m
[31m+       return { success: true };[39m
[31m+     } catch (e: any) { return { success: false, error: e.message }; }[39m
[31m+   });[39m
[31m+[39m
[31m+   // ΓöÇΓöÇ Update Model ΓöÇΓöÇΓöÇΓöÇΓöÇΓöÇΓöÇΓöÇΓöÇΓöÇΓöÇΓöÇΓöÇΓöÇΓöÇΓöÇΓöÇΓöÇΓöÇΓöÇΓöÇΓöÇΓöÇΓöÇΓöÇΓöÇΓöÇΓöÇΓöÇ
ΓöÇΓöÇΓöÇΓöÇΓöÇΓöÇΓöÇΓöÇΓöÇΓöÇΓöÇΓöÇΓöÇ[39m
[31m+   ipcMain.handle('db:vehicles:updateModel', async (_e, id: number, data: { name?: string; year_from?: number; 
year_to?: number }) => {[39m
[31m+     try {[39m
[31m+       const sets: string[] = [];[39m
[31m+       const vals: any[] = [];[39m
[31m+       if (data.name !== undefined) { sets.push('name = ?'); vals.push(data.name); }[39m
[31m+       if (data.year_from !== undefined) { sets.push('year_from = ?'); vals.push(data.year_from || null); }[39m
[31m+       if (data.year_to !== undefined) { sets.push('year_to = ?'); vals.push(data.year_to || null); }[39m
[31m+       if (sets.length === 0) return { success: false, error: '┘ä╪º ╪¬┘ê╪¼╪» ╪¬╪╣╪»┘è┘ä╪º╪¬' };[39m
[31m+       vals.push(id);[39m
[31m+       db().prepare(`UPDATE vehicle_models SET ${sets.join(', ')} WHERE id = ?`).run(...vals);[39m
[31m+       return { success: true };[39m
[31m+     } catch (e: any) { return { success: false, error: e.message }; }[39m
[31m+   });[39m
[31m+[39m
[31m+   // ΓöÇΓöÇ Delete Model ΓöÇΓöÇΓöÇΓöÇΓöÇΓöÇΓöÇΓöÇΓöÇΓöÇΓöÇΓöÇΓöÇΓöÇΓöÇΓöÇΓöÇΓöÇΓöÇΓöÇΓöÇΓöÇΓöÇΓöÇΓöÇΓöÇΓöÇΓöÇΓöÇ
ΓöÇΓöÇΓöÇΓöÇΓöÇΓöÇΓöÇΓöÇΓöÇΓöÇΓöÇΓöÇΓöÇ[39m
[31m+   ipcMain.handle('db:vehicles:deleteModel', async (_e, id: number) => {[39m
[31m+     try {[39m
[31m+       const raw = db();[39m
[31m+       const linked: any = raw.prepare([39m
[31m+         'SELECT COUNT(*) as cnt FROM product_fitments WHERE vehicle_model_id = ?'[39m
[31m+       ).get(id);[39m
[31m+       if (linked.cnt > 0) {[39m
[31m+         return { success: false, error: `┘ä╪º ┘è┘à┘â┘å ╪º┘ä╪¡╪░┘ü ΓÇö ┘ç╪░╪º ╪º┘ä┘à┘ê╪»┘è┘ä ┘à╪▒╪¬╪¿╪╖ ╪¿┘Ç 
${linked.cnt} ┘é╪╖╪╣╪⌐` };[39m
[31m+       }[39m
[31m+       raw.prepare('DELETE FROM vehicle_models WHERE id = ?').run(id);[39m
[31m+       return { success: true };[39m
[31m+     } catch (e: any) { return { success: false, error: e.message }; }[39m
[31m+   });[39m
[31m+[39m
[31m+   console.log('[IPC] Vehicles handlers registered');[39m
[31m+ }[39m
[31m+[39m

[36m [2mΓ¥»[22m tests/comprehensive.test.ts:[2m820:21[22m[39m
    [90m818| [39m    [90m// Schema uses vehicle_brand_id, but IPC uses brand_id[39m
    [90m819| [39m    [34mexpect[39m(content)[33m.[39m[34mtoContain[39m([32m'brand_id'[39m)[33m;[39m 
[90m// WRONG - should be vehicl[39mΓÇª
    [90m820| [39m    [34mexpect[39m(content)[33m.[39m[34mtoContain[39m([32m'year_start'[39m)[33m;[39m 
[90m// WRONG - should be year[39mΓÇª
    [90m   | [39m                    [31m^[39m
    [90m821| [39m    [34mexpect[39m(content)[33m.[39m[34mtoContain[39m([32m'year_end'[39m)[33m;[39m 
[90m// WRONG - should be year_to[39m
    [90m822| [39m    [34mexpect[39m(content)[33m.[39m[34mtoContain[39m([32m'model_id'[39m)[33m;[39m 
[90m// WRONG - should be vehicl[39mΓÇª

[31m[2mΓÄ»ΓÄ»ΓÄ»ΓÄ»ΓÄ»ΓÄ»ΓÄ»ΓÄ»ΓÄ»ΓÄ»ΓÄ»ΓÄ»ΓÄ»ΓÄ»ΓÄ»ΓÄ»ΓÄ»ΓÄ»ΓÄ»ΓÄ»ΓÄ»ΓÄ»[10/27]ΓÄ»[22m[39m

[31m[1m[7m FAIL [27m[22m[39m tests/comprehensive.test.ts[2m > [22mSales Page Field Names - ╪º┘ä╪¬╪¡┘é┘é ┘à┘å 
╪ú╪│┘à╪º╪í ╪º┘ä╪¡┘é┘ê┘ä[2m > [22mshould detect paid_amount vs paid mismatch in SalesPage.tsx
[31m[1mAssertionError[22m: expected '/**\n * SalesPage ΓÇö ╪╡┘ü╪¡╪⌐ ╪Ñ╪»╪º╪▒╪⌐ ┘ü┘ê╪º╪¬┘è╪▒ΓÇª' to contain 
'inv.paid_amount'[39m

[32m- Expected[39m
[31m+ Received[39m

[32m- inv.paid_amount[39m
[31m+ /**[39m
[31m+  * SalesPage ΓÇö ╪╡┘ü╪¡╪⌐ ╪Ñ╪»╪º╪▒╪⌐ ┘ü┘ê╪º╪¬┘è╪▒ ╪º┘ä┘à╪¿┘è╪╣╪º╪¬[39m
[31m+  */[39m
[31m+ import { useEffect, useState } from 'react';[39m
[31m+ import { useAuth } from '../../hooks/useAuth';[39m
[31m+ import { useNavigate } from 'react-router-dom';[39m
[31m+ import { ShoppingCart, Search, Plus, Printer, FileText, Ban } from 'lucide-react';[39m
[31m+ import { toast } from 'sonner';[39m
[31m+[39m
[31m+ export default function SalesPage() {[39m
[31m+   const { hasPermission } = useAuth();[39m
[31m+   const navigate = useNavigate();[39m
[31m+   const [invoices, setInvoices] = useState<any[]>([]);[39m
[31m+   const [loading, setLoading] = useState(true);[39m
[31m+   [39m
[31m+   // Filters[39m
[31m+   const [search, setSearch] = useState('');[39m
[31m+   const [status, setStatus] = useState('');[39m
[31m+   const [page, setPage] = useState(1);[39m
[31m+   const [total, setTotal] = useState(0);[39m
[31m+   const limit = 50;[39m
[31m+[39m
[31m+   useEffect(() => {[39m
[31m+     const timer = setTimeout(() => {[39m
[31m+       loadInvoices();[39m
[31m+     }, 300);[39m
[31m+     return () => clearTimeout(timer);[39m
[31m+   }, [search, status, page]);[39m
[31m+[39m
[31m+   const loadInvoices = async () => {[39m
[31m+     setLoading(true);[39m
[31m+     try {[39m
[31m+       const res = await window.electronAPI.invoke('db:sales:getAll', {[39m
[31m+         search, status, page, limit[39m
[31m+       });[39m
[31m+       if (res.success) {[39m
[31m+         setInvoices(res.data);[39m
[31m+         setTotal(res.total);[39m
[31m+       } else {[39m
[31m+         toast.error(res.error);[39m
[31m+       }[39m
[31m+     } catch (err) {[39m
[31m+       toast.error('╪«╪╖╪ú ┘ü┘è ╪¬╪¡┘à┘è┘ä ╪º┘ä┘ü┘ê╪º╪¬┘è╪▒');[39m
[31m+     } finally {[39m
[31m+       setLoading(false);[39m
[31m+     }[39m
[31m+   };[39m
[31m+[39m
[31m+   const handlePrint = (id: number) => {[39m
[31m+     toast.info('╪│┘è╪¬┘à ┘ü╪¬╪¡ ┘å╪º┘ü╪░╪⌐ ╪º┘ä╪╖╪¿╪º╪╣╪⌐ ┘é╪▒┘è╪¿╪º┘ï (Task 6.2)');[39m
[31m+   };[39m
[31m+[39m
[31m+   const handleCancel = async (id: number) => {[39m
[31m+     if (!window.confirm('┘ç┘ä ╪ú┘å╪¬ ┘à╪¬╪ú┘â╪» ┘à┘å ╪Ñ┘ä╪║╪º╪í ┘ç╪░┘ç ╪º┘ä┘ü╪º╪¬┘ê╪▒╪⌐╪ƒ ╪│┘è╪¬┘à ╪Ñ╪▒╪¼╪º╪╣ 
╪º┘ä┘à┘å╪¬╪¼╪º╪¬ ┘ä┘ä┘à╪«╪▓┘ê┘å ┘ê╪º╪│╪¬╪▒╪¼╪º╪╣ ╪º┘ä╪ú┘à┘ê╪º┘ä.')) return;[39m
[31m+     [39m
[31m+     try {[39m
[31m+       const res = await window.electronAPI.invoke('db:sales:cancel', id, 1); // 1 is default user, handled 
better later[39m
[31m+       if (res.success) {[39m
[31m+         toast.success('╪¬┘à ╪Ñ┘ä╪║╪º╪í ╪º┘ä┘ü╪º╪¬┘ê╪▒╪⌐ ╪¿┘å╪¼╪º╪¡');[39m
[31m+         loadInvoices();[39m
[31m+       } else {[39m
[31m+         toast.error(res.error);[39m
[31m+       }[39m
[31m+     } catch (err) {[39m
[31m+       toast.error('╪«╪╖╪ú ┘ü┘è ╪Ñ┘ä╪║╪º╪í ╪º┘ä┘ü╪º╪¬┘ê╪▒╪⌐');[39m
[31m+     }[39m
[31m+   };[39m
[31m+[39m
[31m+   return ([39m
[31m+     <div className="p-6 h-full flex flex-col relative">[39m
[31m+       {/* Header */}[39m
[31m+       <div className="flex items-center justify-between mb-6">[39m
[31m+         <div>[39m
[31m+           <h1 className="text-2xl font-bold text-text_primary flex items-center gap-2">[39m
[31m+             <ShoppingCart size={26} className="text-primary_blue" />[39m
[31m+             ┘ü┘ê╪º╪¬┘è╪▒ ╪º┘ä┘à╪¿┘è╪╣╪º╪¬[39m
[31m+           </h1>[39m
[31m+           <p className="text-text_secondary mt-1">╪Ñ╪»╪º╪▒╪⌐ ┘ü┘ê╪º╪¬┘è╪▒ ╪º┘ä┘à╪¿┘è╪╣╪º╪¬ 
┘ê╪º┘ä┘ê╪╡┘ê┘ä╪º╪¬</p>[39m
[31m+         </div>[39m
[31m+[39m
[31m+         <div className="flex items-center gap-3">[39m
[31m+           <div className="relative w-64">[39m
[31m+             <input[39m
[31m+               type="text"[39m
[31m+               placeholder="╪¿╪¡╪½ (╪▒┘é┘à ╪º┘ä┘ü╪º╪¬┘ê╪▒╪⌐╪î ╪º╪│┘à ╪º┘ä╪▓╪¿┘ê┘å)..."[39m
[31m+               value={search}[39m
[31m+               onChange={(e) => { setSearch(e.target.value); setPage(1); }}[39m
[31m+               className="w-full bg-background_secondary border border-border_default rounded-xl pl-10 pr-4 
py-2.5 text-sm text-text_primary focus:border-primary_blue focus:ring-1 focus:ring-primary_blue outline-none 
transition-all"[39m
[31m+             />[39m
[31m+             <Search size={16} className="absolute left-3 top-1/2 -translate-y-1/2 text-text_muted" />[39m
[31m+           </div>[39m
[31m+[39m
[31m+           {hasPermission('create_sales') && ([39m
[31m+             <button[39m
[31m+               className="flex items-center gap-2 bg-primary_blue hover:bg-primary_blue_hover text-white px-4 
py-2.5 rounded-xl font-medium transition-all"[39m
[31m+               onClick={() => navigate('/pos')}[39m
[31m+             >[39m
[31m+               <Plus size={18} />[39m
[31m+               ┘ü╪º╪¬┘ê╪▒╪⌐ ╪¼╪»┘è╪»╪⌐ (POS)[39m
[31m+             </button>[39m
[31m+           )}[39m
[31m+         </div>[39m
[31m+       </div>[39m
[31m+[39m
[31m+       {/* Table */}[39m
[31m+       <div className="flex-1 bg-background_secondary border border-border_default rounded-2xl overflow-hidden 
flex flex-col">[39m
[31m+         <div className="overflow-x-auto flex-1 custom-scrollbar">[39m
[31m+           <table className="w-full text-sm text-right">[39m
[31m+             <thead className="bg-background_card text-text_secondary sticky top-0 backdrop-blur-md">[39m
[31m+               <tr>[39m
[31m+                 <th className="px-4 py-3 font-medium">╪▒┘é┘à ╪º┘ä┘ü╪º╪¬┘ê╪▒╪⌐</th>[39m
[31m+                 <th className="px-4 py-3 font-medium">╪º┘ä╪¬╪º╪▒┘è╪« ┘ê╪º┘ä┘ê┘é╪¬</th>[39m
[31m+                 <th className="px-4 py-3 font-medium">╪º┘ä╪▓╪¿┘ê┘å</th>[39m
[31m+                 <th className="px-4 py-3 font-medium text-center">╪º┘ä╪Ñ╪¼┘à╪º┘ä┘è</th>[39m
[31m+                 <th className="px-4 py-3 font-medium text-center">╪º┘ä┘à╪»┘ü┘ê╪╣</th>[39m
[31m+                 <th className="px-4 py-3 font-medium text-center">╪¡╪º┘ä╪⌐ ╪º┘ä╪»┘ü╪╣</th>[39m
[31m+                 <th className="px-4 py-3 font-medium text-center">╪Ñ╪¼╪▒╪º╪í╪º╪¬</th>[39m
[31m+               </tr>[39m
[31m+             </thead>[39m
[31m+             <tbody className="divide-y divide-border_default">[39m
[31m+               {loading ? ([39m
[31m+                 <tr><td colSpan={7} className="px-4 py-8 text-center text-text_muted">╪¼╪º╪▒┘è 
╪º┘ä╪¬╪¡┘à┘è┘ä...</td></tr>[39m
[31m+               ) : invoices.length === 0 ? ([39m
[31m+                 <tr><td colSpan={7} className="px-4 py-8 text-center text-text_muted">┘ä╪º ╪¬┘ê╪¼╪» 
┘ü┘ê╪º╪¬┘è╪▒</td></tr>[39m
[31m+               ) : ([39m
[31m+                 invoices.map((inv) => ([39m
[31m+                   <tr key={inv.id} className="hover:bg-background_card transition-colors">[39m
[31m+                     <td className="px-4 py-3 font-numbers text-primary_blue 
font-medium">{inv.invoice_number}</td>[39m
[31m+                     <td className="px-4 py-3 font-numbers text-text_secondary">{inv.date} {inv.time}</td>[39m
[31m+                     <td className="px-4 py-3 font-medium text-text_primary">{inv.customer_name || '╪▓╪¿┘ê┘å 
┘å┘é╪»┘è (╪╣╪º╪¿╪▒)'}</td>[39m
[31m+                     <td className="px-4 py-3 font-numbers text-center font-bold text-text_primary">[39m
[31m+                       {inv.total.toFixed(2)} ╪».╪¼[39m
[31m+                     </td>[39m
[31m+                     <td className="px-4 py-3 font-numbers text-center text-success_green">[39m
[31m+                       {(inv.paid || 0).toFixed(2)} ╪».╪¼[39m
[31m+                     </td>[39m
[31m+                     <td className="px-4 py-3 text-center">[39m
[31m+                       {inv.paid >= inv.total && <span className="text-success_green text-xs font-bold 
bg-success_green/10 px-2 py-1 rounded">┘à╪»┘ü┘ê╪╣</span>}[39m
[31m+                       {inv.paid > 0 && inv.paid < inv.total && <span className="text-warning_amber text-xs 
font-bold bg-warning_amber/10 px-2 py-1 rounded">┘à╪¬╪¿┘é┘è</span>}[39m
[31m+                       {(!inv.paid || inv.paid <= 0) && <span className="text-danger_red text-xs font-bold 
bg-danger_red/10 px-2 py-1 rounded">╪║┘è╪▒ ┘à╪»┘ü┘ê╪╣</span>}[39m
[31m+                     </td>[39m
[31m+                     <td className="px-4 py-3">[39m
[31m+                       <div className="flex items-center justify-center gap-2">[39m
[31m+                         <button [39m
[31m+                           title="╪╖╪¿╪º╪╣╪⌐ / ╪╣╪▒╪╢"[39m
[31m+                           className="p-1.5 text-text_muted hover:text-primary_blue transition-colors rounded-lg 
hover:bg-background_card"[39m
[31m+                           onClick={() => handlePrint(inv.id)}[39m
[31m+                         >[39m
[31m+                           <Printer size={16} />[39m
[31m+                         </button>[39m
[31m+                         {inv.status !== 'cancelled' && hasPermission('cancel_sales') && ([39m
[31m+                           <button [39m
[31m+                             title="╪Ñ┘ä╪║╪º╪í ╪º┘ä┘ü╪º╪¬┘ê╪▒╪⌐"[39m
[31m+                             className="p-1.5 text-text_muted hover:text-danger_red transition-colors rounded-lg 
hover:bg-background_card"[39m
[31m+                             onClick={() => handleCancel(inv.id)}[39m
[31m+                           >[39m
[31m+                             <Ban size={16} />[39m
[31m+                           </button>[39m
[31m+                         )}[39m
[31m+                       </div>[39m
[31m+                     </td>[39m
[31m+                   </tr>[39m
[31m+                 ))[39m
[31m+               )}[39m
[31m+             </tbody>[39m
[31m+           </table>[39m
[31m+         </div>[39m
[31m+         [39m
[31m+         {/* Pagination Footer */}[39m
[31m+         <div className="border-t border-border_default p-4 flex items-center justify-between text-sm 
text-text_muted bg-white/[0.01]">[39m
[31m+           <div>╪Ñ╪¼┘à╪º┘ä┘è ╪º┘ä┘ü┘ê╪º╪¬┘è╪▒: <span className="font-numbers font-bold 
text-text_primary">{total}</span></div>[39m
[31m+           <div className="flex items-center gap-2">[39m
[31m+             <button [39m
[31m+               disabled={page === 1} onClick={() => setPage(p => p - 1)}[39m
[31m+               className="px-3 py-1.5 rounded-lg border border-border_default hover:bg-background_card 
disabled:opacity-50 transition-all"[39m
[31m+             >╪º┘ä╪│╪º╪¿┘é</button>[39m
[31m+             <span className="font-numbers px-2">╪╡┘ü╪¡╪⌐ {page}</span>[39m
[31m+             <button [39m
[31m+               disabled={page * limit >= total} onClick={() => setPage(p => p + 1)}[39m
[31m+               className="px-3 py-1.5 rounded-lg border border-border_default hover:bg-background_card 
disabled:opacity-50 transition-all"[39m
[31m+             >╪º┘ä╪¬╪º┘ä┘è</button>[39m
[31m+           </div>[39m
[31m+         </div>[39m
[31m+       </div>[39m
[31m+     </div>[39m
[31m+   );[39m
[31m+ }[39m
[31m+[39m

[36m [2mΓ¥»[22m tests/comprehensive.test.ts:[2m853:21[22m[39m
    [90m851| [39m
    [90m852| [39m    [90m// SalesPage uses inv.paid_amount but DB column is 'paid'[39m
    [90m853| [39m    [34mexpect[39m(content)[33m.[39m[34mtoContain[39m([32m'inv.paid_amount'[39m)[33m;[39m
    [90m   | [39m                    [31m^[39m
    [90m854| [39m  })[33m;[39m
    [90m855| [39m

[31m[2mΓÄ»ΓÄ»ΓÄ»ΓÄ»ΓÄ»ΓÄ»ΓÄ»ΓÄ»ΓÄ»ΓÄ»ΓÄ»ΓÄ»ΓÄ»ΓÄ»ΓÄ»ΓÄ»ΓÄ»ΓÄ»ΓÄ»ΓÄ»ΓÄ»ΓÄ»[11/27]ΓÄ»[22m[39m

[31m[1m[7m FAIL [27m[22m[39m tests/comprehensive.test.ts[2m > [22mSales Page Field Names - ╪º┘ä╪¬╪¡┘é┘é ┘à┘å 
╪ú╪│┘à╪º╪í ╪º┘ä╪¡┘é┘ê┘ä[2m > [22mshould detect payment_status field that does not exist in DB
[31m[1mAssertionError[22m: expected '/**\n * SalesPage ΓÇö ╪╡┘ü╪¡╪⌐ ╪Ñ╪»╪º╪▒╪⌐ ┘ü┘ê╪º╪¬┘è╪▒ΓÇª' to contain 
'payment_status'[39m

[32m- Expected[39m
[31m+ Received[39m

[32m- payment_status[39m
[31m+ /**[39m
[31m+  * SalesPage ΓÇö ╪╡┘ü╪¡╪⌐ ╪Ñ╪»╪º╪▒╪⌐ ┘ü┘ê╪º╪¬┘è╪▒ ╪º┘ä┘à╪¿┘è╪╣╪º╪¬[39m
[31m+  */[39m
[31m+ import { useEffect, useState } from 'react';[39m
[31m+ import { useAuth } from '../../hooks/useAuth';[39m
[31m+ import { useNavigate } from 'react-router-dom';[39m
[31m+ import { ShoppingCart, Search, Plus, Printer, FileText, Ban } from 'lucide-react';[39m
[31m+ import { toast } from 'sonner';[39m
[31m+[39m
[31m+ export default function SalesPage() {[39m
[31m+   const { hasPermission } = useAuth();[39m
[31m+   const navigate = useNavigate();[39m
[31m+   const [invoices, setInvoices] = useState<any[]>([]);[39m
[31m+   const [loading, setLoading] = useState(true);[39m
[31m+   [39m
[31m+   // Filters[39m
[31m+   const [search, setSearch] = useState('');[39m
[31m+   const [status, setStatus] = useState('');[39m
[31m+   const [page, setPage] = useState(1);[39m
[31m+   const [total, setTotal] = useState(0);[39m
[31m+   const limit = 50;[39m
[31m+[39m
[31m+   useEffect(() => {[39m
[31m+     const timer = setTimeout(() => {[39m
[31m+       loadInvoices();[39m
[31m+     }, 300);[39m
[31m+     return () => clearTimeout(timer);[39m
[31m+   }, [search, status, page]);[39m
[31m+[39m
[31m+   const loadInvoices = async () => {[39m
[31m+     setLoading(true);[39m
[31m+     try {[39m
[31m+       const res = await window.electronAPI.invoke('db:sales:getAll', {[39m
[31m+         search, status, page, limit[39m
[31m+       });[39m
[31m+       if (res.success) {[39m
[31m+         setInvoices(res.data);[39m
[31m+         setTotal(res.total);[39m
[31m+       } else {[39m
[31m+         toast.error(res.error);[39m
[31m+       }[39m
[31m+     } catch (err) {[39m
[31m+       toast.error('╪«╪╖╪ú ┘ü┘è ╪¬╪¡┘à┘è┘ä ╪º┘ä┘ü┘ê╪º╪¬┘è╪▒');[39m
[31m+     } finally {[39m
[31m+       setLoading(false);[39m
[31m+     }[39m
[31m+   };[39m
[31m+[39m
[31m+   const handlePrint = (id: number) => {[39m
[31m+     toast.info('╪│┘è╪¬┘à ┘ü╪¬╪¡ ┘å╪º┘ü╪░╪⌐ ╪º┘ä╪╖╪¿╪º╪╣╪⌐ ┘é╪▒┘è╪¿╪º┘ï (Task 6.2)');[39m
[31m+   };[39m
[31m+[39m
[31m+   const handleCancel = async (id: number) => {[39m
[31m+     if (!window.confirm('┘ç┘ä ╪ú┘å╪¬ ┘à╪¬╪ú┘â╪» ┘à┘å ╪Ñ┘ä╪║╪º╪í ┘ç╪░┘ç ╪º┘ä┘ü╪º╪¬┘ê╪▒╪⌐╪ƒ ╪│┘è╪¬┘à ╪Ñ╪▒╪¼╪º╪╣ 
╪º┘ä┘à┘å╪¬╪¼╪º╪¬ ┘ä┘ä┘à╪«╪▓┘ê┘å ┘ê╪º╪│╪¬╪▒╪¼╪º╪╣ ╪º┘ä╪ú┘à┘ê╪º┘ä.')) return;[39m
[31m+     [39m
[31m+     try {[39m
[31m+       const res = await window.electronAPI.invoke('db:sales:cancel', id, 1); // 1 is default user, handled 
better later[39m
[31m+       if (res.success) {[39m
[31m+         toast.success('╪¬┘à ╪Ñ┘ä╪║╪º╪í ╪º┘ä┘ü╪º╪¬┘ê╪▒╪⌐ ╪¿┘å╪¼╪º╪¡');[39m
[31m+         loadInvoices();[39m
[31m+       } else {[39m
[31m+         toast.error(res.error);[39m
[31m+       }[39m
[31m+     } catch (err) {[39m
[31m+       toast.error('╪«╪╖╪ú ┘ü┘è ╪Ñ┘ä╪║╪º╪í ╪º┘ä┘ü╪º╪¬┘ê╪▒╪⌐');[39m
[31m+     }[39m
[31m+   };[39m
[31m+[39m
[31m+   return ([39m
[31m+     <div className="p-6 h-full flex flex-col relative">[39m
[31m+       {/* Header */}[39m
[31m+       <div className="flex items-center justify-between mb-6">[39m
[31m+         <div>[39m
[31m+           <h1 className="text-2xl font-bold text-text_primary flex items-center gap-2">[39m
[31m+             <ShoppingCart size={26} className="text-primary_blue" />[39m
[31m+             ┘ü┘ê╪º╪¬┘è╪▒ ╪º┘ä┘à╪¿┘è╪╣╪º╪¬[39m
[31m+           </h1>[39m
[31m+           <p className="text-text_secondary mt-1">╪Ñ╪»╪º╪▒╪⌐ ┘ü┘ê╪º╪¬┘è╪▒ ╪º┘ä┘à╪¿┘è╪╣╪º╪¬ 
┘ê╪º┘ä┘ê╪╡┘ê┘ä╪º╪¬</p>[39m
[31m+         </div>[39m
[31m+[39m
[31m+         <div className="flex items-center gap-3">[39m
[31m+           <div className="relative w-64">[39m
[31m+             <input[39m
[31m+               type="text"[39m
[31m+               placeholder="╪¿╪¡╪½ (╪▒┘é┘à ╪º┘ä┘ü╪º╪¬┘ê╪▒╪⌐╪î ╪º╪│┘à ╪º┘ä╪▓╪¿┘ê┘å)..."[39m
[31m+               value={search}[39m
[31m+               onChange={(e) => { setSearch(e.target.value); setPage(1); }}[39m
[31m+               className="w-full bg-background_secondary border border-border_default rounded-xl pl-10 pr-4 
py-2.5 text-sm text-text_primary focus:border-primary_blue focus:ring-1 focus:ring-primary_blue outline-none 
transition-all"[39m
[31m+             />[39m
[31m+             <Search size={16} className="absolute left-3 top-1/2 -translate-y-1/2 text-text_muted" />[39m
[31m+           </div>[39m
[31m+[39m
[31m+           {hasPermission('create_sales') && ([39m
[31m+             <button[39m
[31m+               className="flex items-center gap-2 bg-primary_blue hover:bg-primary_blue_hover text-white px-4 
py-2.5 rounded-xl font-medium transition-all"[39m
[31m+               onClick={() => navigate('/pos')}[39m
[31m+             >[39m
[31m+               <Plus size={18} />[39m
[31m+               ┘ü╪º╪¬┘ê╪▒╪⌐ ╪¼╪»┘è╪»╪⌐ (POS)[39m
[31m+             </button>[39m
[31m+           )}[39m
[31m+         </div>[39m
[31m+       </div>[39m
[31m+[39m
[31m+       {/* Table */}[39m
[31m+       <div className="flex-1 bg-background_secondary border border-border_default rounded-2xl overflow-hidden 
flex flex-col">[39m
[31m+         <div className="overflow-x-auto flex-1 custom-scrollbar">[39m
[31m+           <table className="w-full text-sm text-right">[39m
[31m+             <thead className="bg-background_card text-text_secondary sticky top-0 backdrop-blur-md">[39m
[31m+               <tr>[39m
[31m+                 <th className="px-4 py-3 font-medium">╪▒┘é┘à ╪º┘ä┘ü╪º╪¬┘ê╪▒╪⌐</th>[39m
[31m+                 <th className="px-4 py-3 font-medium">╪º┘ä╪¬╪º╪▒┘è╪« ┘ê╪º┘ä┘ê┘é╪¬</th>[39m
[31m+                 <th className="px-4 py-3 font-medium">╪º┘ä╪▓╪¿┘ê┘å</th>[39m
[31m+                 <th className="px-4 py-3 font-medium text-center">╪º┘ä╪Ñ╪¼┘à╪º┘ä┘è</th>[39m
[31m+                 <th className="px-4 py-3 font-medium text-center">╪º┘ä┘à╪»┘ü┘ê╪╣</th>[39m
[31m+                 <th className="px-4 py-3 font-medium text-center">╪¡╪º┘ä╪⌐ ╪º┘ä╪»┘ü╪╣</th>[39m
[31m+                 <th className="px-4 py-3 font-medium text-center">╪Ñ╪¼╪▒╪º╪í╪º╪¬</th>[39m
[31m+               </tr>[39m
[31m+             </thead>[39m
[31m+             <tbody className="divide-y divide-border_default">[39m
[31m+               {loading ? ([39m
[31m+                 <tr><td colSpan={7} className="px-4 py-8 text-center text-text_muted">╪¼╪º╪▒┘è 
╪º┘ä╪¬╪¡┘à┘è┘ä...</td></tr>[39m
[31m+               ) : invoices.length === 0 ? ([39m
[31m+                 <tr><td colSpan={7} className="px-4 py-8 text-center text-text_muted">┘ä╪º ╪¬┘ê╪¼╪» 
┘ü┘ê╪º╪¬┘è╪▒</td></tr>[39m
[31m+               ) : ([39m
[31m+                 invoices.map((inv) => ([39m
[31m+                   <tr key={inv.id} className="hover:bg-background_card transition-colors">[39m
[31m+                     <td className="px-4 py-3 font-numbers text-primary_blue 
font-medium">{inv.invoice_number}</td>[39m
[31m+                     <td className="px-4 py-3 font-numbers text-text_secondary">{inv.date} {inv.time}</td>[39m
[31m+                     <td className="px-4 py-3 font-medium text-text_primary">{inv.customer_name || '╪▓╪¿┘ê┘å 
┘å┘é╪»┘è (╪╣╪º╪¿╪▒)'}</td>[39m
[31m+                     <td className="px-4 py-3 font-numbers text-center font-bold text-text_primary">[39m
[31m+                       {inv.total.toFixed(2)} ╪».╪¼[39m
[31m+                     </td>[39m
[31m+                     <td className="px-4 py-3 font-numbers text-center text-success_green">[39m
[31m+                       {(inv.paid || 0).toFixed(2)} ╪».╪¼[39m
[31m+                     </td>[39m
[31m+                     <td className="px-4 py-3 text-center">[39m
[31m+                       {inv.paid >= inv.total && <span className="text-success_green text-xs font-bold 
bg-success_green/10 px-2 py-1 rounded">┘à╪»┘ü┘ê╪╣</span>}[39m
[31m+                       {inv.paid > 0 && inv.paid < inv.total && <span className="text-warning_amber text-xs 
font-bold bg-warning_amber/10 px-2 py-1 rounded">┘à╪¬╪¿┘é┘è</span>}[39m
[31m+                       {(!inv.paid || inv.paid <= 0) && <span className="text-danger_red text-xs font-bold 
bg-danger_red/10 px-2 py-1 rounded">╪║┘è╪▒ ┘à╪»┘ü┘ê╪╣</span>}[39m
[31m+                     </td>[39m
[31m+                     <td className="px-4 py-3">[39m
[31m+                       <div className="flex items-center justify-center gap-2">[39m
[31m+                         <button [39m
[31m+                           title="╪╖╪¿╪º╪╣╪⌐ / ╪╣╪▒╪╢"[39m
[31m+                           className="p-1.5 text-text_muted hover:text-primary_blue transition-colors rounded-lg 
hover:bg-background_card"[39m
[31m+                           onClick={() => handlePrint(inv.id)}[39m
[31m+                         >[39m
[31m+                           <Printer size={16} />[39m
[31m+                         </button>[39m
[31m+                         {inv.status !== 'cancelled' && hasPermission('cancel_sales') && ([39m
[31m+                           <button [39m
[31m+                             title="╪Ñ┘ä╪║╪º╪í ╪º┘ä┘ü╪º╪¬┘ê╪▒╪⌐"[39m
[31m+                             className="p-1.5 text-text_muted hover:text-danger_red transition-colors rounded-lg 
hover:bg-background_card"[39m
[31m+                             onClick={() => handleCancel(inv.id)}[39m
[31m+                           >[39m
[31m+                             <Ban size={16} />[39m
[31m+                           </button>[39m
[31m+                         )}[39m
[31m+                       </div>[39m
[31m+                     </td>[39m
[31m+                   </tr>[39m
[31m+                 ))[39m
[31m+               )}[39m
[31m+             </tbody>[39m
[31m+           </table>[39m
[31m+         </div>[39m
[31m+         [39m
[31m+         {/* Pagination Footer */}[39m
[31m+         <div className="border-t border-border_default p-4 flex items-center justify-between text-sm 
text-text_muted bg-white/[0.01]">[39m
[31m+           <div>╪Ñ╪¼┘à╪º┘ä┘è ╪º┘ä┘ü┘ê╪º╪¬┘è╪▒: <span className="font-numbers font-bold 
text-text_primary">{total}</span></div>[39m
[31m+           <div className="flex items-center gap-2">[39m
[31m+             <button [39m
[31m+               disabled={page === 1} onClick={() => setPage(p => p - 1)}[39m
[31m+               className="px-3 py-1.5 rounded-lg border border-border_default hover:bg-background_card 
disabled:opacity-50 transition-all"[39m
[31m+             >╪º┘ä╪│╪º╪¿┘é</button>[39m
[31m+             <span className="font-numbers px-2">╪╡┘ü╪¡╪⌐ {page}</span>[39m
[31m+             <button [39m
[31m+               disabled={page * limit >= total} onClick={() => setPage(p => p + 1)}[39m
[31m+               className="px-3 py-1.5 rounded-lg border border-border_default hover:bg-background_card 
disabled:opacity-50 transition-all"[39m
[31m+             >╪º┘ä╪¬╪º┘ä┘è</button>[39m
[31m+           </div>[39m
[31m+         </div>[39m
[31m+       </div>[39m
[31m+     </div>[39m
[31m+   );[39m
[31m+ }[39m
[31m+[39m

[36m [2mΓ¥»[22m tests/comprehensive.test.ts:[2m861:21[22m[39m
    [90m859| [39m
    [90m860| [39m    [90m// payment_status is not a column in sales_invoices[39m
    [90m861| [39m    [34mexpect[39m(content)[33m.[39m[34mtoContain[39m([32m'payment_status'[39m)[33m;[39m
    [90m   | [39m                    [31m^[39m
    [90m862| [39m  })[33m;[39m
    [90m863| [39m})[33m;[39m

[31m[2mΓÄ»ΓÄ»ΓÄ»ΓÄ»ΓÄ»ΓÄ»ΓÄ»ΓÄ»ΓÄ»ΓÄ»ΓÄ»ΓÄ»ΓÄ»ΓÄ»ΓÄ»ΓÄ»ΓÄ»ΓÄ»ΓÄ»ΓÄ»ΓÄ»ΓÄ»[12/27]ΓÄ»[22m[39m

[31m[1m[7m FAIL [27m[22m[39m tests/comprehensive.test.ts[2m > [22mRoute Registration - ╪º┘ä╪¬╪¡┘é┘é ┘à┘å 
╪¬╪│╪¼┘è┘ä ╪º┘ä┘à╪│╪º╪▒╪º╪¬[2m > [22mshould verify existing routes are registered
[31m[1mAssertionError[22m: expected '/**\n * App.tsx - SparePartsERP\n * ╪¿ΓÇª' to contain 'path="/reports"'[39m

[32m- Expected[39m
[31m+ Received[39m

[32m- path="/reports"[39m
[31m+ /**[39m
[31m+  * App.tsx - SparePartsERP[39m
[31m+  * ╪¿╪»┘ê┘å ┘ü╪▒┘ê╪╣╪î ╪¿╪»┘ê┘å logistics╪î ╪¿╪»┘ê┘å sync[39m
[31m+  */[39m
[31m+ import { Routes, Route, Navigate, useNavigate } from 'react-router-dom';[39m
[31m+ import { useEffect, lazy, Suspense } from 'react';[39m
[31m+ import { useAuth } from './hooks/useAuth';[39m
[31m+ import MainLayout from './shared/components/layout/MainLayout';[39m
[31m+ import ErrorBoundary from './shared/components/ui/ErrorBoundary';[39m
[31m+ import LoadingSpinner from './shared/components/ui/LoadingSpinner';[39m
[31m+ import { Toaster } from 'sonner';[39m
[31m+[39m
[31m+ // Lazy load pages[39m
[31m+ const LoginPage = lazy(() => import('./features/auth/LoginPage'));[39m
[31m+ const DashboardPage = lazy(() => import('./features/dashboard/DashboardPage'));[39m
[31m+ const InventoryPage = lazy(() => import('./features/inventory/InventoryPage'));[39m
[31m+ const CustomersPage = lazy(() => import('./features/parties/CustomersPage'));[39m
[31m+ const SuppliersPage = lazy(() => import('./features/parties/SuppliersPage'));[39m
[31m+ const SalesPage = lazy(() => import('./features/sales/SalesPage'));[39m
[31m+ const POSPage = lazy(() => import('./features/sales/POSPage'));[39m
[31m+ const PurchasesPage = lazy(() => import('./features/purchases/PurchasesPage'));[39m
[31m+ const PurchaseFormPage = lazy(() => import('./features/purchases/PurchaseFormPage'));[39m
[31m+ const ExpensesPage = lazy(() => import('./features/expenses/ExpensesPage'));[39m
[31m+ const SettingsPage = lazy(() => import('./features/settings/SettingsPage'));[39m
[31m+ const AccountingPage = lazy(() => import('./features/accounting/AccountingPage'));[39m
[31m+[39m
[31m+ function ProtectedRoute({ children }: { children: React.ReactNode }) {[39m
[31m+   const { isAuthenticated } = useAuth();[39m
[31m+   if (!isAuthenticated) return <Navigate to="/login" replace />;[39m
[31m+   return <>{children}</>;[39m
[31m+ }[39m
[31m+[39m
[31m+ function RoleRoute({ children, allowedRoles }: { children: React.ReactNode; allowedRoles: string[] }) {[39m
[31m+   const { user } = useAuth();[39m
[31m+   if (!user || !allowedRoles.includes(user.role)) return <Navigate to="/dashboard" replace />;[39m
[31m+   return <>{children}</>;[39m
[31m+ }[39m
[31m+[39m
[31m+ function PageLoader() {[39m
[31m+   return ([39m
[31m+     <div className="flex items-center justify-center h-full">[39m
[31m+       <LoadingSpinner />[39m
[31m+     </div>[39m
[31m+   );[39m
[31m+ }[39m
[31m+[39m
[31m+ export default function App() {[39m
[31m+   const navigate = useNavigate();[39m
[31m+[39m
[31m+   useEffect(() => {[39m
[31m+     const handleKeyDown = (e: KeyboardEvent) => {[39m
[31m+       if (e.key === 'F6') { e.preventDefault(); navigate('/pos'); }[39m
[31m+       if (e.key === 'F7') { e.preventDefault(); navigate('/purchases/new'); }[39m
[31m+       if (e.key === 'F8') { e.preventDefault(); navigate('/inventory'); }[39m
[31m+       if (e.key === 'F9') { e.preventDefault(); navigate('/dashboard'); }[39m
[31m+       if (e.key === 'F10') { e.preventDefault(); navigate('/settings'); }[39m
[31m+     };[39m
[31m+     window.addEventListener('keydown', handleKeyDown);[39m
[31m+     return () => window.removeEventListener('keydown', handleKeyDown);[39m
[31m+   }, [navigate]);[39m
[31m+[39m
[31m+   return ([39m
[31m+     <ErrorBoundary>[39m
[31m+       <Toaster richColors position="top-center" />[39m
[31m+       <Suspense fallback={<PageLoader />}>[39m
[31m+         <Routes>[39m
[31m+           <Route path="/login" element={<LoginPage />} />[39m
[31m+           <Route path="/*" element={[39m
[31m+             <ProtectedRoute>[39m
[31m+               <Suspense fallback={<PageLoader />}>[39m
[31m+                 <Routes>[39m
[31m+                   <Route path="*" element={[39m
[31m+                     <MainLayout>[39m
[31m+                       <Suspense fallback={<PageLoader />}>[39m
[31m+                         <Routes>[39m
[31m+                           <Route path="/" element={<DashboardPage />} />[39m
[31m+                           <Route path="/dashboard" element={<DashboardPage />} />[39m
[31m+                           <Route path="/pos" element={<POSPage />} />[39m
[31m+                           <Route path="/inventory" element={<InventoryPage />} />[39m
[31m+                           <Route path="/customers" element={<CustomersPage />} />[39m
[31m+                           <Route path="/suppliers" element={<SuppliersPage />} />[39m
[31m+                           <Route path="/sales" element={<SalesPage />} />[39m
[31m+                           <Route path="/purchases" element={<PurchasesPage />} />[39m
[31m+                           <Route path="/purchases/new" element={<PurchaseFormPage />} />[39m
[31m+                           <Route path="/expenses" element={<ExpensesPage />} />[39m
[31m+                           <Route path="/accounting" element={<AccountingPage />} />[39m
[31m+                           <Route path="/settings" element={<SettingsPage />} />[39m
[31m+                           {/* ╪¿╪º┘é┘è ╪º┘ä╪╡┘ü╪¡╪º╪¬ ╪│╪¬┘Å╪╢╪º┘ü ╪¬╪»╪▒┘è╪¼┘è╪º┘ï */}[39m
[31m+                           <Route path="*" element={<Navigate to="/dashboard" replace />} />[39m
[31m+                         </Routes>[39m
[31m+                       </Suspense>[39m
[31m+                     </MainLayout>[39m
[31m+                   } />[39m
[31m+                 </Routes>[39m
[31m+               </Suspense>[39m
[31m+             </ProtectedRoute>[39m
[31m+           } />[39m
[31m+         </Routes>[39m
[31m+       </Suspense>[39m
[31m+     </ErrorBoundary>[39m
[31m+   );[39m
[31m+ }[39m
[31m+[39m

[36m [2mΓ¥»[22m tests/comprehensive.test.ts:[2m898:23[22m[39m
    [90m896| [39m
    [90m897| [39m    existingRoutes[33m.[39m[34mforEach[39m((route) [33m=>[39m {
    [90m898| [39m      [34mexpect[39m(content)[33m.[39m[34mtoContain[39m([32m`path="[39m[36m${[39mroute[36
m}[39m[32m"`[39m)[33m;[39m
    [90m   | [39m                      [31m^[39m
    [90m899| [39m    })[33m;[39m
    [90m900| [39m  })[33m;[39m
[90m [2mΓ¥»[22m tests/comprehensive.test.ts:[2m897:20[22m[39m

[31m[2mΓÄ»ΓÄ»ΓÄ»ΓÄ»ΓÄ»ΓÄ»ΓÄ»ΓÄ»ΓÄ»ΓÄ»ΓÄ»ΓÄ»ΓÄ»ΓÄ»ΓÄ»ΓÄ»ΓÄ»ΓÄ»ΓÄ»ΓÄ»ΓÄ»ΓÄ»[13/27]ΓÄ»[22m[39m

[31m[1m[7m FAIL [27m[22m[39m tests/comprehensive.test.ts[2m > [22mSidebar Navigation - ╪º┘ä╪¬╪¡┘é┘é ┘à┘å 
╪º┘ä┘é╪º╪ª┘à╪⌐ ╪º┘ä╪¼╪º┘å╪¿┘è╪⌐[2m > [22mshould detect sidebar items without routes
[31m[1mAssertionError[22m: expected '/**\n * Sidebar ΓÇö SparePartsERP\n * ╪¿ΓÇª' to contain 'route: 
\'/finance\''[39m

[32m- Expected[39m
[31m+ Received[39m

[32m- route: '/finance'[39m
[31m+ /**[39m
[31m+  * Sidebar ΓÇö SparePartsERP[39m
[31m+  * ╪¿╪»┘ê┘å ┘ü╪▒┘ê╪╣╪î ╪¿╪»┘ê┘å logistics╪î ╪¿╪»┘ê┘å sync[39m
[31m+  * ╪¿╪»┘ê┘å ┘à╪▒╪¬╪¼╪╣╪º╪¬ ┘ê╪╡┘å╪»┘ê┘é (╪¬┘à ╪»┘à╪¼┘ç┘à ┘ü┘è ╪º┘ä┘à╪╡╪º╪▒┘è┘ü ┘ê┘â╪┤┘ê┘ü ╪º┘ä╪¡╪│╪º╪¿╪º╪¬)[39m
[31m+  */[39m
[31m+ import { useState } from 'react';[39m
[31m+ import { useNavigate, useLocation } from 'react-router-dom';[39m
[31m+ import { useTranslation } from 'react-i18next';[39m
[31m+ import { useAuth } from '../../../hooks/useAuth';[39m
[31m+ import { motion, AnimatePresence } from 'framer-motion';[39m
[31m+ import {[39m
[31m+   Home, ShoppingCart, ShoppingBag, Package,[39m
[31m+   Users, UserCheck, Landmark, Settings, LogOut,[39m
[31m+   Wrench, Sun, Moon[39m
[31m+ } from 'lucide-react';[39m
[31m+ import { useAppStore } from '../../../store/app.store';[39m
[31m+[39m
[31m+ interface NavItem {[39m
[31m+   id: string;[39m
[31m+   labelAr: string;[39m
[31m+   labelFr: string;[39m
[31m+   icon: React.ElementType;[39m
[31m+   route?: string;[39m
[31m+   permission?: string;[39m
[31m+   position?: 'bottom';[39m
[31m+ }[39m
[31m+[39m
[31m+ const NAV_ITEMS: NavItem[] = [[39m
[31m+   { id: 'dashboard', labelAr: '┘ä┘ê╪¡╪⌐ ╪º┘ä╪¬╪¡┘â┘à', labelFr: 'Tableau de bord', icon: Home, route: 
'/dashboard' },[39m
[31m+   { id: 'pos', labelAr: '┘å┘é╪╖╪⌐ ╪º┘ä╪¿┘è╪╣ (POS)', labelFr: 'Point de Vente', icon: ShoppingCart, route: 
'/pos', permission: 'create_sales' },[39m
[31m+   { id: 'sales', labelAr: '┘ü┘ê╪º╪¬┘è╪▒ ╪º┘ä┘à╪¿┘è╪╣╪º╪¬', labelFr: 'Factures Ventes', icon: ShoppingCart, 
route: '/sales', permission: 'view_sales' },[39m
[31m+   { id: 'purchases', labelAr: '╪º┘ä┘à╪┤╪¬╪▒┘è╪º╪¬', labelFr: 'Achats', icon: ShoppingBag, route: '/purchases', 
permission: 'view_purchases' },[39m
[31m+   { id: 'inventory', labelAr: '╪º┘ä┘à╪«╪▓┘ê┘å', labelFr: 'Stock', icon: Package, route: '/inventory', 
permission: 'view_inventory' },[39m
[31m+   { id: 'customers', labelAr: '╪º┘ä╪▓╪¿╪º╪ª┘å', labelFr: 'Clients', icon: Users, route: '/customers', 
permission: 'view_customers' },[39m
[31m+   { id: 'suppliers', labelAr: '╪º┘ä┘à┘ê╪▒╪»┘ê┘å', labelFr: 'Fournisseurs', icon: UserCheck, route: 
'/suppliers', permission: 'view_suppliers' },[39m
[31m+   { id: 'expenses', labelAr: '╪º┘ä┘à╪╡╪º╪▒┘è┘ü', labelFr: 'D├⌐penses', icon: Landmark, route: '/expenses', 
permission: 'view_cashbox' },[39m
[31m+   { id: 'accounting', labelAr: '╪º┘ä┘à╪¡╪º╪│╪¿╪⌐ ╪º┘ä┘à╪¬┘é╪»┘à╪⌐', labelFr: 'Comptabilit├⌐', icon: Landmark, 
route: '/accounting', permission: 'view_reports' },[39m
[31m+   { id: 'settings', labelAr: '╪º┘ä╪Ñ╪╣╪»╪º╪»╪º╪¬', labelFr: 'Param├¿tres', icon: Settings, route: '/settings', 
permission: 'view_settings' },[39m
[31m+   { id: 'logout', labelAr: '╪¬╪│╪¼┘è┘ä ╪º┘ä╪«╪▒┘ê╪¼', labelFr: 'D├⌐connexion', icon: LogOut, position: 'bottom' 
},[39m
[31m+ ];[39m
[31m+[39m
[31m+ /* ΓöÇΓöÇ Custom Animated Navigation Item with macOS Dock Magnification & Tooltip Trigger ΓöÇΓöÇ */[39m
[31m+ interface SidebarNavItemProps {[39m
[31m+   item: NavItem;[39m
[31m+   isActive: boolean;[39m
[31m+   isHovered: boolean;[39m
[31m+   lang: 'ar' | 'fr';[39m
[31m+   onClick: () => void;[39m
[31m+   index: number;[39m
[31m+   hoveredIndex: number | null;[39m
[31m+   setHoveredIndex: (idx: number | null) => void;[39m
[31m+   onShowTooltip: (label: string, top: number) => void;[39m
[31m+   onHideTooltip: () => void;[39m
[31m+ }[39m
[31m+[39m
[31m+ function SidebarNavItem({[39m
[31m+   item,[39m
[31m+   isActive,[39m
[31m+   isHovered,[39m
[31m+   lang,[39m
[31m+   onClick,[39m
[31m+   index,[39m
[31m+   hoveredIndex,[39m
[31m+   setHoveredIndex,[39m
[31m+   onShowTooltip,[39m
[31m+   onHideTooltip[39m
[31m+ }: SidebarNavItemProps) {[39m
[31m+   const Icon = item.icon;[39m
[31m+   const label = lang === 'ar' ? item.labelAr : item.labelFr;[39m
[31m+   const springTransition = { type: 'spring', stiffness: 380, damping: 20 } as const;[39m
[31m+[39m
[31m+   // macOS Dock proximity magnification calculation[39m
[31m+   let scale = 1;[39m
[31m+   let y = 0;[39m
[31m+   if (!isHovered && hoveredIndex !== null) {[39m
[31m+     const dist = Math.abs(hoveredIndex - index);[39m
[31m+     if (dist === 0) {[39m
[31m+       scale = 1.35;[39m
[31m+       y = -4; // Lift slightly more for organic dock feeling[39m
[31m+     } else if (dist === 1) {[39m
[31m+       scale = 1.16;[39m
[31m+       y = -2;[39m
[31m+     } else if (dist === 2) {[39m
[31m+       scale = 1.05;[39m
[31m+       y = -0.5;[39m
[31m+     }[39m
[31m+   }[39m
[31m+[39m
[31m+   const handleMouseEnter = (e: React.MouseEvent<HTMLButtonElement>) => {[39m
[31m+     if (!isHovered) {[39m
[31m+       setHoveredIndex(index);[39m
[31m+       const rect = e.currentTarget.getBoundingClientRect();[39m
[31m+       const parentRect = e.currentTarget.closest('.sidebar')?.getBoundingClientRect();[39m
[31m+       if (rect && parentRect) {[39m
[31m+         const top = rect.top - parentRect.top + rect.height / 2;[39m
[31m+         onShowTooltip(label, top);[39m
[31m+       }[39m
[31m+     }[39m
[31m+   };[39m
[31m+[39m
[31m+   const handleMouseLeave = () => {[39m
[31m+     if (!isHovered) {[39m
[31m+       setHoveredIndex(null);[39m
[31m+     }[39m
[31m+     onHideTooltip();[39m
[31m+   };[39m
[31m+[39m
[31m+   return ([39m
[31m+     <div className="relative w-full">[39m
[31m+       <motion.button[39m
[31m+         onClick={onClick}[39m
[31m+         onMouseEnter={handleMouseEnter}[39m
[31m+         onMouseLeave={handleMouseLeave}[39m
[31m+         animate={!isHovered ? { scale, y } : { scale: 1, y: 0 }}[39m
[31m+         whileHover={isHovered ? { x: lang === 'ar' ? -5 : 5 } : undefined}[39m
[31m+         transition={springTransition}[39m
[31m+         className={`[39m
[31m+           group relative flex items-center rounded-xl px-3 py-3 text-sm font-bold[39m
[31m+           transition-colors duration-200 w-full cursor-pointer select-none[39m
[31m+           ${isActive[39m
[31m+             ? isHovered [39m
[31m+               ? 'text-primary_blue shadow-[0_0_15px_rgba(59,130,246,0.15)] border border-primary_blue/20 
bg-primary_blue/5' [39m
[31m+               : 'bg-gradient-to-b from-primary_blue/20 to-primary_blue/5 text-primary_blue 
shadow-[0_0_15px_rgba(59,130,246,0.3)] border border-primary_blue/20'[39m
[31m+             : item.id === 'logout'[39m
[31m+               ? 'text-danger_red/70 hover:bg-danger_red/10 hover:text-danger_red'[39m
[31m+               : 'text-text_secondary hover:bg-background_card_hover hover:text-text_primary'[39m
[31m+           }[39m
[31m+         `}[39m
[31m+       >[39m
[31m+         {/* Sliding active background indicator - only when expanded */}[39m
[31m+         {isActive && isHovered && ([39m
[31m+           <motion.div[39m
[31m+             layoutId="activeIndicatorBackground"[39m
[31m+             className="absolute inset-0 rounded-xl bg-gradient-to-b from-primary_blue/25 to-primary_blue/5 
border border-primary_blue/20 shadow-[0_0_15px_rgba(59,130,246,0.2)] z-0"[39m
[31m+             transition={springTransition}[39m
[31m+           />[39m
[31m+         )}[39m
[31m+[39m
[31m+         {/* Sliding active line indicator - only when expanded */}[39m
[31m+         {isActive && isHovered && ([39m
[31m+           <motion.div[39m
[31m+             layoutId="activeIndicatorLine"[39m
[31m+             className={`absolute inset-y-3.5 ${lang === 'ar' ? 'right-0 rounded-l-full' : 'left-0 
rounded-r-full'} w-1 bg-primary_blue shadow-[0_0_8px_rgba(59,130,246,0.8)] z-10`}[39m
[31m+             transition={springTransition}[39m
[31m+           />[39m
[31m+         )}[39m
[31m+[39m
[31m+         {/* Apple macOS style small glowing dot at the bottom of the button when collapsed and active */}[39m
[31m+         {!isHovered && isActive && ([39m
[31m+           <motion.div[39m
[31m+             layoutId="activeIndicatorDot"[39m
[31m+             className="absolute bottom-1 left-1/2 -translate-x-1/2 w-1.5 h-1.5 rounded-full bg-primary_blue 
shadow-[0_0_8px_rgba(59,130,246,0.85)] z-10"[39m
[31m+             transition={springTransition}[39m
[31m+           />[39m
[31m+         )}[39m
[31m+[39m
[31m+         <div className={`flex items-center justify-center min-w-[24px] z-10 ${isActive ? 'text-primary_blue' : 
'text-text_muted group-hover:text-primary_blue'} transition-colors`}>[39m
[31m+           <Icon size={22} />[39m
[31m+         </div>[39m
[31m+[39m
[31m+         <span[39m
[31m+           className={`font-semibold whitespace-nowrap text-start overflow-hidden flex-1 z-10 transition-all 
duration-300 ease-in-out ${isHovered ? 'opacity-100 max-w-[200px] ml-3 mr-3' : 'opacity-0 max-w-0 ml-0 mr-0'}`}[39m
[31m+         >[39m
[31m+           {label}[39m
[31m+         </span>[39m
[31m+       </motion.button>[39m
[31m+     </div>[39m
[31m+   );[39m
[31m+ }[39m
[31m+[39m
[31m+ /* ΓöÇΓöÇ Custom Animated Theme Toggle with Tooltip Trigger ΓöÇΓöÇ */[39m
[31m+ interface SidebarThemeToggleProps {[39m
[31m+   theme: 'dark' | 'light';[39m
[31m+   toggleTheme: () => void;[39m
[31m+   isHovered: boolean;[39m
[31m+   lang: 'ar' | 'fr';[39m
[31m+   index: number;[39m
[31m+   hoveredIndex: number | null;[39m
[31m+   setHoveredIndex: (idx: number | null) => void;[39m
[31m+   onShowTooltip: (label: string, top: number) => void;[39m
[31m+   onHideTooltip: () => void;[39m
[31m+ }[39m
[31m+[39m
[31m+ function SidebarThemeToggle({[39m
[31m+   theme,[39m
[31m+   toggleTheme,[39m
[31m+   isHovered,[39m
[31m+   lang,[39m
[31m+   index,[39m
[31m+   hoveredIndex,[39m
[31m+   setHoveredIndex,[39m
[31m+   onShowTooltip,[39m
[31m+   onHideTooltip[39m
[31m+ }: SidebarThemeToggleProps) {[39m
[31m+   const label = theme === 'dark' [39m
[31m+     ? (lang === 'ar' ? '╪º┘ä┘ê╪╢╪╣ ╪º┘ä┘ü╪º╪¬╪¡' : 'Mode Clair') [39m
[31m+     : (lang === 'ar' ? '╪º┘ä┘ê╪╢╪╣ ╪º┘ä╪»╪º┘â┘å' : 'Mode Sombre');[39m
[31m+   const springTransition = { type: 'spring', stiffness: 380, damping: 20 } as const;[39m
[31m+[39m
[31m+   // macOS Dock proximity magnification calculation[39m
[31m+   let scale = 1;[39m
[31m+   let y = 0;[39m
[31m+   if (!isHovered && hoveredIndex !== null) {[39m
[31m+     const dist = Math.abs(hoveredIndex - index);[39m
[31m+     if (dist === 0) {[39m
[31m+       scale = 1.35;[39m
[31m+       y = -4;[39m
[31m+     } else if (dist === 1) {[39m
[31m+       scale = 1.16;[39m
[31m+       y = -2;[39m
[31m+     } else if (dist === 2) {[39m
[31m+       scale = 1.05;[39m
[31m+       y = -0.5;[39m
[31m+     }[39m
[31m+   }[39m
[31m+[39m
[31m+   const handleMouseEnter = (e: React.MouseEvent<HTMLButtonElement>) => {[39m
[31m+     if (!isHovered) {[39m
[31m+       setHoveredIndex(index);[39m
[31m+       const rect = e.currentTarget.getBoundingClientRect();[39m
[31m+       const parentRect = e.currentTarget.closest('.sidebar')?.getBoundingClientRect();[39m
[31m+       if (rect && parentRect) {[39m
[31m+         const top = rect.top - parentRect.top + rect.height / 2;[39m
[31m+         onShowTooltip(label, top);[39m
[31m+       }[39m
[31m+     }[39m
[31m+   };[39m
[31m+[39m
[31m+   const handleMouseLeave = () => {[39m
[31m+     if (!isHovered) {[39m
[31m+       setHoveredIndex(null);[39m
[31m+     }[39m
[31m+     onHideTooltip();[39m
[31m+   };[39m
[31m+[39m
[31m+   return ([39m
[31m+     <div className="relative w-full">[39m
[31m+       <motion.button[39m
[31m+         onClick={toggleTheme}[39m
[31m+         onMouseEnter={handleMouseEnter}[39m
[31m+         onMouseLeave={handleMouseLeave}[39m
[31m+         animate={!isHovered ? { scale, y } : { scale: 1, y: 0 }}[39m
[31m+         whileHover={isHovered ? { x: lang === 'ar' ? -5 : 5 } : undefined}[39m
[31m+         transition={springTransition}[39m
[31m+         className="flex items-center w-full px-3 py-3 rounded-xl transition-colors duration-200 group 
bg-background_secondary hover:bg-background_card_hover text-text_primary cursor-pointer border border-border_default 
select-none"[39m
[31m+       >[39m
[31m+         <div className="shrink-0 flex items-center justify-center relative min-w-[24px]">[39m
[31m+           {theme === 'dark' ? <Sun size={20} className="text-warning_amber animate-pulse" /> : <Moon size={20} 
className="text-primary_blue" />}[39m
[31m+         </div>[39m
[31m+         <div[39m
[31m+           className={`flex-1 whitespace-nowrap overflow-hidden text-sm font-semibold transition-all 
duration-300 ease-in-out text-start ${[39m
[31m+             isHovered ? 'opacity-100 max-w-[200px] mx-3' : 'opacity-0 max-w-0 mx-0'[39m
[31m+           }`}[39m
[31m+         >[39m
[31m+           {label}[39m
[31m+         </div>[39m
[31m+       </motion.button>[39m
[31m+     </div>[39m
[31m+   );[39m
[31m+ }[39m
[31m+[39m
[31m+ export default function Sidebar() {[39m
[31m+   const navigate = useNavigate();[39m
[31m+   const location = useLocation();[39m
[31m+   const { i18n } = useTranslation();[39m
[31m+   const { user, logout, hasPermission } = useAuth();[39m
[31m+   const { theme, toggleTheme } = useAppStore();[39m
[31m+   const lang = i18n.language as 'ar' | 'fr';[39m
[31m+[39m
[31m+   const [hoveredIndex, setHoveredIndex] = useState<number | null>(null);[39m
[31m+   const [isSidebarHovered, setIsSidebarHovered] = useState(false);[39m
[31m+   const [activeTooltip, setActiveTooltip] = useState<{ label: string; top: number } | null>(null);[39m
[31m+[39m
[31m+   const isDashboard = location.pathname === '/dashboard';[39m
[31m+   const isInvoicePage = location.pathname.includes('/purchases') || location.pathname.includes('/pos') || 
location.pathname.includes('/sales');[39m
[31m+   const collapsedWidth = isInvoicePage ? 64 : 80;[39m
[31m+   [39m
[31m+   // ONLY expand on hover if we are strictly on the Dashboard/Control Panel page.[39m
[31m+   // In any other interface (Sales, Purchases, POS, etc.), the sidebar stays small and NEVER expands on 
hover.[39m
[31m+   const isExpanded = isDashboard && isSidebarHovered;[39m
[31m+   const currentWidth = isExpanded ? 260 : collapsedWidth;[39m
[31m+[39m
[31m+   const filteredItems = NAV_ITEMS.filter((item) => {[39m
[31m+     if (!user) return false;[39m
[31m+     if (item.permission && !hasPermission(item.permission)) return false;[39m
[31m+     return true;[39m
[31m+   });[39m
[31m+[39m
[31m+   const topItems = filteredItems.filter((i) => i.position !== 'bottom');[39m
[31m+   const bottomItems = filteredItems.filter((i) => i.position === 'bottom');[39m
[31m+[39m
[31m+   const handleClick = (item: NavItem) => {[39m
[31m+     if (item.id === 'logout') {[39m
[31m+       logout();[39m
[31m+       navigate('/login');[39m
[31m+       return;[39m
[31m+     }[39m
[31m+     if (item.route) navigate(item.route);[39m
[31m+   };[39m
[31m+[39m
[31m+   const handleShowTooltip = (label: string, top: number) => {[39m
[31m+     setActiveTooltip({ label, top });[39m
[31m+   };[39m
[31m+[39m
[31m+   const handleHideTooltip = () => {[39m
[31m+     setActiveTooltip(null);[39m
[31m+   };[39m
[31m+[39m
[31m+   const renderItem = (item: NavItem, idx: number, baseIndex: number) => {[39m
[31m+     const isActive = item.route ? location.pathname.startsWith(item.route) : false;[39m
[31m+     return ([39m
[31m+       <SidebarNavItem[39m
[31m+         key={item.id}[39m
[31m+         item={item}[39m
[31m+         isActive={isActive}[39m
[31m+         isHovered={isExpanded}[39m
[31m+         lang={lang}[39m
[31m+         onClick={() => handleClick(item)}[39m
[31m+         index={baseIndex + idx}[39m
[31m+         hoveredIndex={hoveredIndex}[39m
[31m+         setHoveredIndex={setHoveredIndex}[39m
[31m+         onShowTooltip={handleShowTooltip}[39m
[31m+         onHideTooltip={handleHideTooltip}[39m
[31m+       />[39m
[31m+     );[39m
[31m+   };[39m
[31m+[39m
[31m+   const layoutSpringTransition = { type: 'spring', stiffness: 380, damping: 30 } as const;[39m
[31m+[39m
[31m+   return ([39m
[31m+     <motion.aside[39m
[31m+       initial={false}[39m
[31m+       animate={{ width: currentWidth }}[39m
[31m+       transition={layoutSpringTransition}[39m
[31m+       onMouseEnter={() => isDashboard && setIsSidebarHovered(true)}[39m
[31m+       onMouseLeave={() => {[39m
[31m+         setIsSidebarHovered(false);[39m
[31m+         setHoveredIndex(null);[39m
[31m+         setActiveTooltip(null);[39m
[31m+       }}[39m
[31m+       className="sidebar flex h-[calc(100%-16px)] my-2 mx-2 rounded-3xl flex-col bg-sidebar_bg py-6 z-50 
relative shadow-2xl border border-border_default transition-colors duration-300"[39m
[31m+     >[39m
[31m+       {/* Logo */}[39m
[31m+       <div className={`mb-8 flex items-center justify-between overflow-hidden h-12 ${isInvoicePage ? 'px-3' : 
'px-5'}`}>[39m
[31m+         <div className="flex items-center gap-3">[39m
[31m+           <div className="min-w-[40px] h-10 rounded-xl bg-gradient-to-br from-primary_blue to-blue-800 flex 
items-center justify-center shadow-glow-blue shrink-0 cursor-pointer">[39m
[31m+             <Wrench className="w-5 h-5 text-text_primary" />[39m
[31m+           </div>[39m
[31m+           {isExpanded && ([39m
[31m+             <motion.div[39m
[31m+               initial={{ opacity: 0, x: lang === 'ar' ? 20 : -20 }}[39m
[31m+               animate={{ opacity: 1, x: 0 }}[39m
[31m+               className="flex flex-col whitespace-nowrap overflow-hidden"[39m
[31m+             >[39m
[31m+               <h1 className="text-sm font-bold text-text_primary leading-tight">SparePartsERP</h1>[39m
[31m+               <span className="text-[10px] text-text_muted uppercase tracking-widest">v1.0.0</span>[39m
[31m+             </motion.div>[39m
[31m+           )}[39m
[31m+         </div>[39m
[31m+       </div>[39m
[31m+[39m
[31m+       {/* Navigation */}[39m
[31m+       <nav className={`flex flex-1 flex-col gap-1.5 px-3 overflow-y-auto custom-scrollbar ${isExpanded ? 
'overflow-x-hidden' : 'overflow-x-visible'}`}>[39m
[31m+         {topItems.map((item, idx) => renderItem(item, idx, 0))}[39m
[31m+       </nav>[39m
[31m+[39m
[31m+       {/* Bottom */}[39m
[31m+       <div className={`mt-auto px-3 pt-6 border-t border-border_default flex flex-col gap-1.5 ${isExpanded ? 
'overflow-x-hidden' : 'overflow-x-visible'}`}>[39m
[31m+         {/* Theme Toggle */}[39m
[31m+         <SidebarThemeToggle[39m
[31m+           theme={theme}[39m
[31m+           toggleTheme={toggleTheme}[39m
[31m+           isHovered={isExpanded}[39m
[31m+           lang={lang}[39m
[31m+           index={topItems.length}[39m
[31m+           hoveredIndex={hoveredIndex}[39m
[31m+           setHoveredIndex={setHoveredIndex}[39m
[31m+           onShowTooltip={handleShowTooltip}[39m
[31m+           onHideTooltip={handleHideTooltip}[39m
[31m+         />[39m
[31m+[39m
[31m+         {bottomItems.map((item, idx) => renderItem(item, idx, topItems.length + 1))}[39m
[31m+       </div>[39m
[31m+[39m
[31m+       {/* Floating Apple-style Tooltip when collapsed */}[39m
[31m+       <AnimatePresence>[39m
[31m+         {activeTooltip && ([39m
[31m+           <motion.div[39m
[31m+             initial={{ opacity: 0, x: lang === 'ar' ? -20 : 20, scale: 0.8 }}[39m
[31m+             animate={{ opacity: 1, x: 0, scale: 1 }}[39m
[31m+             exit={{ opacity: 0, x: lang === 'ar' ? -15 : 15, scale: 0.8 }}[39m
[31m+             transition={{ type: 'spring', stiffness: 450, damping: 20 }}[39m
[31m+             style={{ top: activeTooltip.top }}[39m
[31m+             className={`absolute -translate-y-1/2 z-[100] ${[39m
[31m+               lang === 'ar' ? 'right-full mr-4' : 'left-full ml-4'[39m
[31m+             } pointer-events-none whitespace-nowrap font-cairo`}[39m
[31m+           >[39m
[31m+             <div className="relative px-4 py-2 rounded-xl bg-black/75 dark:bg-black/90 backdrop-blur-xl border 
border-white/10 dark:border-white/5 shadow-[0_12px_40px_rgba(0,0,0,0.4)] flex items-center justify-center">[39m
[31m+               <span className="text-white text-xs font-bold font-cairo 
select-none">{activeTooltip.label}</span>[39m
[31m+             </div>[39m
[31m+           </motion.div>[39m
[31m+         )}[39m
[31m+       </AnimatePresence>[39m
[31m+     </motion.aside>[39m
[31m+   );[39m
[31m+ }[39m
[31m+[39m

[36m [2mΓ¥»[22m tests/comprehensive.test.ts:[2m913:21[22m[39m
    [90m911| [39m
    [90m912| [39m    [90m// Sidebar has 'finance' route but it's not in App.tsx[39m
    [90m913| [39m    [34mexpect[39m(content)[33m.[39m[34mtoContain[39m([32m"route: 
'/finance'"[39m)[33m;[39m
    [90m   | [39m                    [31m^[39m
    [90m914| [39m  })[33m;[39m
    [90m915| [39m

[31m[2mΓÄ»ΓÄ»ΓÄ»ΓÄ»ΓÄ»ΓÄ»ΓÄ»ΓÄ»ΓÄ»ΓÄ»ΓÄ»ΓÄ»ΓÄ»ΓÄ»ΓÄ»ΓÄ»ΓÄ»ΓÄ»ΓÄ»ΓÄ»ΓÄ»ΓÄ»[14/27]ΓÄ»[22m[39m

[31m[1m[7m FAIL [27m[22m[39m tests/comprehensive.test.ts[2m > [22mSidebar Navigation - ╪º┘ä╪¬╪¡┘é┘é ┘à┘å 
╪º┘ä┘é╪º╪ª┘à╪⌐ ╪º┘ä╪¼╪º┘å╪¿┘è╪⌐[2m > [22mshould verify all sidebar items have permissions defined
[31m[1mAssertionError[22m: expected '/**\n * Sidebar ΓÇö SparePartsERP\n * ╪¿ΓÇª' to contain 'view_vehicles'[39m

[32m- Expected[39m
[31m+ Received[39m

[32m- view_vehicles[39m
[31m+ /**[39m
[31m+  * Sidebar ΓÇö SparePartsERP[39m
[31m+  * ╪¿╪»┘ê┘å ┘ü╪▒┘ê╪╣╪î ╪¿╪»┘ê┘å logistics╪î ╪¿╪»┘ê┘å sync[39m
[31m+  * ╪¿╪»┘ê┘å ┘à╪▒╪¬╪¼╪╣╪º╪¬ ┘ê╪╡┘å╪»┘ê┘é (╪¬┘à ╪»┘à╪¼┘ç┘à ┘ü┘è ╪º┘ä┘à╪╡╪º╪▒┘è┘ü ┘ê┘â╪┤┘ê┘ü ╪º┘ä╪¡╪│╪º╪¿╪º╪¬)[39m
[31m+  */[39m
[31m+ import { useState } from 'react';[39m
[31m+ import { useNavigate, useLocation } from 'react-router-dom';[39m
[31m+ import { useTranslation } from 'react-i18next';[39m
[31m+ import { useAuth } from '../../../hooks/useAuth';[39m
[31m+ import { motion, AnimatePresence } from 'framer-motion';[39m
[31m+ import {[39m
[31m+   Home, ShoppingCart, ShoppingBag, Package,[39m
[31m+   Users, UserCheck, Landmark, Settings, LogOut,[39m
[31m+   Wrench, Sun, Moon[39m
[31m+ } from 'lucide-react';[39m
[31m+ import { useAppStore } from '../../../store/app.store';[39m
[31m+[39m
[31m+ interface NavItem {[39m
[31m+   id: string;[39m
[31m+   labelAr: string;[39m
[31m+   labelFr: string;[39m
[31m+   icon: React.ElementType;[39m
[31m+   route?: string;[39m
[31m+   permission?: string;[39m
[31m+   position?: 'bottom';[39m
[31m+ }[39m
[31m+[39m
[31m+ const NAV_ITEMS: NavItem[] = [[39m
[31m+   { id: 'dashboard', labelAr: '┘ä┘ê╪¡╪⌐ ╪º┘ä╪¬╪¡┘â┘à', labelFr: 'Tableau de bord', icon: Home, route: 
'/dashboard' },[39m
[31m+   { id: 'pos', labelAr: '┘å┘é╪╖╪⌐ ╪º┘ä╪¿┘è╪╣ (POS)', labelFr: 'Point de Vente', icon: ShoppingCart, route: 
'/pos', permission: 'create_sales' },[39m
[31m+   { id: 'sales', labelAr: '┘ü┘ê╪º╪¬┘è╪▒ ╪º┘ä┘à╪¿┘è╪╣╪º╪¬', labelFr: 'Factures Ventes', icon: ShoppingCart, 
route: '/sales', permission: 'view_sales' },[39m
[31m+   { id: 'purchases', labelAr: '╪º┘ä┘à╪┤╪¬╪▒┘è╪º╪¬', labelFr: 'Achats', icon: ShoppingBag, route: '/purchases', 
permission: 'view_purchases' },[39m
[31m+   { id: 'inventory', labelAr: '╪º┘ä┘à╪«╪▓┘ê┘å', labelFr: 'Stock', icon: Package, route: '/inventory', 
permission: 'view_inventory' },[39m
[31m+   { id: 'customers', labelAr: '╪º┘ä╪▓╪¿╪º╪ª┘å', labelFr: 'Clients', icon: Users, route: '/customers', 
permission: 'view_customers' },[39m
[31m+   { id: 'suppliers', labelAr: '╪º┘ä┘à┘ê╪▒╪»┘ê┘å', labelFr: 'Fournisseurs', icon: UserCheck, route: 
'/suppliers', permission: 'view_suppliers' },[39m
[31m+   { id: 'expenses', labelAr: '╪º┘ä┘à╪╡╪º╪▒┘è┘ü', labelFr: 'D├⌐penses', icon: Landmark, route: '/expenses', 
permission: 'view_cashbox' },[39m
[31m+   { id: 'accounting', labelAr: '╪º┘ä┘à╪¡╪º╪│╪¿╪⌐ ╪º┘ä┘à╪¬┘é╪»┘à╪⌐', labelFr: 'Comptabilit├⌐', icon: Landmark, 
route: '/accounting', permission: 'view_reports' },[39m
[31m+   { id: 'settings', labelAr: '╪º┘ä╪Ñ╪╣╪»╪º╪»╪º╪¬', labelFr: 'Param├¿tres', icon: Settings, route: '/settings', 
permission: 'view_settings' },[39m
[31m+   { id: 'logout', labelAr: '╪¬╪│╪¼┘è┘ä ╪º┘ä╪«╪▒┘ê╪¼', labelFr: 'D├⌐connexion', icon: LogOut, position: 'bottom' 
},[39m
[31m+ ];[39m
[31m+[39m
[31m+ /* ΓöÇΓöÇ Custom Animated Navigation Item with macOS Dock Magnification & Tooltip Trigger ΓöÇΓöÇ */[39m
[31m+ interface SidebarNavItemProps {[39m
[31m+   item: NavItem;[39m
[31m+   isActive: boolean;[39m
[31m+   isHovered: boolean;[39m
[31m+   lang: 'ar' | 'fr';[39m
[31m+   onClick: () => void;[39m
[31m+   index: number;[39m
[31m+   hoveredIndex: number | null;[39m
[31m+   setHoveredIndex: (idx: number | null) => void;[39m
[31m+   onShowTooltip: (label: string, top: number) => void;[39m
[31m+   onHideTooltip: () => void;[39m
[31m+ }[39m
[31m+[39m
[31m+ function SidebarNavItem({[39m
[31m+   item,[39m
[31m+   isActive,[39m
[31m+   isHovered,[39m
[31m+   lang,[39m
[31m+   onClick,[39m
[31m+   index,[39m
[31m+   hoveredIndex,[39m
[31m+   setHoveredIndex,[39m
[31m+   onShowTooltip,[39m
[31m+   onHideTooltip[39m
[31m+ }: SidebarNavItemProps) {[39m
[31m+   const Icon = item.icon;[39m
[31m+   const label = lang === 'ar' ? item.labelAr : item.labelFr;[39m
[31m+   const springTransition = { type: 'spring', stiffness: 380, damping: 20 } as const;[39m
[31m+[39m
[31m+   // macOS Dock proximity magnification calculation[39m
[31m+   let scale = 1;[39m
[31m+   let y = 0;[39m
[31m+   if (!isHovered && hoveredIndex !== null) {[39m
[31m+     const dist = Math.abs(hoveredIndex - index);[39m
[31m+     if (dist === 0) {[39m
[31m+       scale = 1.35;[39m
[31m+       y = -4; // Lift slightly more for organic dock feeling[39m
[31m+     } else if (dist === 1) {[39m
[31m+       scale = 1.16;[39m
[31m+       y = -2;[39m
[31m+     } else if (dist === 2) {[39m
[31m+       scale = 1.05;[39m
[31m+       y = -0.5;[39m
[31m+     }[39m
[31m+   }[39m
[31m+[39m
[31m+   const handleMouseEnter = (e: React.MouseEvent<HTMLButtonElement>) => {[39m
[31m+     if (!isHovered) {[39m
[31m+       setHoveredIndex(index);[39m
[31m+       const rect = e.currentTarget.getBoundingClientRect();[39m
[31m+       const parentRect = e.currentTarget.closest('.sidebar')?.getBoundingClientRect();[39m
[31m+       if (rect && parentRect) {[39m
[31m+         const top = rect.top - parentRect.top + rect.height / 2;[39m
[31m+         onShowTooltip(label, top);[39m
[31m+       }[39m
[31m+     }[39m
[31m+   };[39m
[31m+[39m
[31m+   const handleMouseLeave = () => {[39m
[31m+     if (!isHovered) {[39m
[31m+       setHoveredIndex(null);[39m
[31m+     }[39m
[31m+     onHideTooltip();[39m
[31m+   };[39m
[31m+[39m
[31m+   return ([39m
[31m+     <div className="relative w-full">[39m
[31m+       <motion.button[39m
[31m+         onClick={onClick}[39m
[31m+         onMouseEnter={handleMouseEnter}[39m
[31m+         onMouseLeave={handleMouseLeave}[39m
[31m+         animate={!isHovered ? { scale, y } : { scale: 1, y: 0 }}[39m
[31m+         whileHover={isHovered ? { x: lang === 'ar' ? -5 : 5 } : undefined}[39m
[31m+         transition={springTransition}[39m
[31m+         className={`[39m
[31m+           group relative flex items-center rounded-xl px-3 py-3 text-sm font-bold[39m
[31m+           transition-colors duration-200 w-full cursor-pointer select-none[39m
[31m+           ${isActive[39m
[31m+             ? isHovered [39m
[31m+               ? 'text-primary_blue shadow-[0_0_15px_rgba(59,130,246,0.15)] border border-primary_blue/20 
bg-primary_blue/5' [39m
[31m+               : 'bg-gradient-to-b from-primary_blue/20 to-primary_blue/5 text-primary_blue 
shadow-[0_0_15px_rgba(59,130,246,0.3)] border border-primary_blue/20'[39m
[31m+             : item.id === 'logout'[39m
[31m+               ? 'text-danger_red/70 hover:bg-danger_red/10 hover:text-danger_red'[39m
[31m+               : 'text-text_secondary hover:bg-background_card_hover hover:text-text_primary'[39m
[31m+           }[39m
[31m+         `}[39m
[31m+       >[39m
[31m+         {/* Sliding active background indicator - only when expanded */}[39m
[31m+         {isActive && isHovered && ([39m
[31m+           <motion.div[39m
[31m+             layoutId="activeIndicatorBackground"[39m
[31m+             className="absolute inset-0 rounded-xl bg-gradient-to-b from-primary_blue/25 to-primary_blue/5 
border border-primary_blue/20 shadow-[0_0_15px_rgba(59,130,246,0.2)] z-0"[39m
[31m+             transition={springTransition}[39m
[31m+           />[39m
[31m+         )}[39m
[31m+[39m
[31m+         {/* Sliding active line indicator - only when expanded */}[39m
[31m+         {isActive && isHovered && ([39m
[31m+           <motion.div[39m
[31m+             layoutId="activeIndicatorLine"[39m
[31m+             className={`absolute inset-y-3.5 ${lang === 'ar' ? 'right-0 rounded-l-full' : 'left-0 
rounded-r-full'} w-1 bg-primary_blue shadow-[0_0_8px_rgba(59,130,246,0.8)] z-10`}[39m
[31m+             transition={springTransition}[39m
[31m+           />[39m
[31m+         )}[39m
[31m+[39m
[31m+         {/* Apple macOS style small glowing dot at the bottom of the button when collapsed and active */}[39m
[31m+         {!isHovered && isActive && ([39m
[31m+           <motion.div[39m
[31m+             layoutId="activeIndicatorDot"[39m
[31m+             className="absolute bottom-1 left-1/2 -translate-x-1/2 w-1.5 h-1.5 rounded-full bg-primary_blue 
shadow-[0_0_8px_rgba(59,130,246,0.85)] z-10"[39m
[31m+             transition={springTransition}[39m
[31m+           />[39m
[31m+         )}[39m
[31m+[39m
[31m+         <div className={`flex items-center justify-center min-w-[24px] z-10 ${isActive ? 'text-primary_blue' : 
'text-text_muted group-hover:text-primary_blue'} transition-colors`}>[39m
[31m+           <Icon size={22} />[39m
[31m+         </div>[39m
[31m+[39m
[31m+         <span[39m
[31m+           className={`font-semibold whitespace-nowrap text-start overflow-hidden flex-1 z-10 transition-all 
duration-300 ease-in-out ${isHovered ? 'opacity-100 max-w-[200px] ml-3 mr-3' : 'opacity-0 max-w-0 ml-0 mr-0'}`}[39m
[31m+         >[39m
[31m+           {label}[39m
[31m+         </span>[39m
[31m+       </motion.button>[39m
[31m+     </div>[39m
[31m+   );[39m
[31m+ }[39m
[31m+[39m
[31m+ /* ΓöÇΓöÇ Custom Animated Theme Toggle with Tooltip Trigger ΓöÇΓöÇ */[39m
[31m+ interface SidebarThemeToggleProps {[39m
[31m+   theme: 'dark' | 'light';[39m
[31m+   toggleTheme: () => void;[39m
[31m+   isHovered: boolean;[39m
[31m+   lang: 'ar' | 'fr';[39m
[31m+   index: number;[39m
[31m+   hoveredIndex: number | null;[39m
[31m+   setHoveredIndex: (idx: number | null) => void;[39m
[31m+   onShowTooltip: (label: string, top: number) => void;[39m
[31m+   onHideTooltip: () => void;[39m
[31m+ }[39m
[31m+[39m
[31m+ function SidebarThemeToggle({[39m
[31m+   theme,[39m
[31m+   toggleTheme,[39m
[31m+   isHovered,[39m
[31m+   lang,[39m
[31m+   index,[39m
[31m+   hoveredIndex,[39m
[31m+   setHoveredIndex,[39m
[31m+   onShowTooltip,[39m
[31m+   onHideTooltip[39m
[31m+ }: SidebarThemeToggleProps) {[39m
[31m+   const label = theme === 'dark' [39m
[31m+     ? (lang === 'ar' ? '╪º┘ä┘ê╪╢╪╣ ╪º┘ä┘ü╪º╪¬╪¡' : 'Mode Clair') [39m
[31m+     : (lang === 'ar' ? '╪º┘ä┘ê╪╢╪╣ ╪º┘ä╪»╪º┘â┘å' : 'Mode Sombre');[39m
[31m+   const springTransition = { type: 'spring', stiffness: 380, damping: 20 } as const;[39m
[31m+[39m
[31m+   // macOS Dock proximity magnification calculation[39m
[31m+   let scale = 1;[39m
[31m+   let y = 0;[39m
[31m+   if (!isHovered && hoveredIndex !== null) {[39m
[31m+     const dist = Math.abs(hoveredIndex - index);[39m
[31m+     if (dist === 0) {[39m
[31m+       scale = 1.35;[39m
[31m+       y = -4;[39m
[31m+     } else if (dist === 1) {[39m
[31m+       scale = 1.16;[39m
[31m+       y = -2;[39m
[31m+     } else if (dist === 2) {[39m
[31m+       scale = 1.05;[39m
[31m+       y = -0.5;[39m
[31m+     }[39m
[31m+   }[39m
[31m+[39m
[31m+   const handleMouseEnter = (e: React.MouseEvent<HTMLButtonElement>) => {[39m
[31m+     if (!isHovered) {[39m
[31m+       setHoveredIndex(index);[39m
[31m+       const rect = e.currentTarget.getBoundingClientRect();[39m
[31m+       const parentRect = e.currentTarget.closest('.sidebar')?.getBoundingClientRect();[39m
[31m+       if (rect && parentRect) {[39m
[31m+         const top = rect.top - parentRect.top + rect.height / 2;[39m
[31m+         onShowTooltip(label, top);[39m
[31m+       }[39m
[31m+     }[39m
[31m+   };[39m
[31m+[39m
[31m+   const handleMouseLeave = () => {[39m
[31m+     if (!isHovered) {[39m
[31m+       setHoveredIndex(null);[39m
[31m+     }[39m
[31m+     onHideTooltip();[39m
[31m+   };[39m
[31m+[39m
[31m+   return ([39m
[31m+     <div className="relative w-full">[39m
[31m+       <motion.button[39m
[31m+         onClick={toggleTheme}[39m
[31m+         onMouseEnter={handleMouseEnter}[39m
[31m+         onMouseLeave={handleMouseLeave}[39m
[31m+         animate={!isHovered ? { scale, y } : { scale: 1, y: 0 }}[39m
[31m+         whileHover={isHovered ? { x: lang === 'ar' ? -5 : 5 } : undefined}[39m
[31m+         transition={springTransition}[39m
[31m+         className="flex items-center w-full px-3 py-3 rounded-xl transition-colors duration-200 group 
bg-background_secondary hover:bg-background_card_hover text-text_primary cursor-pointer border border-border_default 
select-none"[39m
[31m+       >[39m
[31m+         <div className="shrink-0 flex items-center justify-center relative min-w-[24px]">[39m
[31m+           {theme === 'dark' ? <Sun size={20} className="text-warning_amber animate-pulse" /> : <Moon size={20} 
className="text-primary_blue" />}[39m
[31m+         </div>[39m
[31m+         <div[39m
[31m+           className={`flex-1 whitespace-nowrap overflow-hidden text-sm font-semibold transition-all 
duration-300 ease-in-out text-start ${[39m
[31m+             isHovered ? 'opacity-100 max-w-[200px] mx-3' : 'opacity-0 max-w-0 mx-0'[39m
[31m+           }`}[39m
[31m+         >[39m
[31m+           {label}[39m
[31m+         </div>[39m
[31m+       </motion.button>[39m
[31m+     </div>[39m
[31m+   );[39m
[31m+ }[39m
[31m+[39m
[31m+ export default function Sidebar() {[39m
[31m+   const navigate = useNavigate();[39m
[31m+   const location = useLocation();[39m
[31m+   const { i18n } = useTranslation();[39m
[31m+   const { user, logout, hasPermission } = useAuth();[39m
[31m+   const { theme, toggleTheme } = useAppStore();[39m
[31m+   const lang = i18n.language as 'ar' | 'fr';[39m
[31m+[39m
[31m+   const [hoveredIndex, setHoveredIndex] = useState<number | null>(null);[39m
[31m+   const [isSidebarHovered, setIsSidebarHovered] = useState(false);[39m
[31m+   const [activeTooltip, setActiveTooltip] = useState<{ label: string; top: number } | null>(null);[39m
[31m+[39m
[31m+   const isDashboard = location.pathname === '/dashboard';[39m
[31m+   const isInvoicePage = location.pathname.includes('/purchases') || location.pathname.includes('/pos') || 
location.pathname.includes('/sales');[39m
[31m+   const collapsedWidth = isInvoicePage ? 64 : 80;[39m
[31m+   [39m
[31m+   // ONLY expand on hover if we are strictly on the Dashboard/Control Panel page.[39m
[31m+   // In any other interface (Sales, Purchases, POS, etc.), the sidebar stays small and NEVER expands on 
hover.[39m
[31m+   const isExpanded = isDashboard && isSidebarHovered;[39m
[31m+   const currentWidth = isExpanded ? 260 : collapsedWidth;[39m
[31m+[39m
[31m+   const filteredItems = NAV_ITEMS.filter((item) => {[39m
[31m+     if (!user) return false;[39m
[31m+     if (item.permission && !hasPermission(item.permission)) return false;[39m
[31m+     return true;[39m
[31m+   });[39m
[31m+[39m
[31m+   const topItems = filteredItems.filter((i) => i.position !== 'bottom');[39m
[31m+   const bottomItems = filteredItems.filter((i) => i.position === 'bottom');[39m
[31m+[39m
[31m+   const handleClick = (item: NavItem) => {[39m
[31m+     if (item.id === 'logout') {[39m
[31m+       logout();[39m
[31m+       navigate('/login');[39m
[31m+       return;[39m
[31m+     }[39m
[31m+     if (item.route) navigate(item.route);[39m
[31m+   };[39m
[31m+[39m
[31m+   const handleShowTooltip = (label: string, top: number) => {[39m
[31m+     setActiveTooltip({ label, top });[39m
[31m+   };[39m
[31m+[39m
[31m+   const handleHideTooltip = () => {[39m
[31m+     setActiveTooltip(null);[39m
[31m+   };[39m
[31m+[39m
[31m+   const renderItem = (item: NavItem, idx: number, baseIndex: number) => {[39m
[31m+     const isActive = item.route ? location.pathname.startsWith(item.route) : false;[39m
[31m+     return ([39m
[31m+       <SidebarNavItem[39m
[31m+         key={item.id}[39m
[31m+         item={item}[39m
[31m+         isActive={isActive}[39m
[31m+         isHovered={isExpanded}[39m
[31m+         lang={lang}[39m
[31m+         onClick={() => handleClick(item)}[39m
[31m+         index={baseIndex + idx}[39m
[31m+         hoveredIndex={hoveredIndex}[39m
[31m+         setHoveredIndex={setHoveredIndex}[39m
[31m+         onShowTooltip={handleShowTooltip}[39m
[31m+         onHideTooltip={handleHideTooltip}[39m
[31m+       />[39m
[31m+     );[39m
[31m+   };[39m
[31m+[39m
[31m+   const layoutSpringTransition = { type: 'spring', stiffness: 380, damping: 30 } as const;[39m
[31m+[39m
[31m+   return ([39m
[31m+     <motion.aside[39m
[31m+       initial={false}[39m
[31m+       animate={{ width: currentWidth }}[39m
[31m+       transition={layoutSpringTransition}[39m
[31m+       onMouseEnter={() => isDashboard && setIsSidebarHovered(true)}[39m
[31m+       onMouseLeave={() => {[39m
[31m+         setIsSidebarHovered(false);[39m
[31m+         setHoveredIndex(null);[39m
[31m+         setActiveTooltip(null);[39m
[31m+       }}[39m
[31m+       className="sidebar flex h-[calc(100%-16px)] my-2 mx-2 rounded-3xl flex-col bg-sidebar_bg py-6 z-50 
relative shadow-2xl border border-border_default transition-colors duration-300"[39m
[31m+     >[39m
[31m+       {/* Logo */}[39m
[31m+       <div className={`mb-8 flex items-center justify-between overflow-hidden h-12 ${isInvoicePage ? 'px-3' : 
'px-5'}`}>[39m
[31m+         <div className="flex items-center gap-3">[39m
[31m+           <div className="min-w-[40px] h-10 rounded-xl bg-gradient-to-br from-primary_blue to-blue-800 flex 
items-center justify-center shadow-glow-blue shrink-0 cursor-pointer">[39m
[31m+             <Wrench className="w-5 h-5 text-text_primary" />[39m
[31m+           </div>[39m
[31m+           {isExpanded && ([39m
[31m+             <motion.div[39m
[31m+               initial={{ opacity: 0, x: lang === 'ar' ? 20 : -20 }}[39m
[31m+               animate={{ opacity: 1, x: 0 }}[39m
[31m+               className="flex flex-col whitespace-nowrap overflow-hidden"[39m
[31m+             >[39m
[31m+               <h1 className="text-sm font-bold text-text_primary leading-tight">SparePartsERP</h1>[39m
[31m+               <span className="text-[10px] text-text_muted uppercase tracking-widest">v1.0.0</span>[39m
[31m+             </motion.div>[39m
[31m+           )}[39m
[31m+         </div>[39m
[31m+       </div>[39m
[31m+[39m
[31m+       {/* Navigation */}[39m
[31m+       <nav className={`flex flex-1 flex-col gap-1.5 px-3 overflow-y-auto custom-scrollbar ${isExpanded ? 
'overflow-x-hidden' : 'overflow-x-visible'}`}>[39m
[31m+         {topItems.map((item, idx) => renderItem(item, idx, 0))}[39m
[31m+       </nav>[39m
[31m+[39m
[31m+       {/* Bottom */}[39m
[31m+       <div className={`mt-auto px-3 pt-6 border-t border-border_default flex flex-col gap-1.5 ${isExpanded ? 
'overflow-x-hidden' : 'overflow-x-visible'}`}>[39m
[31m+         {/* Theme Toggle */}[39m
[31m+         <SidebarThemeToggle[39m
[31m+           theme={theme}[39m
[31m+           toggleTheme={toggleTheme}[39m
[31m+           isHovered={isExpanded}[39m
[31m+           lang={lang}[39m
[31m+           index={topItems.length}[39m
[31m+           hoveredIndex={hoveredIndex}[39m
[31m+           setHoveredIndex={setHoveredIndex}[39m
[31m+           onShowTooltip={handleShowTooltip}[39m
[31m+           onHideTooltip={handleHideTooltip}[39m
[31m+         />[39m
[31m+[39m
[31m+         {bottomItems.map((item, idx) => renderItem(item, idx, topItems.length + 1))}[39m
[31m+       </div>[39m
[31m+[39m
[31m+       {/* Floating Apple-style Tooltip when collapsed */}[39m
[31m+       <AnimatePresence>[39m
[31m+         {activeTooltip && ([39m
[31m+           <motion.div[39m
[31m+             initial={{ opacity: 0, x: lang === 'ar' ? -20 : 20, scale: 0.8 }}[39m
[31m+             animate={{ opacity: 1, x: 0, scale: 1 }}[39m
[31m+             exit={{ opacity: 0, x: lang === 'ar' ? -15 : 15, scale: 0.8 }}[39m
[31m+             transition={{ type: 'spring', stiffness: 450, damping: 20 }}[39m
[31m+             style={{ top: activeTooltip.top }}[39m
[31m+             className={`absolute -translate-y-1/2 z-[100] ${[39m
[31m+               lang === 'ar' ? 'right-full mr-4' : 'left-full ml-4'[39m
[31m+             } pointer-events-none whitespace-nowrap font-cairo`}[39m
[31m+           >[39m
[31m+             <div className="relative px-4 py-2 rounded-xl bg-black/75 dark:bg-black/90 backdrop-blur-xl border 
border-white/10 dark:border-white/5 shadow-[0_12px_40px_rgba(0,0,0,0.4)] flex items-center justify-center">[39m
[31m+               <span className="text-white text-xs font-bold font-cairo 
select-none">{activeTooltip.label}</span>[39m
[31m+             </div>[39m
[31m+           </motion.div>[39m
[31m+         )}[39m
[31m+       </AnimatePresence>[39m
[31m+     </motion.aside>[39m
[31m+   );[39m
[31m+ }[39m
[31m+[39m

[36m [2mΓ¥»[22m tests/comprehensive.test.ts:[2m928:23[22m[39m
    [90m926| [39m
    [90m927| [39m    permissions[33m.[39m[34mforEach[39m((perm) [33m=>[39m {
    [90m928| [39m      [34mexpect[39m(content)[33m.[39m[34mtoContain[39m(perm)[33m;[39m
    [90m   | [39m                      [31m^[39m
    [90m929| [39m    })[33m;[39m
    [90m930| [39m  })[33m;[39m
[90m [2mΓ¥»[22m tests/comprehensive.test.ts:[2m927:17[22m[39m

[31m[2mΓÄ»ΓÄ»ΓÄ»ΓÄ»ΓÄ»ΓÄ»ΓÄ»ΓÄ»ΓÄ»ΓÄ»ΓÄ»ΓÄ»ΓÄ»ΓÄ»ΓÄ»ΓÄ»ΓÄ»ΓÄ»ΓÄ»ΓÄ»ΓÄ»ΓÄ»[15/27]ΓÄ»[22m[39m

[31m[1m[7m FAIL [27m[22m[39m tests/comprehensive.test.ts[2m > [22mReturns Page - ╪º┘ä╪¬╪¡┘é┘é ┘à┘å ╪╡┘ü╪¡╪⌐ 
╪º┘ä┘à╪▒╪¬╪¼╪╣╪º╪¬[2m > [22mshould detect non-existent field references
[31m[1mError[22m: ENOENT: no such file or directory, open 'C:\aissa\src\features\returns\ReturnsPage.tsx'[39m
[90m [2mΓ¥»[22m Proxy.readFileSync node:fs:[2m440:20[22m[39m
[36m [2mΓ¥»[22m tests/comprehensive.test.ts:[2m940:21[22m[39m
    [90m938| [39m  [34mit[39m([32m'should detect non-existent field references'[39m[33m,[39m () [33m=>[39m {
    [90m939| [39m    [35mconst[39m returnsPath [33m=[39m [34mjoin[39m([34mdirname[39m(__dirname)[33m,[39m 
[32m'src'[39m[33m,[39m [32m'features'[39m[33m,[39m [32m'r[39mΓÇª
    [90m940| [39m    [35mconst[39m content [33m=[39m [34mreadFileSync[39m(returnsPath[33m,[39m 
[32m'utf-8'[39m)[33m;[39m
    [90m   | [39m                    [31m^[39m
    [90m941| [39m
    [90m942| [39m    [90m// ReturnsPage uses product.price and product.cost_price which don[39mΓÇª

[31m[2mΓÄ»ΓÄ»ΓÄ»ΓÄ»ΓÄ»ΓÄ»ΓÄ»ΓÄ»ΓÄ»ΓÄ»ΓÄ»ΓÄ»ΓÄ»ΓÄ»ΓÄ»ΓÄ»ΓÄ»ΓÄ»ΓÄ»ΓÄ»ΓÄ»ΓÄ»ΓÄ»ΓÄ»ΓÄ»ΓÄ»ΓÄ»ΓÄ»ΓÄ»ΓÄ»[22m[39m
[31m[1mSerialized Error:[22m[39m [90m{ errno: -4058, code: 'ENOENT', syscall: 'open', path: 
'C:\aissa\src\features\returns\ReturnsPage.tsx' }[39m
[31m[2mΓÄ»ΓÄ»ΓÄ»ΓÄ»ΓÄ»ΓÄ»ΓÄ»ΓÄ»ΓÄ»ΓÄ»ΓÄ»ΓÄ»ΓÄ»ΓÄ»ΓÄ»ΓÄ»ΓÄ»ΓÄ»ΓÄ»ΓÄ»ΓÄ»ΓÄ»[16/27]ΓÄ»[22m[39m

[31m[1m[7m FAIL [27m[22m[39m tests/comprehensive.test.ts[2m > [22mReturns Page - ╪º┘ä╪¬╪¡┘é┘é ┘à┘å ╪╡┘ü╪¡╪⌐ 
╪º┘ä┘à╪▒╪¬╪¼╪╣╪º╪¬[2m > [22mshould detect useState used incorrectly (as useEffect)
[31m[1mError[22m: ENOENT: no such file or directory, open 'C:\aissa\src\features\returns\ReturnsPage.tsx'[39m
[90m [2mΓ¥»[22m Proxy.readFileSync node:fs:[2m440:20[22m[39m
[36m [2mΓ¥»[22m tests/comprehensive.test.ts:[2m949:21[22m[39m
    [90m947| [39m  [34mit[39m([32m'should detect useState used incorrectly (as useEffect)'[39m[33m,[39m () 
[33m=>[39m {
    [90m948| [39m    [35mconst[39m returnsPath [33m=[39m [34mjoin[39m([34mdirname[39m(__dirname)[33m,[39m 
[32m'src'[39m[33m,[39m [32m'features'[39m[33m,[39m [32m'r[39mΓÇª
    [90m949| [39m    [35mconst[39m content [33m=[39m [34mreadFileSync[39m(returnsPath[33m,[39m 
[32m'utf-8'[39m)[33m;[39m
    [90m   | [39m                    [31m^[39m
    [90m950| [39m
    [90m951| [39m    [90m// Line 38: useState(() => { loadParties(returnType); }) should be[39mΓÇª

[31m[2mΓÄ»ΓÄ»ΓÄ»ΓÄ»ΓÄ»ΓÄ»ΓÄ»ΓÄ»ΓÄ»ΓÄ»ΓÄ»ΓÄ»ΓÄ»ΓÄ»ΓÄ»ΓÄ»ΓÄ»ΓÄ»ΓÄ»ΓÄ»ΓÄ»ΓÄ»ΓÄ»ΓÄ»ΓÄ»ΓÄ»ΓÄ»ΓÄ»ΓÄ»ΓÄ»[22m[39m
[31m[1mSerialized Error:[22m[39m [90m{ errno: -4058, code: 'ENOENT', syscall: 'open', path: 
'C:\aissa\src\features\returns\ReturnsPage.tsx' }[39m
[31m[2mΓÄ»ΓÄ»ΓÄ»ΓÄ»ΓÄ»ΓÄ»ΓÄ»ΓÄ»ΓÄ»ΓÄ»ΓÄ»ΓÄ»ΓÄ»ΓÄ»ΓÄ»ΓÄ»ΓÄ»ΓÄ»ΓÄ»ΓÄ»ΓÄ»ΓÄ»[17/27]ΓÄ»[22m[39m

[31m[1m[7m FAIL [27m[22m[39m tests/comprehensive.test.ts[2m > [22mPOS Page - ╪º┘ä╪¬╪¡┘é┘é ┘à┘å ╪╡┘ü╪¡╪⌐ 
┘å┘é╪╖╪⌐ ╪º┘ä╪¿┘è╪╣[2m > [22mshould detect sale_type mismatch (container vs half_wholesale)
[31m[1mAssertionError[22m: expected 'import { useState, useEffect, useCallΓÇª' to contain '\'container\''[39m

[32m- Expected[39m
[31m+ Received[39m

[32m- 'container'[39m
[31m+ import { useState, useEffect, useCallback, useRef } from 'react';
[39m
[31m+ import { motion, AnimatePresence } from 'framer-motion';
[39m
[31m+ import { useReactToPrint } from 'react-to-print';
[39m
[31m+ import {
[39m
[31m+   Search, Trash2, Printer, Save, CheckCircle, Plus,
[39m
[31m+   User, Package, X, ArrowUpDown, ShieldAlert, Lock,
[39m
[31m+   FolderOpen, Calendar, XCircle, FileText, EyeOff, Eye, Car
[39m
[31m+ } from 'lucide-react';
[39m
[31m+ import { useAuth } from '../../hooks/useAuth';
[39m
[31m+ import { roundTo2, calcItemDiscount, calcItemTotal, calcSubtotal, calcGlobalDiscount, calcTax, calcTotal, 
calcRemaining } from '../../utils/calculations';
[39m
[31m+ import { InvoicePrintTemplate } from '../../shared/components/print/InvoicePrintTemplate';
[39m
[31m+ import ProInvoiceLayout from '../../shared/components/layout/ProInvoiceLayout';
[39m
[31m+ import AdvancedProductFinder from '../shared/AdvancedProductFinder';
[39m
[31m+ import FitmentsBadges from '../shared/FitmentsBadges';
[39m
[31m+ import { toast } from 'sonner';
[39m
[31m+ import { AdminPinModal } from '../../shared/components/ui/AdminPinModal';
[39m
[31m+ 
[39m
[31m+ type SaleType = 'retail' | 'wholesale' | 'half_wholesale';
[39m
[31m+ type DiscountType = 'percent' | 'amount';
[39m
[31m+ 
[39m
[31m+ interface InvoiceItem {
[39m
[31m+   id: string;
[39m
[31m+   product_id: number;
[39m
[31m+   product_name_snapshot: string;
[39m
[31m+   product_barcode_snapshot: string | null;
[39m
[31m+   quantity: number;
[39m
[31m+   unit: string;
[39m
[31m+   unit_price: number;
[39m
[31m+   purchase_price_snapshot: number;
[39m
[31m+   item_discount_type: DiscountType;
[39m
[31m+   item_discount_value: number;
[39m
[31m+   item_discount_amount: number;
[39m
[31m+   total: number;
[39m
[31m+   stock_available: number;
[39m
[31m+   sort_order: number;
[39m
[31m+   retail_price_snapshot?: number;
[39m
[31m+   wholesale_price_snapshot?: number;
[39m
[31m+   has_sub_unit?: boolean;
[39m
[31m+   pieces_per_box?: number;
[39m
[31m+   unit_name?: string;
[39m
[31m+ }
[39m
[31m+ 
[39m
[31m+ interface ColumnDef {
[39m
[31m+   id: string;
[39m
[31m+   label: string;
[39m
[31m+   width: number;
[39m
[31m+   align: 'right' | 'center' | 'left';
[39m
[31m+   sortable?: boolean;
[39m
[31m+   flex?: boolean;
[39m
[31m+   sortKey?: string;
[39m
[31m+   hidden?: boolean;
[39m
[31m+ }
[39m
[31m+ 
[39m
[31m+ const INITIAL_COLUMNS: ColumnDef[] = [
[39m
[31m+   { id: 'index', label: '#', width: 60, align: 'center' },
[39m
[31m+   { id: 'barcode', label: '╪º┘ä┘â┘ê╪»', width: 130, align: 'center', sortable: true, sortKey: 
'product_barcode_snapshot' },
[39m
[31m+   { id: 'name', label: '╪º┘ä╪¬╪│┘à┘è╪⌐', width: 380, align: 'right', sortable: true, sortKey: 
'product_name_snapshot', flex: true },
[39m
[31m+   { id: 'price', label: '╪│╪╣╪▒ ╪º┘ä╪¿┘è╪╣', width: 120, align: 'center' },
[39m
[31m+   { id: 'discount', label: '╪¬╪«┘ü┘è╪╢', width: 110, align: 'center' },
[39m
[31m+   { id: 'stock', label: '╪º┘ä┘à╪«╪▓┘ê┘å', width: 90, align: 'center' },
[39m
[31m+   { id: 'quantity', label: '╪º┘ä┘â┘à┘è╪⌐', width: 110, align: 'center' },
[39m
[31m+   { id: 'total', label: '╪º┘ä┘à╪¿┘ä╪║ ╪º┘ä╪Ñ╪¼┘à╪º┘ä┘è', width: 160, align: 'center' },
[39m
[31m+   { id: 'unit', label: '╪º┘ä┘ê╪¡╪»╪⌐', width: 100, align: 'center' },
[39m
[31m+   { id: 'actions', label: '', width: 60, align: 'center' },
[39m
[31m+ ];
[39m
[31m+ 
[39m
[31m+ const ALL_SALE_TYPES: { value: SaleType; label: string; priceField: string }[] = [
[39m
[31m+   { value: 'retail', label: '╪¬╪¼╪▓╪ª╪⌐ (┘é╪╖╪╣╪⌐)', priceField: 'retail_price' },
[39m
[31m+   { value: 'half_wholesale', label: '┘å╪╡┘ü ╪¼┘à┘ä╪⌐', priceField: 'half_wholesale_price' },
[39m
[31m+   { value: 'wholesale', label: '╪¼┘à┘ä╪⌐ (╪╣┘ä╪¿╪⌐)', priceField: 'wholesale_price' },
[39m
[31m+ ];
[39m
[31m+ 
[39m
[31m+ export default function SalesInvoicePage() {
[39m
[31m+   const { user } = useAuth();
[39m
[31m+   const productSearchRef = useRef<HTMLInputElement>(null);
[39m
[31m+   const customerSearchRef = useRef<HTMLInputElement>(null);
[39m
[31m+   const printRef = useRef<HTMLDivElement>(null);
[39m
[31m+   const isSavingRef = useRef(false);
[39m
[31m+   const isSavedRef = useRef(false);
[39m
[31m+ 
[39m
[31m+   // Invoice header
[39m
[31m+   const [currentInvoiceId, setCurrentInvoiceId] = useState<number | null>(null);
[39m
[31m+   const [invoiceNumber, setInvoiceNumber] = useState('');
[39m
[31m+   const [saleType, setSaleType] = useState<SaleType>('retail');
[39m
[31m+   const [customerId, setCustomerId] = useState<number | null>(null);
[39m
[31m+   const [customerName, setCustomerName] = useState('╪▓╪¿┘ê┘å ╪╣╪º┘à');
[39m
[31m+   const [customerPhone, setCustomerPhone] = useState('');
[39m
[31m+   const [customerBalance, setCustomerBalance] = useState<number>(0);
[39m
[31m+   const [paymentMethod, setPaymentMethod] = useState<'cash' | 'credit' | 'mixed'>('cash');
[39m
[31m+   const [notes, setNotes] = useState('');
[39m
[31m+ 
[39m
[31m+   // Items
[39m
[31m+   const [items, setItems] = useState<InvoiceItem[]>([]);
[39m
[31m+ 
[39m
[31m+   // Branch pricing control fallback for local system
[39m
[31m+   const isHQ = true;
[39m
[31m+   const isRetailBranch = false;
[39m
[31m+ 
[39m
[31m+   // Sorting
[39m
[31m+   const [sortConfig, setSortConfig] = useState<{ key: string, direction: 'asc' | 'desc' } | null>(null);
[39m
[31m+ 
[39m
[31m+   // Open Modal State
[39m
[31m+   const [showOpenModal, setShowOpenModal] = useState(false);
[39m
[31m+   const [openModalSearch, setOpenModalSearch] = useState('');
[39m
[31m+   const [openModalDate, setOpenModalDate] = useState(new Date().toISOString().split('T')[0]);
[39m
[31m+   const [openModalInvoices, setOpenModalInvoices] = useState<any[]>([]);
[39m
[31m+   const [openModalLoading, setOpenModalLoading] = useState(false);
[39m
[31m+   
[39m
[31m+   const [isCancelled, setIsCancelled] = useState(false);
[39m
[31m+   const [showPinModal, setShowPinModal] = useState(false);
[39m
[31m+   const [pinAction, setPinAction] = useState<'cancel' | 'high_discount' | null>(null);
[39m
[31m+ 
[39m
[31m+   const loadInvoices = async () => {
[39m
[31m+     setOpenModalLoading(true);
[39m
[31m+     try {
[39m
[31m+       const res: any = await window.electronAPI.invoke('db:sales:getAll', {
[39m
[31m+         date_from: openModalDate,
[39m
[31m+         date_to: openModalDate,
[39m
[31m+         search: openModalSearch,
[39m
[31m+         limit: 50
[39m
[31m+       });
[39m
[31m+       if (res.success) setOpenModalInvoices(rows => res.data);
[39m
[31m+     } catch (e) { toast.error('╪«╪╖╪ú ┘ü┘è ╪¬╪¡┘à┘è┘ä ╪º┘ä┘ü┘ê╪º╪¬┘è╪▒'); }
[39m
[31m+     setOpenModalLoading(false);
[39m
[31m+   };
[39m
[31m+ 
[39m
[31m+   useEffect(() => {
[39m
[31m+     if (showOpenModal) {
[39m
[31m+       loadInvoices();
[39m
[31m+     }
[39m
[31m+   }, [showOpenModal, openModalDate, openModalSearch]);
[39m
[31m+ 
[39m
[31m+   const handleOpenInvoice = async (id: number) => {
[39m
[31m+     try {
[39m
[31m+       const res: any = await window.electronAPI?.invoke('db:sales:getById', id);
[39m
[31m+       if (res?.success && res.data) {
[39m
[31m+         const inv = res.data;
[39m
[31m+         setCurrentInvoiceId(inv.id);
[39m
[31m+         isSavedRef.current = true;
[39m
[31m+         setInvoiceNumber(inv.invoice_number);
[39m
[31m+         setCustomerId(inv.customer_id);
[39m
[31m+         setCustomerName(inv.customer_name || '╪▓╪¿┘ê┘å ╪╣╪º┘à');
[39m
[31m+         setCustomerPhone(''); // Fetch if needed
[39m
[31m+         setCustomerBalance(inv.customer_balance || 0);
[39m
[31m+         setGlobalDiscountValue(inv.global_discount_value || 0);
[39m
[31m+         setTaxPercent(inv.tax_percent || 0);
[39m
[31m+         setPaidAmount(inv.paid || 0);
[39m
[31m+         setNotes(inv.notes || '');
[39m
[31m+         const mappedItems = (inv.items || []).map((item: any) => ({
[39m
[31m+           id: `item-${item.id || Date.now()}-${Math.random()}`,
[39m
[31m+           product_id: item.product_id,
[39m
[31m+           product_name_snapshot: item.product_name_snapshot || item.product_name || '',
[39m
[31m+           product_barcode_snapshot: item.product_barcode_snapshot || item.product_barcode || null,
[39m
[31m+           quantity: item.quantity,
[39m
[31m+           unit: item.unit || '┘â┘è╪│',
[39m
[31m+           unit_price: item.unit_price,
[39m
[31m+           purchase_price_snapshot: item.cost_price_snapshot || 0,
[39m
[31m+           item_discount_type: item.item_discount_type || 'percent',
[39m
[31m+           item_discount_value: item.item_discount_value || 0,
[39m
[31m+           item_discount_amount: item.item_discount_amount || 0,
[39m
[31m+           total: item.total,
[39m
[31m+           stock_available: item.quantity,
[39m
[31m+           sort_order: item.sort_order || 0,
[39m
[31m+           retail_price_snapshot: item.retail_price || item.unit_price,
[39m
[31m+           wholesale_price_snapshot: item.wholesale_price || item.unit_price,
[39m
[31m+         }));
[39m
[31m+         setItems(mappedItems);
[39m
[31m+         setIsCancelled(inv.status === 'cancelled');
[39m
[31m+         setShowOpenModal(false);
[39m
[31m+       }
[39m
[31m+     } catch (e) {
[39m
[31m+       console.error('Error opening invoice:', e);
[39m
[31m+     }
[39m
[31m+   };
[39m
[31m+ 
[39m
[31m+   const toggleSort = (key: string) => {
[39m
[31m+     setSortConfig(prev => {
[39m
[31m+       if (prev?.key === key) {
[39m
[31m+         return { key, direction: prev.direction === 'asc' ? 'desc' : 'asc' };
[39m
[31m+       }
[39m
[31m+       return { key, direction: 'asc' };
[39m
[31m+     });
[39m
[31m+   };
[39m
[31m+ 
[39m
[31m+   const sortedItems = [...items].sort((a, b) => {
[39m
[31m+     if (!sortConfig) return 0;
[39m
[31m+     const { key, direction } = sortConfig;
[39m
[31m+     let valA = (a as any)[key] ?? '';
[39m
[31m+     let valB = (b as any)[key] ?? '';
[39m
[31m+     
[39m
[31m+     if (typeof valA === 'string' && typeof valB === 'string') {
[39m
[31m+       return direction === 'asc' ? valA.localeCompare(valB) : valB.localeCompare(valA);
[39m
[31m+     }
[39m
[31m+     return direction === 'asc' ? (Number(valA) - Number(valB)) : (Number(valB) - Number(valA));
[39m
[31m+   });
[39m
[31m+ 
[39m
[31m+   // Totals
[39m
[31m+   const [globalDiscountType, setGlobalDiscountType] = useState<DiscountType>('percent');
[39m
[31m+   const [globalDiscountValue, setGlobalDiscountValue] = useState(0);
[39m
[31m+   const [taxPercent, setTaxPercent] = useState(0);
[39m
[31m+   const [paidAmount, setPaidAmount] = useState(0);
[39m
[31m+ 
[39m
[31m+   // Search states
[39m
[31m+   const [productSearch, setProductSearch] = useState('');
[39m
[31m+   const [productResults, setProductResults] = useState<any[]>([]);
[39m
[31m+   const [showProductDropdown, setShowProductDropdown] = useState(false);
[39m
[31m+   const [dropdownSortKey, setDropdownSortKey] = useState<string>('');
[39m
[31m+   const [dropdownSortDir, setDropdownSortDir] = useState<'asc' | 'desc'>('asc');
[39m
[31m+   const [customerSearch, setCustomerSearch] = useState('');
[39m
[31m+   const [customerResults, setCustomerResults] = useState<any[]>([]);
[39m
[31m+   const [showCustomerDropdown, setShowCustomerDropdown] = useState(false);
[39m
[31m+ 
[39m
[31m+   const [saving, setSaving] = useState(false);
[39m
[31m+   const [saveSessionId, setSaveSessionId] = 
useState(`SALE-${Date.now()}-${Math.random().toString(36).substring(2, 9)}`);
[39m
[31m+ 
[39m
[31m+   // Columns State (Reorderable & Resizable)
[39m
[31m+   const [columns, setColumns] = useState<ColumnDef[]>(() => {
[39m
[31m+     const saved = localStorage.getItem('invoice_columns_layout_v2');
[39m
[31m+     return saved ? JSON.parse(saved) : INITIAL_COLUMNS;
[39m
[31m+   });
[39m
[31m+   
[39m
[31m+   const [draggedColIndex, setDraggedColIndex] = useState<number | null>(null);
[39m
[31m+   const [contextMenu, setContextMenu] = useState<{ x: number, y: number, colId: string } | null>(null);
[39m
[31m+   const [rowContextMenu, setRowContextMenu] = useState<{ x: number, y: number, itemId: string, productId: 
number } | null>(null);
[39m
[31m+ 
[39m
[31m+   const [showAdvancedSearch, setShowAdvancedSearch] = useState(false);
[39m
[31m+ 
[39m
[31m+   useEffect(() => {
[39m
[31m+     localStorage.setItem('invoice_columns_layout_v2', JSON.stringify(columns));
[39m
[31m+   }, [columns]);
[39m
[31m+ 
[39m
[31m+   // Close context menu on outside click
[39m
[31m+   useEffect(() => {
[39m
[31m+     const closeMenu = () => {
[39m
[31m+       setContextMenu(null);
[39m
[31m+       setRowContextMenu(null);
[39m
[31m+     };
[39m
[31m+     window.addEventListener('click', closeMenu);
[39m
[31m+     return () => window.removeEventListener('click', closeMenu);
[39m
[31m+   }, []);
[39m
[31m+ 
[39m
[31m+   const handleDragStart = (idx: number) => setDraggedColIndex(idx);
[39m
[31m+   const handleDragOver = (e: React.DragEvent, idx: number) => {
[39m
[31m+     e.preventDefault();
[39m
[31m+     if (draggedColIndex === null || draggedColIndex === idx) return;
[39m
[31m+     const newCols = [...columns];
[39m
[31m+     const draggedItem = newCols[draggedColIndex];
[39m
[31m+     newCols.splice(draggedColIndex, 1);
[39m
[31m+     newCols.splice(idx, 0, draggedItem);
[39m
[31m+     setDraggedColIndex(idx);
[39m
[31m+     setColumns(newCols);
[39m
[31m+   };
[39m
[31m+ 
[39m
[31m+   const handleResize = (id: string, newWidth: number) => {
[39m
[31m+     setColumns(prev => prev.map(col => col.id === id ? { ...col, width: Math.max(50, newWidth) } : col));
[39m
[31m+   };
[39m
[31m+ 
[39m
[31m+   // Calculate totals
[39m
[31m+   const subtotal = calcSubtotal(items.map(i => i.total));
[39m
[31m+   const globalDiscountAmount = calcGlobalDiscount(subtotal, globalDiscountType, globalDiscountValue);
[39m
[31m+   const totalBeforeTax = roundTo2(subtotal - globalDiscountAmount);
[39m
[31m+   const taxAmount = calcTax(totalBeforeTax, taxPercent);
[39m
[31m+   const total = calcTotal(totalBeforeTax, taxAmount);
[39m
[31m+   const remaining = calcRemaining(total, paidAmount);
[39m
[31m+ 
[39m
[31m+   // Calculate live customer debt
[39m
[31m+   let displayedDebt = 0;
[39m
[31m+   const previousDebt = customerBalance;
[39m
[31m+   
[39m
[31m+   if (currentInvoiceId) {
[39m
[31m+     // If editing an existing confirmed invoice, the balance already includes its previous remaining.
[39m
[31m+     // For simplicity, we just show the recorded balance.
[39m
[31m+     displayedDebt = previousDebt; 
[39m
[31m+   } else {
[39m
[31m+     // For a new invoice, the total debt will be their previous debt + what they haven't paid now.
[39m
[31m+     displayedDebt = previousDebt + remaining;
[39m
[31m+   }
[39m
[31m+ 
[39m
[31m+   // Link Logic: Auto-sync paid amount for General Customer, Manual for others
[39m
[31m+   const [isLinked, setIsLinked] = useState(true);
[39m
[31m+ 
[39m
[31m+   useEffect(() => {
[39m
[31m+     if (currentInvoiceId) return; // Prevent overwriting loaded data
[39m
[31m+     
[39m
[31m+     if (!customerId) {
[39m
[31m+       setIsLinked(true);
[39m
[31m+       setPaidAmount(total);
[39m
[31m+     } else {
[39m
[31m+       // When a specific customer is selected, reset to 0 and unlink
[39m
[31m+       setIsLinked(false);
[39m
[31m+       setPaidAmount(0);
[39m
[31m+     }
[39m
[31m+   }, [customerId, currentInvoiceId]);
[39m
[31m+ 
[39m
[31m+   // Keep synced if linked
[39m
[31m+   useEffect(() => {
[39m
[31m+     if (isLinked && !currentInvoiceId) {
[39m
[31m+       setPaidAmount(total);
[39m
[31m+     }
[39m
[31m+   }, [total, isLinked, currentInvoiceId]);
[39m
[31m+ 
[39m
[31m+   // Get next invoice number on mount
[39m
[31m+   useEffect(() => {
[39m
[31m+     const api = window.electronAPI;
[39m
[31m+     if (api) {
[39m
[31m+       // Create a default invoice number for display
[39m
[31m+       const todayStr = new Date().toISOString().split('T')[0].replace(/-/g, '');
[39m
[31m+       setInvoiceNumber(`INV-${todayStr}-XXXX`);
[39m
[31m+     }
[39m
[31m+   }, []);
[39m
[31m+ 
[39m
[31m+   // Product search with debounce
[39m
[31m+   useEffect(() => {
[39m
[31m+     if (productSearch.length < 1) { setProductResults([]); setShowProductDropdown(false); return; }
[39m
[31m+     const timer = setTimeout(async () => {
[39m
[31m+       const api = window.electronAPI;
[39m
[31m+       if (!api) return;
[39m
[31m+       const res: any = await api.invoke('db:products:search', productSearch);
[39m
[31m+       if (res?.success) { setProductResults(res.data); setShowProductDropdown(true); }
[39m
[31m+     }, 300);
[39m
[31m+     return () => clearTimeout(timer);
[39m
[31m+   }, [productSearch]);
[39m
[31m+ 
[39m
[31m+   // Customer search with debounce
[39m
[31m+   useEffect(() => {
[39m
[31m+     if (customerSearch.length < 1) { setCustomerResults([]); setShowCustomerDropdown(false); return; }
[39m
[31m+     const timer = setTimeout(async () => {
[39m
[31m+       const api = window.electronAPI;
[39m
[31m+       if (!api) return;
[39m
[31m+       const res: any = await api.invoke('db:customers:search', customerSearch);
[39m
[31m+       if (res?.success) { setCustomerResults(res.data); setShowCustomerDropdown(true); }
[39m
[31m+     }, 300);
[39m
[31m+     return () => clearTimeout(timer);
[39m
[31m+   }, [customerSearch]);
[39m
[31m+ 
[39m
[31m+   // Add product to invoice with branch pricing rules
[39m
[31m+   const addProduct = useCallback((product: any) => {
[39m
[31m+     const existing = items.find(i => i.product_id === product.id);
[39m
[31m+     if (existing) {
[39m
[31m+       setItems(prev => prev.map(i =>
[39m
[31m+         i.product_id === product.id
[39m
[31m+           ? { ...i, quantity: i.quantity + 1, total: calcItemTotal(i.unit_price, i.quantity + 1, 
i.item_discount_amount) }
[39m
[31m+           : i
[39m
[31m+       ));
[39m
[31m+     } else {
[39m
[31m+       const defaultPrice = product.retail_price || 0;
[39m
[31m+       const newItem: InvoiceItem = {
[39m
[31m+         id: `item-${Date.now()}`,
[39m
[31m+         product_id: product.id,
[39m
[31m+         product_name_snapshot: product.name,
[39m
[31m+         product_barcode_snapshot: product.barcode,
[39m
[31m+         quantity: 1,
[39m
[31m+         unit: product.unit_name || '╪¡╪¿╪⌐',
[39m
[31m+         unit_price: defaultPrice,
[39m
[31m+         purchase_price_snapshot: product.purchase_price || 0,
[39m
[31m+         item_discount_type: 'percent',
[39m
[31m+         item_discount_value: 0,
[39m
[31m+         item_discount_amount: 0,
[39m
[31m+         total: defaultPrice,
[39m
[31m+         stock_available: product.total_stock ?? product.quantity ?? 0,
[39m
[31m+         sort_order: items.length,
[39m
[31m+         retail_price_snapshot: product.retail_price || 0,
[39m
[31m+         wholesale_price_snapshot: product.wholesale_price || 0,
[39m
[31m+         has_sub_unit: product.has_sub_unit ? true : false,
[39m
[31m+         pieces_per_box: product.pieces_per_box || 1,
[39m
[31m+         unit_name: product.unit_name || '╪¡╪¿╪⌐',
[39m
[31m+       };
[39m
[31m+       setItems(prev => [...prev, newItem]);
[39m
[31m+     }
[39m
[31m+     setProductSearch('');
[39m
[31m+     setShowProductDropdown(false);
[39m
[31m+     productSearchRef.current?.focus();
[39m
[31m+   }, [items]);
[39m
[31m+ 
[39m
[31m+   const updateItem = (id: string, field: string, value: any) => {
[39m
[31m+     setItems(prev => prev.map(item => {
[39m
[31m+       if (item.id !== id) return item;
[39m
[31m+       const updated = { ...item, [field]: value };
[39m
[31m+       updated.item_discount_amount = calcItemDiscount(updated.unit_price, updated.quantity, 
updated.item_discount_type, updated.item_discount_value);
[39m
[31m+       updated.total = calcItemTotal(updated.unit_price, updated.quantity, updated.item_discount_amount);
[39m
[31m+       return updated;
[39m
[31m+     }));
[39m
[31m+   };
[39m
[31m+ 
[39m
[31m+   const updateItemUnit = (id: string, newUnit: string) => {
[39m
[31m+     setItems(prev => prev.map(item => {
[39m
[31m+       if (item.id !== id) return item;
[39m
[31m+       const price = newUnit === '╪╣┘ä╪¿╪⌐' ? item.wholesale_price_snapshot || item.unit_price : 
item.retail_price_snapshot || item.unit_price;
[39m
[31m+       const updated = { ...item, unit: newUnit, unit_price: price };
[39m
[31m+       updated.item_discount_amount = calcItemDiscount(updated.unit_price, updated.quantity, 
updated.item_discount_type, updated.item_discount_value);
[39m
[31m+       updated.total = calcItemTotal(updated.unit_price, updated.quantity, updated.item_discount_amount);
[39m
[31m+       return updated;
[39m
[31m+     }));
[39m
[31m+   };
[39m
[31m+ 
[39m
[31m+   const removeItem = (id: string) => setItems(prev => prev.filter(i => i.id !== id));
[39m
[31m+ 
[39m
[31m+   const handleSaleTypeChange = async (newType: SaleType) => {
[39m
[31m+     setSaleType(newType);
[39m
[31m+     
[39m
[31m+     // Re-price all existing items to match new sale type
[39m
[31m+     if (items.length > 0) {
[39m
[31m+       const priceField = ALL_SALE_TYPES.find(s => s.value === newType)?.priceField || 'retail_price';
[39m
[31m+       const api = window.electronAPI;
[39m
[31m+       if (!api) return;
[39m
[31m+       
[39m
[31m+       // Fetch current prices for all products in the invoice
[39m
[31m+       const updatedItems = await Promise.all(items.map(async (item) => {
[39m
[31m+         try {
[39m
[31m+           const res: any = await api.invoke('db:products:search', item.product_name_snapshot);
[39m
[31m+           const product = res?.data?.find((p: any) => p.id === item.product_id);
[39m
[31m+           if (product) {
[39m
[31m+             let newPrice = product[priceField] || product.retail_price || item.unit_price;
[39m
[31m+             const discountAmount = calcItemDiscount(newPrice, item.quantity, item.item_discount_type, 
item.item_discount_value);
[39m
[31m+             return { ...item, unit_price: newPrice, item_discount_amount: discountAmount, total: 
calcItemTotal(newPrice, item.quantity, discountAmount) };
[39m
[31m+           }
[39m
[31m+         } catch {}
[39m
[31m+         return item;
[39m
[31m+       }));
[39m
[31m+       setItems(updatedItems);
[39m
[31m+     }
[39m
[31m+   };
[39m
[31m+ 
[39m
[31m+   const selectCustomer = (c: any) => {
[39m
[31m+     setCustomerId(c.id);
[39m
[31m+     setCustomerName(c.name);
[39m
[31m+     setCustomerPhone(c.phone || '');
[39m
[31m+     setCustomerBalance(c.balance || 0);
[39m
[31m+     setCustomerSearch('');
[39m
[31m+     setShowCustomerDropdown(false);
[39m
[31m+   };
[39m
[31m+ 
[39m
[31m+   const handlePrint = useReactToPrint({
[39m
[31m+     content: () => printRef.current,
[39m
[31m+     documentTitle: `Invoice-${invoiceNumber}`,
[39m
[31m+   });
[39m
[31m+ 
[39m
[31m+   const resetInvoice = () => {
[39m
[31m+     isSavedRef.current = false;
[39m
[31m+     setCurrentInvoiceId(null);
[39m
[31m+     setItems([]);
[39m
[31m+     setCustomerId(null);
[39m
[31m+     setCustomerName('╪▓╪¿┘ê┘å ╪╣╪º┘à');
[39m
[31m+     setCustomerPhone('');
[39m
[31m+     setCustomerBalance(0);
[39m
[31m+     setGlobalDiscountValue(0);
[39m
[31m+     setTaxPercent(0);
[39m
[31m+     setPaidAmount(0);
[39m
[31m+     setNotes('');
[39m
[31m+     setIsCancelled(false);
[39m
[31m+     setIsLinked(true);
[39m
[31m+     setSaveSessionId(`SALE-${Date.now()}-${Math.random().toString(36).substring(2, 9)}`);
[39m
[31m+     productSearchRef.current?.focus();
[39m
[31m+   };
[39m
[31m+ 
[39m
[31m+   const saveInvoice = async () => {
[39m
[31m+     // ΓöÇΓöÇ ╪¡┘à╪º┘è╪⌐ ╪╢╪» ╪º┘ä╪¡┘ü╪╕ ╪º┘ä┘à┘â╪▒╪▒ (Guard #1: ┘ü╪º╪¬┘ê╪▒╪⌐ ┘à╪¡┘ü┘ê╪╕╪⌐ ┘à╪│╪¿┘é╪º┘ï) ΓöÇΓöÇ
[39m
[31m+     if (isSavedRef.current || currentInvoiceId !== null) {
[39m
[31m+       toast.warning('┘ç╪░┘ç ╪º┘ä┘ü╪º╪¬┘ê╪▒╪⌐ ┘à╪¡┘ü┘ê╪╕╪⌐ ╪¿╪º┘ä┘ü╪╣┘ä. ╪º╪╢╪║╪╖ (F1) ┘ä╪¿╪»╪í ┘ü╪º╪¬┘ê╪▒╪⌐ 
╪¼╪»┘è╪»╪⌐.');
[39m
[31m+       return;
[39m
[31m+     }
[39m
[31m+     // ΓöÇΓöÇ ╪¡┘à╪º┘è╪⌐ ╪╢╪» ╪º┘ä╪¡┘ü╪╕ ╪º┘ä┘à┘â╪▒╪▒ (Guard #2: ┘ä╪º ╪¬┘ê╪¼╪» ╪╣┘å╪º╪╡╪▒) ΓöÇΓöÇ
[39m
[31m+     if (items.length === 0) return;
[39m
[31m+     // ΓöÇΓöÇ ╪¡┘à╪º┘è╪⌐ ╪╢╪» ╪º┘ä╪¡┘ü╪╕ ╪º┘ä┘à┘â╪▒╪▒ (Guard #3: mutex ┘à╪¬╪▓╪º┘à┘å) ΓöÇΓöÇ
[39m
[31m+     if (saving || isSavingRef.current) return;
[39m
[31m+     isSavingRef.current = true;
[39m
[31m+     setSaving(true);
[39m
[31m+     try {
[39m
[31m+       const api = window.electronAPI;
[39m
[31m+       if (!api) { isSavingRef.current = false; return; }
[39m
[31m+       const invoiceData = {
[39m
[31m+         customer_id: customerId || undefined,
[39m
[31m+         sale_type: saleType,
[39m
[31m+         subtotal,
[39m
[31m+         tax_amount: taxAmount,
[39m
[31m+         global_discount_amount: globalDiscountAmount,
[39m
[31m+         total,
[39m
[31m+         paid: paidAmount,
[39m
[31m+         status: 'confirmed',
[39m
[31m+         notes: notes,
[39m
[31m+         items: items.map(item => ({
[39m
[31m+           product_id: item.product_id,
[39m
[31m+           product_name_snapshot: item.product_name_snapshot,
[39m
[31m+           product_barcode_snapshot: item.product_barcode_snapshot,
[39m
[31m+           quantity: item.quantity,
[39m
[31m+           unit: item.unit,
[39m
[31m+           unit_price: item.unit_price,
[39m
[31m+           cost_price_snapshot: item.purchase_price_snapshot || 0,
[39m
[31m+           item_discount_type: item.item_discount_type,
[39m
[31m+           item_discount_value: item.item_discount_value,
[39m
[31m+           item_discount_amount: item.item_discount_amount,
[39m
[31m+           total: item.total,
[39m
[31m+           sort_order: item.sort_order
[39m
[31m+         })),
[39m
[31m+         _user_id: user?.id || 1,
[39m
[31m+         session_id: saveSessionId
[39m
[31m+       };
[39m
[31m+       
[39m
[31m+       const action = 'db:sales:create';
[39m
[31m+       
[39m
[31m+       // Check for high discount security gate
[39m
[31m+       const discountPercent = subtotal > 0 ? (globalDiscountAmount / subtotal) * 100 : 0;
[39m
[31m+       if (discountPercent > 15 && pinAction !== 'high_discount') {
[39m
[31m+         setPinAction('high_discount');
[39m
[31m+         setShowPinModal(true);
[39m
[31m+         setSaving(false);
[39m
[31m+         isSavingRef.current = false;
[39m
[31m+         return;
[39m
[31m+       }
[39m
[31m+ 
[39m
[31m+       const res: any = await api.invoke(action, invoiceData);
[39m
[31m+       
[39m
[31m+       if (res?.success) {
[39m
[31m+         isSavedRef.current = true;
[39m
[31m+         const savedId = res.id;
[39m
[31m+         if (res.invoiceNumber) {
[39m
[31m+           setInvoiceNumber(res.invoiceNumber);
[39m
[31m+         }
[39m
[31m+         
[39m
[31m+         // Show Success Notification with Emerald Style
[39m
[31m+         toast.success('╪¬┘à ╪¡┘ü╪╕ ╪º┘ä┘ü╪º╪¬┘ê╪▒╪⌐ ╪¿┘å╪¼╪º╪¡');
[39m
[31m+ 
[39m
[31m+         if (!currentInvoiceId && savedId) {
[39m
[31m+           setCurrentInvoiceId(savedId);
[39m
[31m+         }
[39m
[31m+ 
[39m
[31m+         // Refresh customer balance after saving to show the new debt!
[39m
[31m+         if (customerId) {
[39m
[31m+           const cRes: any = await api.invoke('db:customers:search', customerName);
[39m
[31m+           const currentCustomer = cRes?.data?.find((c: any) => c.id === customerId);
[39m
[31m+           if (currentCustomer) {
[39m
[31m+             setCustomerBalance(currentCustomer.balance || 0);
[39m
[31m+           }
[39m
[31m+         }
[39m
[31m+ 
[39m
[31m+         // Print after save (delay slightly so React state updates commit to DOM)
[39m
[31m+         setTimeout(() => {
[39m
[31m+           handlePrint();
[39m
[31m+         }, 150);
[39m
[31m+ 
[39m
[31m+         // ┘ä╪º ┘å╪╣┘è╪» ╪¬┘ê┘ä┘è╪» session_id ┘ç┘å╪º ΓÇö ╪º┘ä┘ü╪º╪¬┘ê╪▒╪⌐ ┘à╪¡┘ü┘ê╪╕╪⌐ ┘ê╪º┘ä╪▓╪▒ ╪│┘è╪╡╪¿╪¡ 
"╪¬┘à ╪º┘ä╪¡┘ü╪╕"
[39m
[31m+         // ╪º┘ä┘à╪│╪¬╪«╪»┘à ┘è╪¼╪¿ ╪ú┘å ┘è╪╢╪║╪╖ F1 ┘ä╪¿╪»╪í ┘ü╪º╪¬┘ê╪▒╪⌐ ╪¼╪»┘è╪»╪⌐
[39m
[31m+       } else {
[39m
[31m+         toast.error(res?.error || '╪¡╪»╪½ ╪«╪╖╪ú ╪ú╪½┘å╪º╪í ╪º┘ä╪¡┘ü╪╕');
[39m
[31m+       }
[39m
[31m+     } catch (e) {
[39m
[31m+       console.error('Save error:', e);
[39m
[31m+     } finally {
[39m
[31m+       setSaving(false);
[39m
[31m+       isSavingRef.current = false;
[39m
[31m+     }
[39m
[31m+   };
[39m
[31m+ 
[39m
[31m+   const cancelInvoice = async () => {
[39m
[31m+     if (!currentInvoiceId || isCancelled) return;
[39m
[31m+     setPinAction('cancel');
[39m
[31m+     setShowPinModal(true);
[39m
[31m+   };
[39m
[31m+ 
[39m
[31m+   const confirmCancel = async (admin: any) => {
[39m
[31m+     setSaving(true);
[39m
[31m+     try {
[39m
[31m+       const res: any = await window.electronAPI?.invoke('db:sales:cancel', currentInvoiceId);
[39m
[31m+       if (res?.success) {
[39m
[31m+         toast.success('╪¬┘à ╪Ñ┘ä╪║╪º╪í ╪º┘ä┘ü╪º╪¬┘ê╪▒╪⌐ ╪¿┘å╪¼╪º╪¡');
[39m
[31m+         
[39m
[31m+         // Log the action (Audit logs not strictly required yet, but safe to keep call if it exists or ignore 
error)
[39m
[31m+         await window.electronAPI?.invoke('db:audit:log', {
[39m
[31m+           action: 'invoice_cancel',
[39m
[31m+           details: `╪Ñ┘ä╪║╪º╪í ┘ü╪º╪¬┘ê╪▒╪⌐ ┘à╪¿┘è╪╣╪º╪¬: ${currentInvoiceId}`,
[39m
[31m+           user_id: user?.id,
[39m
[31m+         }).catch(() => {});
[39m
[31m+ 
[39m
[31m+         setIsCancelled(true);
[39m
[31m+       } else {
[39m
[31m+         toast.error(res?.error || '╪¡╪»╪½ ╪«╪╖╪ú ╪ú╪½┘å╪º╪í ╪º┘ä╪Ñ┘ä╪║╪º╪í');
[39m
[31m+       }
[39m
[31m+     } finally {
[39m
[31m+       setSaving(false);
[39m
[31m+       setPinAction(null);
[39m
[31m+     }
[39m
[31m+   };
[39m
[31m+ 
[39m
[31m+   const handlePinSuccess = async (admin: any) => {
[39m
[31m+     if (pinAction === 'cancel') {
[39m
[31m+       confirmCancel(admin);
[39m
[31m+     } else if (pinAction === 'high_discount') {
[39m
[31m+       // Log high discount authorization
[39m
[31m+       await window.electronAPI?.invoke('db:audit:log', {
[39m
[31m+         action: 'high_discount',
[39m
[31m+         details: `╪¬╪«┘ü┘è╪╢ ╪╣╪º┘ä┘è (>15%) ╪╣┘ä┘ë ╪º┘ä┘ü╪º╪¬┘ê╪▒╪⌐ | ╪º┘ä┘é┘è┘à╪⌐: ${globalDiscountAmount} 
╪».╪¼`,
[39m
[31m+         user_id: user?.id,
[39m
[31m+       }).catch(() => {});
[39m
[31m+       saveInvoice();
[39m
[31m+       setPinAction(null);
[39m
[31m+     }
[39m
[31m+   };
[39m
[31m+ 
[39m
[31m+   useEffect(() => {
[39m
[31m+     const handler = (e: KeyboardEvent) => {
[39m
[31m+       if (e.key === 'F1') { e.preventDefault(); resetInvoice(); }
[39m
[31m+       if (e.key === 'F2') { e.preventDefault(); productSearchRef.current?.focus(); }
[39m
[31m+       if (e.key === 'F3') { e.preventDefault(); customerSearchRef.current?.focus(); }
[39m
[31m+       if (e.key === 'F4') { e.preventDefault(); handlePrint(); }
[39m
[31m+       if (e.key === 'F5') { e.preventDefault(); saveInvoice(); }
[39m
[31m+     };
[39m
[31m+     window.addEventListener('keydown', handler);
[39m
[31m+     return () => window.removeEventListener('keydown', handler);
[39m
[31m+   }, [items, total, paidAmount, remaining, customerId, customerName, invoiceNumber, currentInvoiceId]);
[39m
[31m+ 
[39m
[31m+   const sortedProductResults = [...productResults].sort((a, b) => {
[39m
[31m+     if (!dropdownSortKey) return 0;
[39m
[31m+     
[39m
[31m+     let aVal, bVal;
[39m
[31m+     if (dropdownSortKey === 'code') {
[39m
[31m+       aVal = a.barcode || a.internal_code || '';
[39m
[31m+       bVal = b.barcode || b.internal_code || '';
[39m
[31m+     } else if (dropdownSortKey === 'name') {
[39m
[31m+       aVal = a.name || '';
[39m
[31m+       bVal = b.name || '';
[39m
[31m+     } else if (dropdownSortKey === 'stock') {
[39m
[31m+       aVal = a.total_stock || 0;
[39m
[31m+       bVal = b.total_stock || 0;
[39m
[31m+     } else if (dropdownSortKey === 'price') {
[39m
[31m+       const priceField = ALL_SALE_TYPES.find((s: any) => s.value === saleType)?.priceField || 'retail_price';
[39m
[31m+       aVal = a[priceField] || 0;
[39m
[31m+       bVal = b[priceField] || 0;
[39m
[31m+     }
[39m
[31m+ 
[39m
[31m+     if (aVal < bVal) return dropdownSortDir === 'asc' ? -1 : 1;
[39m
[31m+     if (aVal > bVal) return dropdownSortDir === 'asc' ? 1 : -1;
[39m
[31m+     return 0;
[39m
[31m+   });
[39m
[31m+ 
[39m
[31m+   const toggleDropdownSort = (key: string) => {
[39m
[31m+     if (dropdownSortKey === key) {
[39m
[31m+       setDropdownSortDir(dropdownSortDir === 'asc' ? 'desc' : 'asc');
[39m
[31m+     } else {
[39m
[31m+       setDropdownSortKey(key);
[39m
[31m+       setDropdownSortDir('asc');
[39m
[31m+     }
[39m
[31m+   };
[39m
[31m+ 
[39m
[31m+   const renderSortArrow = (key: string) => {
[39m
[31m+     if (dropdownSortKey !== key) return null;
[39m
[31m+     return <span className="text-[10px] ml-1">{dropdownSortDir === 'asc' ? 'Γû▓' : 'Γû╝'}</span>;
[39m
[31m+   };
[39m
[31m+ 
[39m
[31m+   return (
[39m
[31m+     <div className="flex-1 w-full h-full flex flex-col">
[39m
[31m+       <div className="hidden">
[39m
[31m+         <InvoicePrintTemplate 
[39m
[31m+           ref={printRef} 
[39m
[31m+           invoice={{
[39m
[31m+             invoice_number: invoiceNumber,
[39m
[31m+             date: new Date().toLocaleDateString('ar-DZ'),
[39m
[31m+             customer_name: customerName,
[39m
[31m+             customer_phone: customerPhone,
[39m
[31m+             payment_method: paymentMethod,
[39m
[31m+             status: 'confirmed',
[39m
[31m+             items: items,
[39m
[31m+             subtotal, tax_amount: taxAmount, tax_percent: taxPercent,
[39m
[31m+             total, paid: paidAmount, remaining
[39m
[31m+           }}
[39m
[31m+           settings={{}}
[39m
[31m+         />
[39m
[31m+       </div>
[39m
[31m+ 
[39m
[31m+       <ProInvoiceLayout
[39m
[31m+         title={`┘ê╪╡┘ä ╪¬╪│┘ä┘è┘à (┘à╪¿┘è╪╣╪º╪¬)${isCancelled ? ' - ┘à┘ä╪║╪º╪⌐' : ''}`}
[39m
[31m+         invoiceNumber={invoiceNumber}
[39m
[31m+         isSaving={saving}
[39m
[31m+         date={new Date().toISOString().split('T')[0]} // In real app, date state
[39m
[31m+         onDateChange={() => {}} // Could be wired up
[39m
[31m+         searchQuery={productSearch}
[39m
[31m+         onSearchChange={(v) => {
[39m
[31m+           setProductSearch(v);
[39m
[31m+           if (v.length > 0 && !showProductDropdown) setShowProductDropdown(true);
[39m
[31m+         }}
[39m
[31m+         searchActions={
[39m
[31m+           <button 
[39m
[31m+              onClick={() => setShowAdvancedSearch(true)}
[39m
[31m+              className="bg-primary_blue/20 hover:bg-primary_blue/40 text-primary_blue border 
border-primary_blue/50 rounded-xl px-4 h-[52px] flex items-center justify-center gap-2 font-bold transition-all 
shrink-0 ml-2"
[39m
[31m+              title="╪º┘ä╪¿╪¡╪½ ╪º┘ä┘à╪¬┘é╪»┘à"
[39m
[31m+           >
[39m
[31m+             <Car size={18} />
[39m
[31m+             ╪¿╪¡╪½ ┘à╪¬┘é╪»┘à
[39m
[31m+           </button>
[39m
[31m+         }
[39m
[31m+         onNew={resetInvoice}
[39m
[31m+         saveLabel={currentInvoiceId ? '╪¬┘à ╪º┘ä╪¡┘ü╪╕ Γ£ô' : '╪¡┘ü╪╕'}
[39m
[31m+         saveColor={currentInvoiceId ? 'bg-text_muted/20 text-text_muted border-text_muted/50 
hover:bg-text_muted/10 cursor-not-allowed' : undefined}
[39m
[31m+         onOpen={() => setShowOpenModal(true)}
[39m
[31m+         onSave={() => saveInvoice()}
[39m
[31m+         onCancel={currentInvoiceId && !isCancelled ? cancelInvoice : undefined}
[39m
[31m+         onPrint={handlePrint}
[39m
[31m+         onDelete={() => { setItems([]); }}
[39m
[31m+         totalAmount={total}
[39m
[31m+         paidAmount={paidAmount}
[39m
[31m+         onPaidAmountChange={(val) => {
[39m
[31m+           setPaidAmount(val);
[39m
[31m+           setIsLinked(val === total);
[39m
[31m+         }}
[39m
[31m+         remainingAmount={remaining}
[39m
[31m+         dueAmount={total}
[39m
[31m+         customerBalance={displayedDebt}
[39m
[31m+         productDropdown={
[39m
[31m+           showProductDropdown && productResults.length > 0 && (
[39m
[31m+             <div className="absolute top-full right-0 mt-1 w-[750px] bg-background_card border 
border-border_default shadow-2xl rounded-xl overflow-hidden z-[100]">
[39m
[31m+               {/* Table Header (Show once at the top) */}
[39m
[31m+               <div className="flex items-center border-b border-border_default px-2 py-2 text-[10px] font-black 
text-text_primary uppercase tracking-wider select-none">
[39m
[31m+                 <div className="w-[100px] px-2 text-center cursor-pointer hover:bg-text_primary/10 rounded 
transition-colors" onClick={() => toggleDropdownSort('code')}>╪º┘ä┘â┘ê╪» {renderSortArrow('code')}</div>
[39m
[31m+                 <div className="flex-1 px-4 text-right cursor-pointer hover:bg-text_primary/10 rounded 
transition-colors" onClick={() => toggleDropdownSort('name')}>╪º╪│┘à ╪º┘ä┘à┘å╪¬╪¼ {renderSortArrow('name')}</div>
[39m
[31m+                 <div className="w-[90px] px-2 text-center cursor-pointer hover:bg-text_primary/10 rounded 
transition-colors" onClick={() => toggleDropdownSort('stock')}>╪º┘ä┘à╪«╪▓┘ê┘å {renderSortArrow('stock')}</div>
[39m
[31m+                 <div className="w-[120px] px-3 text-center">╪│╪╣╪▒ ╪º┘ä┘é╪╖╪╣╪⌐</div>
[39m
[31m+                 <div className="w-[120px] px-3 text-center">╪│╪╣╪▒ ╪º┘ä╪╣┘ä╪¿╪⌐</div>
[39m
[31m+               </div>
[39m
[31m+ 
[39m
[31m+               {/* Table Body (Results) */}
[39m
[31m+               <div className="max-h-80 overflow-y-auto p-1">
[39m
[31m+                 {sortedProductResults.map((p: any) => (
[39m
[31m+                   <button key={p.id} onClick={() => addProduct(p)} 
[39m
[31m+                     className="w-full text-right px-2 py-2.5 text-sm hover:bg-text_primary/5 rounded-lg flex 
items-center gap-0 group transition-all border-b border-border_default last:border-0">
[39m
[31m+                     
[39m
[31m+                     {/* Column 1: Code */}
[39m
[31m+                     <div className="w-[100px] px-2 border-l border-border_default flex justify-center">
[39m
[31m+                       <span className="text-[11px] text-text_primary font-numbers">{p.barcode || 
p.internal_code || '-'}</span>
[39m
[31m+                     </div>
[39m
[31m+ 
[39m
[31m+                     {/* Column 2: Name */}
[39m
[31m+                     <div className="flex-1 px-4 border-l border-border_default">
[39m
[31m+                       <span className="text-[14px] text-text_primary font-black 
transition-colors">{p.name}</span>
[39m
[31m+                     </div>
[39m
[31m+ 
[39m
[31m+                     {/* Column 3: Stock */}
[39m
[31m+                     <div className="w-[90px] px-2 border-l border-border_default flex justify-center">
[39m
[31m+                       <span className={`text-[13px] font-bold font-numbers ${p.total_stock <= 0 ? 
'text-danger_red' : 'text-success_green'}`}>
[39m
[31m+                         {p.total_stock || 0}
[39m
[31m+                       </span>
[39m
[31m+                     </div>
[39m
[31m+ 
[39m
[31m+                     {/* Column 4: Price Retail */}
[39m
[31m+                     <div className="w-[120px] px-3 flex justify-center border-l border-border_default">
[39m
[31m+                       <span className="text-[14px] font-bold font-numbers text-text_primary">
[39m
[31m+                         {p.retail_price ? `${p.retail_price.toFixed(2)} ╪».╪¼` : '-'}
[39m
[31m+                       </span>
[39m
[31m+                     </div>
[39m
[31m+ 
[39m
[31m+                     {/* Column 5: Price Wholesale */}
[39m
[31m+                     <div className="w-[120px] px-3 flex justify-center">
[39m
[31m+                       <span className="text-[14px] font-black font-numbers text-text_primary">
[39m
[31m+                         {p.wholesale_price ? `${p.wholesale_price.toFixed(2)} ╪».╪¼` : '-'}
[39m
[31m+                       </span>
[39m
[31m+                     </div>
[39m
[31m+ 
[39m
[31m+                   </button>
[39m
[31m+                 ))}
[39m
[31m+               </div>
[39m
[31m+             </div>
[39m
[31m+           )
[39m
[31m+         }
[39m
[31m+         customerSlot={
[39m
[31m+           <div className="flex w-full gap-4 relative">
[39m
[31m+             <div className="flex-1 relative">
[39m
[31m+               <User size={20} className="absolute right-3 top-1/2 -translate-y-1/2 text-success_green" />
[39m
[31m+               <input
[39m
[31m+                 ref={customerSearchRef}
[39m
[31m+                 type="text"
[39m
[31m+                 value={customerSearch}
[39m
[31m+                 onChange={e => {
[39m
[31m+                   setCustomerSearch(e.target.value);
[39m
[31m+                   if (e.target.value.length > 0) setShowCustomerDropdown(true);
[39m
[31m+                 }}
[39m
[31m+                 placeholder={customerName || "╪º╪«╪¬╪▒ ╪º┘ä╪▓╪¿┘ê┘å..."}
[39m
[31m+                 className="w-full bg-background_card border-2 border-border_default rounded-xl pr-10 pl-10 py-3 
text-xl font-black text-text_primary placeholder:text-text_primary focus:border-success_green focus:bg-success_green/5 
transition-all outline-none"
[39m
[31m+                 onFocus={() => { if (customerResults.length > 0) setShowCustomerDropdown(true); }}
[39m
[31m+               />
[39m
[31m+               {customerId && (
[39m
[31m+                 <button 
[39m
[31m+                   onClick={() => { 
[39m
[31m+                     setCustomerId(null); 
[39m
[31m+                     setCustomerName('╪▓╪¿┘ê┘å ╪╣╪º┘à'); 
[39m
[31m+                     setCustomerPhone(''); 
[39m
[31m+                     setCustomerBalance(0);
[39m
[31m+                   }} 
[39m
[31m+                   className="absolute left-2 top-1/2 -translate-y-1/2 text-text_muted hover:text-danger_red p-1"
[39m
[31m+                 >
[39m
[31m+                   <X size={16} />
[39m
[31m+                 </button>
[39m
[31m+               )}
[39m
[31m+             </div>
[39m
[31m+ 
[39m
[31m+             {/* Customer Search Dropdown */}
[39m
[31m+             {showCustomerDropdown && (customerResults.length > 0 || customerSearch.length > 0) && (
[39m
[31m+               <div className="absolute top-full mt-1 w-[600px] bg-background_card border border-border_default 
shadow-2xl rounded-xl overflow-hidden z-[200] animate-in fade-in slide-in-from-top-2 duration-200">
[39m
[31m+                 {/* Table Header */}
[39m
[31m+                 <div className="flex items-center border-b border-border_default px-2 py-2 text-[10px] 
font-black text-text_primary uppercase tracking-wider">
[39m
[31m+                   <div className="flex-1 px-4 text-right">╪º┘ä╪º╪│┘à</div>
[39m
[31m+                   <div className="w-[180px] px-2 text-right">╪º┘ä┘à┘â╪º┘å</div>
[39m
[31m+                   <div className="w-[130px] px-2 text-center">╪▒┘é┘à ╪º┘ä┘ç╪º╪¬┘ü</div>
[39m
[31m+                 </div>
[39m
[31m+                 
[39m
[31m+                 <div className="max-h-[350px] overflow-y-auto p-1 custom-scrollbar">
[39m
[31m+                   {customerResults.map((c: any) => (
[39m
[31m+                       <button 
[39m
[31m+                         key={c.id} 
[39m
[31m+                         onClick={() => {
[39m
[31m+                           setCustomerId(c.id);
[39m
[31m+                           setCustomerName(c.name);
[39m
[31m+                           setCustomerPhone(c.phone || '');
[39m
[31m+                           setCustomerBalance(c.balance || 0);
[39m
[31m+                           setCustomerSearch('');
[39m
[31m+                           setShowCustomerDropdown(false);
[39m
[31m+                         }}
[39m
[31m+                         className="w-full text-right px-2 py-2.5 text-sm hover:bg-text_primary/5 rounded-lg 
flex items-center gap-0 group transition-all border-b border-border_default last:border-0"
[39m
[31m+                       >
[39m
[31m+                         {/* Name Column */}
[39m
[31m+                         <div className="flex-1 px-4 border-l border-border_default truncate">
[39m
[31m+                           <span className="text-[14px] text-text_primary font-black 
transition-colors">{c.name}</span>
[39m
[31m+                         </div>
[39m
[31m+ 
[39m
[31m+                       {/* Location Column */}
[39m
[31m+                       <div className="w-[180px] px-2 border-l border-border_default truncate">
[39m
[31m+                         <span className="text-[12px] text-text_primary">{c.address || '---'}</span>
[39m
[31m+                       </div>
[39m
[31m+ 
[39m
[31m+                       {/* Phone Column */}
[39m
[31m+                       <div className="w-[130px] px-2 text-center">
[39m
[31m+                         <span className="text-[13px] font-bold font-numbers text-text_primary">{c.phone || 
'---'}</span>
[39m
[31m+                       </div>
[39m
[31m+                     </button>
[39m
[31m+                   ))}
[39m
[31m+ 
[39m
[31m+                   {customerResults.length === 0 && customerSearch.length > 0 && (
[39m
[31m+                     <div className="p-12 text-center">
[39m
[31m+                       <User size={48} className="mx-auto mb-4 text-text_primary" />
[39m
[31m+                       <p className="text-text_primary text-base">┘ä┘à ┘è╪¬┘à ╪º┘ä╪╣╪½┘ê╪▒ ╪╣┘ä┘ë ╪▓╪¿┘ê┘å 
╪¿┘ç╪░╪º ╪º┘ä╪º╪│┘à</p>
[39m
[31m+                     </div>
[39m
[31m+                   )}
[39m
[31m+                 </div>
[39m
[31m+               </div>
[39m
[31m+             )}
[39m
[31m+           </div>
[39m
[31m+         }
[39m
[31m+         headerCells={
[39m
[31m+           <>
[39m
[31m+             {columns.filter(c => !c.hidden).map((col, idx) => (
[39m
[31m+               <div 
[39m
[31m+                 key={col.id}
[39m
[31m+                 draggable={col.id !== 'actions'}
[39m
[31m+                 onContextMenu={(e) => {
[39m
[31m+                   e.preventDefault();
[39m
[31m+                   setContextMenu({ x: e.pageX, y: e.pageY, colId: col.id });
[39m
[31m+                 }}
[39m
[31m+                 onDragStart={() => handleDragStart(idx)}
[39m
[31m+                 onDragOver={(e) => handleDragOver(e, idx)}
[39m
[31m+                 style={{ width: col.flex ? 'auto' : col.width, flex: col.flex ? 1 : 'none' }}
[39m
[31m+                 className={`h-full flex items-center relative border-l border-border_default select-none group 
px-3
[39m
[31m+                   ${col.align === 'center' ? 'justify-center text-center' : 'justify-start text-right'}
[39m
[31m+                   ${col.sortable ? 'cursor-pointer hover:bg-background_card' : 'cursor-grab 
active:cursor-grabbing'}
[39m
[31m+                   ${draggedColIndex === idx ? 'opacity-20 bg-primary_blue/20' : 'opacity-100'}
[39m
[31m+                   transition-all duration-200
[39m
[31m+                 `}
[39m
[31m+                 onClick={() => col.sortable && col.sortKey && toggleSort(col.sortKey)}
[39m
[31m+               >
[39m
[31m+                 <span className="text-[13px] font-bold text-text_primary uppercase tracking-wide">
[39m
[31m+                   {col.label}
[39m
[31m+                 </span>
[39m
[31m+ 
[39m
[31m+                 {/* Resizer Handle */}
[39m
[31m+                 {col.id !== 'actions' && (
[39m
[31m+                   <div 
[39m
[31m+                     className="absolute left-0 top-0 w-2 h-full cursor-col-resize hover:bg-primary_blue/50 
active:bg-primary_blue transition-all z-30 group-hover:opacity-100 opacity-0"
[39m
[31m+                     onMouseDown={(e) => {
[39m
[31m+                       e.stopPropagation();
[39m
[31m+                       e.preventDefault();
[39m
[31m+                       const startX = e.pageX;
[39m
[31m+                       const startWidth = col.width;
[39m
[31m+                       document.body.style.cursor = 'col-resize';
[39m
[31m+                       const onMouseMove = (moveEvent: MouseEvent) => {
[39m
[31m+                         const delta = startX - moveEvent.pageX; 
[39m
[31m+                         handleResize(col.id, startWidth + delta);
[39m
[31m+                       };
[39m
[31m+                       const onMouseUp = () => {
[39m
[31m+                         document.body.style.cursor = 'default';
[39m
[31m+                         document.removeEventListener('mousemove', onMouseMove);
[39m
[31m+                         document.removeEventListener('mouseup', onMouseUp);
[39m
[31m+                       };
[39m
[31m+                       document.addEventListener('mousemove', onMouseMove);
[39m
[31m+                       document.addEventListener('mouseup', onMouseUp);
[39m
[31m+                     }}
[39m
[31m+                   />
[39m
[31m+                 )}
[39m
[31m+               </div>
[39m
[31m+             ))}
[39m
[31m+           </>
[39m
[31m+         }
[39m
[31m+         summaryActions={
[39m
[31m+           /* Global Discount Input - Now next to the summary icons */
[39m
[31m+           <div className="flex items-center gap-2 bg-background_secondary/40 p-1.5 rounded-lg border 
border-border_default shadow-inner">
[39m
[31m+             <div className="flex flex-col">
[39m
[31m+               <label className="text-[10px] text-text_primary uppercase font-bold px-1">╪º┘ä╪«╪╡┘à 
╪º┘ä╪╣╪º┘à</label>
[39m
[31m+               <div className="flex items-center">
[39m
[31m+                 <input type="number" min={0} value={globalDiscountValue} onChange={e => 
setGlobalDiscountValue(parseFloat(e.target.value) || 0)}
[39m
[31m+                   className="w-20 bg-transparent px-1 text-base font-bold font-numbers text-text_primary 
focus:outline-none" />
[39m
[31m+                 <select value={globalDiscountType} onChange={e => setGlobalDiscountType(e.target.value as 
DiscountType)}
[39m
[31m+                   className="bg-transparent text-sm font-bold focus:outline-none appearance-none 
text-primary_blue px-1 cursor-pointer">
[39m
[31m+                   <option value="percent">%</option>
[39m
[31m+                   <option value="amount">╪».╪¼</option>
[39m
[31m+                 </select>
[39m
[31m+               </div>
[39m
[31m+             </div>
[39m
[31m+           </div>
[39m
[31m+         }
[39m
[31m+         customFooterActions={null}
[39m
[31m+       >
[39m
[31m+ 
[39m
[31m+ 
[39m
[31m+         {sortedItems.map((item, idx) => (
[39m
[31m+           <div 
[39m
[31m+             key={item.id} 
[39m
[31m+             className={`pro-row flex items-center px-0 py-0 border-b border-border_default 
hover:bg-primary_blue/5 transition-colors group ${idx % 2 === 0 ? 'bg-background_secondary' : 'bg-sidebar_bg'}`}
[39m
[31m+             onContextMenu={(e) => {
[39m
[31m+               e.preventDefault();
[39m
[31m+               setRowContextMenu({ x: e.pageX, y: e.pageY, itemId: item.id, productId: item.product_id });
[39m
[31m+             }}
[39m
[31m+           >
[39m
[31m+             {columns.filter(c => !c.hidden).map(col => {
[39m
[31m+               const cellStyle = { width: col.flex ? 'auto' : col.width, flex: col.flex ? 1 : 'none' };
[39m
[31m+               const commonClasses = `h-11 flex items-center border-l border-border_default px-3 ${col.align === 
'center' ? 'justify-center text-center' : 'justify-start text-right'}`;
[39m
[31m+ 
[39m
[31m+               switch (col.id) {
[39m
[31m+                 case 'index': 
[39m
[31m+                   return <div key={col.id} style={cellStyle} className={`${commonClasses} text-[11px] 
font-numbers text-text_primary`}>{idx + 1}</div>;
[39m
[31m+                 case 'barcode':
[39m
[31m+                   return <div key={col.id} style={cellStyle} className={`${commonClasses} text-[12px] 
font-medium font-numbers text-text_primary`}>{item.product_barcode_snapshot || '-'}</div>;
[39m
[31m+                 case 'name':
[39m
[31m+                   return <div key={col.id} style={cellStyle} className={`${commonClasses} text-[14px] font-bold 
text-text_primary overflow-hidden text-ellipsis whitespace-nowrap group-hover:text-primary_blue 
transition-colors`}>{item.product_name_snapshot}</div>;
[39m
[31m+                 case 'unit':
[39m
[31m+                   return (
[39m
[31m+                     <div key={col.id} style={cellStyle} className={`${commonClasses} px-1`}>
[39m
[31m+                       {item.has_sub_unit ? (
[39m
[31m+                         <select 
[39m
[31m+                           value={item.unit}
[39m
[31m+                           onChange={e => updateItemUnit(item.id, e.target.value)}
[39m
[31m+                           className="bg-background_card border border-border_default rounded px-1.5 py-0.5 
text-[12px] font-bold text-center focus:outline-none appearance-none text-text_primary cursor-pointer 
hover:bg-background_card_hover transition-colors"
[39m
[31m+                         >
[39m
[31m+                           <option value={item.unit_name || '╪¡╪¿╪⌐'}>{item.unit_name || '╪¡╪¿╪⌐'}</option>
[39m
[31m+                           <option value="╪╣┘ä╪¿╪⌐">╪╣┘ä╪¿╪⌐</option>
[39m
[31m+                         </select>
[39m
[31m+                       ) : (
[39m
[31m+                         <span className="text-[12px] font-bold text-text_secondary">
[39m
[31m+                           {item.unit_name || item.unit || '╪¡╪¿╪⌐'}
[39m
[31m+                         </span>
[39m
[31m+                       )}
[39m
[31m+                     </div>
[39m
[31m+                   );
[39m
[31m+                 case 'price':
[39m
[31m+                   return (
[39m
[31m+                     <div key={col.id} style={cellStyle} className={commonClasses}>
[39m
[31m+                       <input type="number" min={0} value={item.unit_price} onChange={e => updateItem(item.id, 
'unit_price', parseFloat(e.target.value) || 0)}
[39m
[31m+                         readOnly={!isHQ}
[39m
[31m+                         className={`w-full bg-transparent border-b border-primary_blue/40 px-2 py-0.5 
text-[15px] text-center font-bold font-numbers text-text_primary transition-all ${isHQ ? 'focus:border-primary_blue 
focus:border-b-2 focus:bg-primary_blue/5 focus:outline-none' : 'opacity-80 cursor-not-allowed select-none 
border-transparent shadow-none'}`} />
[39m
[31m+                     </div>
[39m
[31m+                   );
[39m
[31m+                 case 'discount':
[39m
[31m+                   return (
[39m
[31m+                     <div key={col.id} style={cellStyle} className={`${commonClasses} px-1 gap-1`}>
[39m
[31m+                       <input type="number" min={0} step={1} value={item.item_discount_value} onChange={e => 
updateItem(item.id, 'item_discount_value', parseFloat(e.target.value) || 0)}
[39m
[31m+                         readOnly={!isHQ}
[39m
[31m+                         className={`w-12 bg-transparent border-b border-primary_blue/40 px-1 py-0.5 text-[15px] 
text-center font-bold font-numbers text-amber-500 transition-all ${isHQ ? 'focus:border-primary_blue focus:border-b-2 
focus:bg-primary_blue/5 focus:outline-none' : 'opacity-80 cursor-not-allowed border-transparent shadow-none'}`} />
[39m
[31m+                       <select value={item.item_discount_type} onChange={e => updateItem(item.id, 
'item_discount_type', e.target.value as 'percent'|'amount')}
[39m
[31m+                         disabled={!isHQ}
[39m
[31m+                         className={`bg-transparent border-none text-[11px] font-bold text-center 
focus:outline-none appearance-none text-text_primary transition-colors ${isHQ ? 'hover:text-text_primary 
cursor-pointer' : 'opacity-80 cursor-not-allowed'}`}>
[39m
[31m+                         <option value="percent">%</option>
[39m
[31m+                         <option value="amount">╪»╪¼</option>
[39m
[31m+                       </select>
[39m
[31m+                     </div>
[39m
[31m+                   );
[39m
[31m+                 case 'stock':
[39m
[31m+                   return (
[39m
[31m+                     <div key={col.id} style={cellStyle} className={commonClasses}>
[39m
[31m+                       <span className={`text-[11px] font-bold font-numbers ${item.stock_available <= 
item.quantity ? 'text-danger_red/70' : 'text-text_primary'}`}>{item.stock_available}</span>
[39m
[31m+                     </div>
[39m
[31m+                   );
[39m
[31m+                 case 'quantity':
[39m
[31m+                   return (
[39m
[31m+                     <div key={col.id} style={cellStyle} className={commonClasses}>
[39m
[31m+                       <input type="number" min={0.01} step={1} value={item.quantity} onChange={e => 
updateItem(item.id, 'quantity', parseFloat(e.target.value) || 0)}
[39m
[31m+                         className="w-full bg-transparent border-b border-primary_blue/40 px-2 py-0.5 
text-[15px] text-center font-bold font-numbers text-text_primary focus:border-primary_blue focus:border-b-2 
focus:bg-primary_blue/5 focus:outline-none transition-all" />
[39m
[31m+                     </div>
[39m
[31m+                   );
[39m
[31m+                 case 'total':
[39m
[31m+                   return (
[39m
[31m+                     <div key={col.id} style={cellStyle} className={`${commonClasses}`}>
[39m
[31m+                       <span className="text-[14px] font-bold font-numbers text-emerald-400/90">
[39m
[31m+                         {item.total.toFixed(2)}
[39m
[31m+                       </span>
[39m
[31m+                     </div>
[39m
[31m+                   );
[39m
[31m+                 case 'actions':
[39m
[31m+                   return (
[39m
[31m+                     <div key={col.id} style={cellStyle} className="h-8 flex items-center justify-center">
[39m
[31m+                       <button onClick={() => removeItem(item.id)} className="p-1.5 text-text_primary 
hover:text-danger_red hover:bg-danger_red/10 rounded-full transition-all active:scale-90"><Trash2 size={14} /></button>
[39m
[31m+                     </div>
[39m
[31m+                   );
[39m
[31m+                 default: return null;
[39m
[31m+               }
[39m
[31m+             })}
[39m
[31m+           </div>
[39m
[31m+         ))}
[39m
[31m+ 
[39m
[31m+         {/* ΓöÇΓöÇ DUMMY ROWS ΓöÇΓöÇ */}
[39m
[31m+         {Array.from({ length: Math.max(0, 12 - sortedItems.length) }).map((_, idx) => (
[39m
[31m+           <div key={`dummy-${idx}`} className={`flex items-center px-0 py-0 h-11 border-b border-border_default 
${(sortedItems.length + idx) % 2 === 0 ? 'bg-background_secondary' : 'bg-sidebar_bg'}`}>
[39m
[31m+             {columns.filter(c => !c.hidden).map(col => (
[39m
[31m+               <div key={col.id} style={{ width: col.flex ? 'auto' : col.width, flex: col.flex ? 1 : 'none' }} 
className={`h-full border-l border-border_default`} />
[39m
[31m+             ))}
[39m
[31m+           </div>
[39m
[31m+         ))}
[39m
[31m+         {items.length === 0 && (
[39m
[31m+           <div className="p-8 text-center text-text_muted text-sm">
[39m
[31m+             ╪º╪¿╪¡╪½ ╪╣┘å ┘à┘å╪¬╪¼ ┘ä╪Ñ╪╢╪º┘ü╪¬┘ç ┘ä┘ä┘ü╪º╪¬┘ê╪▒╪⌐... (F2)
[39m
[31m+           </div>
[39m
[31m+         )}
[39m
[31m+       </ProInvoiceLayout>
[39m
[31m+ 
[39m
[31m+       {/* CONTEXT MENU */}
[39m
[31m+       {contextMenu && (
[39m
[31m+         <div 
[39m
[31m+           className="fixed bg-background_card border border-border_default shadow-2xl rounded-xl z-[9999] 
overflow-hidden min-w-[220px]"
[39m
[31m+           style={{ top: contextMenu.y, left: contextMenu.x }}
[39m
[31m+           onClick={(e) => e.stopPropagation()}
[39m
[31m+         >
[39m
[31m+           {/* Pricing Selector (Only if clicked on price) */}
[39m
[31m+           {contextMenu.colId === 'price' && (
[39m
[31m+             <div className="bg-primary_blue/5 border-b border-border_default pb-1">
[39m
[31m+               <div className="px-4 py-2 text-[11px] text-primary_blue uppercase font-black bg-primary_blue/10 
mb-1">╪¬╪│╪╣┘è╪▒╪⌐ ╪º┘ä╪¿┘è╪╣ ╪º┘ä╪¡╪º┘ä┘è╪⌐:</div>
[39m
[31m+               {ALL_SALE_TYPES.map(type => (
[39m
[31m+                 <button 
[39m
[31m+                   key={type.value}
[39m
[31m+                   className={`w-full text-right px-4 py-2.5 hover:bg-primary_blue/20 text-sm font-bold flex 
items-center gap-2 ${saleType === type.value ? 'text-primary_blue' : 'text-text_primary'}`}
[39m
[31m+                   onClick={() => {
[39m
[31m+                     handleSaleTypeChange(type.value);
[39m
[31m+                     setContextMenu(null);
[39m
[31m+                   }}
[39m
[31m+                 >
[39m
[31m+                   <div className={`w-2 h-2 rounded-full ${saleType === type.value ? 'bg-primary_blue 
shadow-[0_0_8px_rgba(59,130,246,0.8)]' : 'bg-white/20'}`} />
[39m
[31m+                   {type.label}
[39m
[31m+                 </button>
[39m
[31m+               ))}
[39m
[31m+             </div>
[39m
[31m+           )}
[39m
[31m+ 
[39m
[31m+           {/* Hide Column */}
[39m
[31m+           {contextMenu.colId !== 'actions' && (
[39m
[31m+             <button 
[39m
[31m+               className="w-full text-right px-4 py-3 hover:bg-background_card text-sm text-text_primary 
font-bold border-b border-border_default flex items-center gap-2 group transition-colors"
[39m
[31m+               onClick={() => {
[39m
[31m+                 setColumns(prev => prev.map(c => c.id === contextMenu.colId ? { ...c, hidden: true } : c));
[39m
[31m+                 setContextMenu(null);
[39m
[31m+               }}
[39m
[31m+             >
[39m
[31m+               <EyeOff size={16} className="text-text_primary group-hover:text-danger_red transition-colors" /> 
[39m
[31m+               ╪Ñ╪«┘ü╪º╪í ┘ç╪░╪º ╪º┘ä╪╣┘à┘ê╪»
[39m
[31m+             </button>
[39m
[31m+           )}
[39m
[31m+ 
[39m
[31m+           {/* Show Hidden Columns (only if there are any) */}
[39m
[31m+           {columns.some(c => c.hidden) && (
[39m
[31m+             <div className="py-1">
[39m
[31m+               <div className="px-4 py-2 text-[10px] text-text_primary uppercase font-black">╪º┘ä╪ú╪╣┘à╪»╪⌐ 
╪º┘ä┘à╪«┘ü┘è╪⌐:</div>
[39m
[31m+               {columns.filter(c => c.hidden).map(c => (
[39m
[31m+                 <button 
[39m
[31m+                   key={c.id}
[39m
[31m+                   className="w-full text-right px-4 py-2 hover:bg-background_card text-sm text-emerald-400 
font-bold flex items-center gap-2 group"
[39m
[31m+                   onClick={() => {
[39m
[31m+                     setColumns(prev => prev.map(col => col.id === c.id ? { ...col, hidden: false } : col));
[39m
[31m+                   }}
[39m
[31m+                 >
[39m
[31m+                   <Eye size={16} className="text-emerald-400/50 group-hover:text-emerald-400 transition-colors" 
/> 
[39m
[31m+                   ╪Ñ╪╕┘ç╪º╪▒ ({c.label})
[39m
[31m+                 </button>
[39m
[31m+               ))}
[39m
[31m+             </div>
[39m
[31m+           )}
[39m
[31m+         </div>
[39m
[31m+       )}
[39m
[31m+ 
[39m
[31m+       {/* OPEN INVOICE MODAL */}
[39m
[31m+       {showOpenModal && (
[39m
[31m+         <div className="fixed inset-0 bg-black/60 backdrop-blur-sm z-[200] flex items-center justify-center 
p-4" onClick={() => setShowOpenModal(false)}>
[39m
[31m+           <motion.div initial={{ scale: 0.9, opacity: 0 }} animate={{ scale: 1, opacity: 1 }}
[39m
[31m+             className="glass-card p-6 w-full max-w-4xl max-h-[85vh] flex flex-col" onClick={e => 
e.stopPropagation()}>
[39m
[31m+             <div className="flex justify-between items-center pb-4 border-b border-border_default mb-4 
shrink-0">
[39m
[31m+               <h2 className="text-xl font-bold text-text_primary flex items-center gap-2">
[39m
[31m+                 <FolderOpen className="text-primary_blue" size={24} />
[39m
[31m+                 ┘ü╪¬╪¡ ┘ü╪º╪¬┘ê╪▒╪⌐ ╪│╪º╪¿┘é╪⌐
[39m
[31m+               </h2>
[39m
[31m+               <button onClick={() => setShowOpenModal(false)} className="p-2 text-text_muted 
hover:text-danger_red bg-background_card rounded-full transition-all">
[39m
[31m+                 <XCircle size={20}/>
[39m
[31m+               </button>
[39m
[31m+             </div>
[39m
[31m+ 
[39m
[31m+             <div className="flex gap-4 mb-6 shrink-0">
[39m
[31m+               <div className="flex-1 relative">
[39m
[31m+                 <div className="absolute inset-y-0 right-0 pr-3 flex items-center pointer-events-none">
[39m
[31m+                   <Search className="h-5 w-5 text-text_muted" />
[39m
[31m+                 </div>
[39m
[31m+                 <input
[39m
[31m+                   type="text"
[39m
[31m+                   placeholder="╪º╪¿╪¡╪½ ╪¿╪▒┘é┘à ╪º┘ä┘ü╪º╪¬┘ê╪▒╪⌐ ╪ú┘ê ╪º╪│┘à ╪º┘ä╪▓╪¿┘ê┘å..."
[39m
[31m+                   value={openModalSearch}
[39m
[31m+                   onChange={(e) => setOpenModalSearch(e.target.value)}
[39m
[31m+                   className="w-full bg-background_card border border-border_default rounded-xl pr-10 pl-4 py-3 
text-sm text-text_primary focus:border-primary_blue focus:outline-none"
[39m
[31m+                 />
[39m
[31m+               </div>
[39m
[31m+               <div className="w-48 relative">
[39m
[31m+                 <div className="absolute inset-y-0 right-0 pr-3 flex items-center pointer-events-none">
[39m
[31m+                   <Calendar className="h-5 w-5 text-text_muted" />
[39m
[31m+                 </div>
[39m
[31m+                 <input
[39m
[31m+                   type="date"
[39m
[31m+                   value={openModalDate}
[39m
[31m+                   onChange={(e) => setOpenModalDate(e.target.value)}
[39m
[31m+                   className="w-full bg-background_card border border-border_default rounded-xl pr-10 pl-4 py-3 
text-sm text-text_primary focus:border-primary_blue focus:outline-none font-numbers"
[39m
[31m+                 />
[39m
[31m+               </div>
[39m
[31m+             </div>
[39m
[31m+ 
[39m
[31m+             <div className="flex-1 overflow-y-auto min-h-[400px]">
[39m
[31m+               {openModalLoading ? (
[39m
[31m+                 <div className="h-full flex items-center justify-center text-text_muted">╪¼╪º╪▒┘è 
╪º┘ä╪¬╪¡┘à┘è┘ä...</div>
[39m
[31m+               ) : openModalInvoices.length > 0 ? (
[39m
[31m+                 <div className="grid gap-3">
[39m
[31m+                   {openModalInvoices.map((inv) => (
[39m
[31m+                     <button
[39m
[31m+                       key={inv.id}
[39m
[31m+                       onClick={() => handleOpenInvoice(inv.id)}
[39m
[31m+                       className="flex items-center justify-between p-4 bg-background_card border 
border-border_default rounded-xl hover:bg-background_card_hover hover:border-primary_blue/50 transition-all text-right 
group"
[39m
[31m+                     >
[39m
[31m+                       <div className="flex items-center gap-4">
[39m
[31m+                         <div className="w-12 h-12 rounded-full bg-primary_blue/10 flex items-center 
justify-center text-primary_blue">
[39m
[31m+                           <FileText size={20} />
[39m
[31m+                         </div>
[39m
[31m+                         <div>
[39m
[31m+                           <div className={`font-bold transition-colors text-lg ${inv.status === 'cancelled' ? 
'text-text_muted line-through' : 'text-text_primary group-hover:text-primary_blue'}`}>
[39m
[31m+                             {inv.invoice_number}
[39m
[31m+                           </div>
[39m
[31m+                           <div className="text-sm text-text_muted mt-1">
[39m
[31m+                             {inv.customer_name || '╪▓╪¿┘ê┘å ╪╣╪º┘à'}
[39m
[31m+                           </div>
[39m
[31m+                         </div>
[39m
[31m+                       </div>
[39m
[31m+                       
[39m
[31m+                       <div className="text-left">
[39m
[31m+                         <div className={`font-black font-numbers text-xl ${inv.remaining > 0 ? 'text-danger_red 
drop-shadow-[0_0_8px_rgba(239,68,68,0.3)]' : 'text-emerald-400 drop-shadow-[0_0_8px_rgba(52,211,153,0.3)]'}`}>
[39m
[31m+                           {inv.total.toFixed(2)} ╪».╪¼
[39m
[31m+                         </div>
[39m
[31m+                         <div className="text-xs text-text_muted mt-2 flex flex-col items-end gap-1.5">
[39m
[31m+                           <span>{inv.time}</span>
[39m
[31m+                           {inv.status === 'cancelled' ? (
[39m
[31m+                             <span className="text-orange-400 font-bold bg-orange-400/10 px-2 py-0.5 rounded-md 
text-[10px] border border-orange-400/20">┘à┘ä╪║╪º╪⌐</span>
[39m
[31m+                           ) : inv.remaining > 0 ? (
[39m
[31m+                             <span className="text-danger_red/90 font-bold bg-danger_red/10 px-2 py-0.5 
rounded-md text-[10px] border border-danger_red/20">╪║┘è╪▒ ┘à╪»┘ü┘ê╪╣ (╪¿╪º┘é┘è: {inv.remaining.toFixed(2)})</span>
[39m
[31m+                           ) : (
[39m
[31m+                             <span className="text-emerald-400/90 font-bold bg-emerald-400/10 px-2 py-0.5 
rounded-md text-[10px] border border-emerald-400/20">┘à╪»┘ü┘ê╪╣╪⌐ ╪¿╪º┘ä┘â╪º┘à┘ä</span>
[39m
[31m+                           )}
[39m
[31m+                         </div>
[39m
[31m+                       </div>
[39m
[31m+                     </button>
[39m
[31m+                   ))}
[39m
[31m+                 </div>
[39m
[31m+               ) : (
[39m
[31m+                 <div className="h-full flex flex-col items-center justify-center text-text_muted">
[39m
[31m+                   <FolderOpen size={48} className="opacity-20 mb-4" />
[39m
[31m+                   <p>┘ä╪º ╪¬┘ê╪¼╪» ┘ü┘ê╪º╪¬┘è╪▒ ┘à╪╖╪º╪¿┘é╪⌐ ┘ä╪¿╪¡╪½┘â</p>
[39m
[31m+                 </div>
[39m
[31m+               )}
[39m
[31m+             </div>
[39m
[31m+           </motion.div>
[39m
[31m+         </div>
[39m
[31m+       )}
[39m
[31m+       <AdminPinModal
[39m
[31m+         isOpen={showPinModal}
[39m
[31m+         onClose={() => { setShowPinModal(false); setPinAction(null); }}
[39m
[31m+         onSuccess={handlePinSuccess}
[39m
[31m+         actionDescription={
[39m
[31m+           pinAction === 'cancel' 
[39m
[31m+             ? "╪Ñ┘ä╪║╪º╪í ┘ü╪º╪¬┘ê╪▒╪⌐ ┘à╪¿┘è╪╣╪º╪¬ ┘à╪ñ┘â╪»╪⌐ ┘è╪¬╪╖┘ä╪¿ ╪╡┘ä╪º╪¡┘è╪⌐ ╪º┘ä┘à╪»┘è╪▒" 
[39m
[31m+             : "┘à┘å╪¡ ╪¬╪«┘ü┘è╪╢ ┘è╪¬╪¼╪º┘ê╪▓ 15% ┘è╪¬╪╖┘ä╪¿ ┘à┘ê╪º┘ü┘é╪⌐ ╪º┘ä┘à╪»┘è╪▒"
[39m
[31m+         }
[39m
[31m+       />
[39m
[31m+       {rowContextMenu && (
[39m
[31m+         <div 
[39m
[31m+           className="fixed bg-background_secondary dark:bg-primary_blue/10 backdrop-blur-xl border 
border-border_default shadow-2xl rounded-xl p-1 z-[999] min-w-[160px] animate-in fade-in zoom-in-95 duration-100 
text-right"
[39m
[31m+           style={{ top: rowContextMenu.y, left: rowContextMenu.x }}
[39m
[31m+           onClick={(e) => e.stopPropagation()}
[39m
[31m+         >
[39m
[31m+           <div className="px-3 py-1.5 text-[10px] font-bold text-text_muted border-b 
border-border_default">╪«┘è╪º╪▒╪º╪¬ ╪º┘ä╪│╪╖╪▒</div>
[39m
[31m+           <button 
[39m
[31m+             onClick={() => {
[39m
[31m+               updateItemUnit(rowContextMenu.itemId, '┘â┘è╪│');
[39m
[31m+               setRowContextMenu(null);
[39m
[31m+             }}
[39m
[31m+             className="w-full text-right px-3 py-2 text-sm text-text_primary hover:bg-text_primary/10 
rounded-lg transition-colors flex items-center justify-between"
[39m
[31m+           >
[39m
[31m+             <span>╪¬╪¡┘ê┘è┘ä ╪Ñ┘ä┘ë ┘â┘è╪│</span>
[39m
[31m+             <span className="text-xs text-text_muted font-numbers font-medium">┘â┘è╪│</span>
[39m
[31m+           </button>
[39m
[31m+           <button 
[39m
[31m+             onClick={() => {
[39m
[31m+               updateItemUnit(rowContextMenu.itemId, '╪╣┘ä╪¿╪⌐');
[39m
[31m+               setRowContextMenu(null);
[39m
[31m+             }}
[39m
[31m+             className="w-full text-right px-3 py-2 text-sm text-text_primary hover:bg-text_primary/10 
rounded-lg transition-colors flex items-center justify-between"
[39m
[31m+           >
[39m
[31m+             <span>╪¬╪¡┘ê┘è┘ä ╪Ñ┘ä┘ë ╪╣┘ä╪¿╪⌐</span>
[39m
[31m+             <span className="text-xs text-text_muted font-numbers font-medium">╪╣┘ä╪¿╪⌐</span>
[39m
[31m+           </button>
[39m
[31m+           <div className="border-t border-border_default my-1" />
[39m
[31m+           <button 
[39m
[31m+             onClick={() => {
[39m
[31m+               removeItem(rowContextMenu.itemId);
[39m
[31m+               setRowContextMenu(null);
[39m
[31m+             }}
[39m
[31m+             className="w-full text-right px-3 py-2 text-sm text-danger_red hover:bg-danger_red/10 rounded-lg 
transition-colors flex items-center justify-between mb-1"
[39m
[31m+           >
[39m
[31m+             <span>╪¡╪░┘ü ╪º┘ä┘à┘å╪¬╪¼</span>
[39m
[31m+             <Trash2 size={14} className="text-danger_red" />
[39m
[31m+           </button>
[39m
[31m+           
[39m
[31m+           <div className="border-t border-border_default mt-1 pt-1">
[39m
[31m+             <div className="px-3 py-1.5 text-[10px] font-bold text-primary_blue uppercase flex items-center 
gap-1">
[39m
[31m+               <Car size={12} /> ╪º┘ä╪¬┘ê╪º┘ü┘é╪º╪¬
[39m
[31m+             </div>
[39m
[31m+             <div className="px-2 pb-1 max-w-[200px]">
[39m
[31m+               <FitmentsBadges productId={rowContextMenu.productId} mode="view" compact />
[39m
[31m+             </div>
[39m
[31m+           </div>
[39m
[31m+         </div>
[39m
[31m+       )}
[39m
[31m+ 
[39m
[31m+       {/* Advanced Product Finder Modal */}
[39m
[31m+       <AdvancedProductFinder
[39m
[31m+         isOpen={showAdvancedSearch}
[39m
[31m+         onClose={() => setShowAdvancedSearch(false)}
[39m
[31m+         onSelectProduct={addProduct}
[39m
[31m+         mode="sale"
[39m
[31m+       />
[39m
[31m+     </div>
[39m
[31m+   );
[39m
[31m+ }
[39m
[31m+[39m

[36m [2mΓ¥»[22m tests/comprehensive.test.ts:[2m975:21[22m[39m
    [90m973| [39m
    [90m974| [39m    [90m// POSPage uses 'container' as sale type but schema has 'half_whol[39mΓÇª
    [90m975| [39m    [34mexpect[39m(content)[33m.[39m[34mtoContain[39m([32m"'container'"[39m)[33m;[39m
    [90m   | [39m                    [31m^[39m
    [90m976| [39m    
[34mexpect[39m(content)[33m.[39mnot[33m.[39m[34mtoContain[39m([32m"'half_wholesale'"[39m)[33m;[39m
    [90m977| [39m  })[33m;[39m

[31m[2mΓÄ»ΓÄ»ΓÄ»ΓÄ»ΓÄ»ΓÄ»ΓÄ»ΓÄ»ΓÄ»ΓÄ»ΓÄ»ΓÄ»ΓÄ»ΓÄ»ΓÄ»ΓÄ»ΓÄ»ΓÄ»ΓÄ»ΓÄ»ΓÄ»ΓÄ»[18/27]ΓÄ»[22m[39m

[31m[1m[7m FAIL [27m[22m[39m tests/comprehensive.test.ts[2m > [22mInvoice Number Generator - ╪º┘ä╪¬╪¡┘é┘é ┘à┘å 
┘à┘ê┘ä╪» ╪ú╪▒┘é╪º┘à ╪º┘ä┘ü┘ê╪º╪¬┘è╪▒[2m > [22mshould detect that number_sequences table is not used
[31m[1mAssertionError[22m: expected '/**\r\n * Sales IPC ΓÇö ┘à╪╣╪º┘ä╪¼╪⌐ ╪º┘ä┘à╪¿┘è╪╣╪º╪¬ΓÇª' to contain 'COUNT(*) 
as c FROM sales_invoices'[39m

[32m- Expected[39m
[31m+ Received[39m

[32m- COUNT(*) as c FROM sales_invoices[39m
[31m+ /**
[39m
[31m+  * Sales IPC ΓÇö ┘à╪╣╪º┘ä╪¼╪⌐ ╪º┘ä┘à╪¿┘è╪╣╪º╪¬╪î ╪│╪¡╪¿ ╪º┘ä┘à╪«╪▓┘ê┘å╪î ┘ê╪º┘ä╪¡╪▒┘â╪º╪¬ ╪º┘ä┘à╪º┘ä┘è╪⌐
[39m
[31m+  * ┘è╪¬┘à ╪º╪│╪¬╪«╪»╪º┘à SQLite Transactions ┘ä╪╢┘à╪º┘å ╪│┘ä╪º┘à╪⌐ ╪º┘ä╪¿┘è╪º┘å╪º╪¬
[39m
[31m+  */
[39m
[31m+ import { ipcMain } from 'electron';
[39m
[31m+ import { DatabaseService } from '../services/database.service';
[39m
[31m+ import { AccountingEngine } from '../services/accounting.service';
[39m
[31m+ import { AuthService } from '../services/auth.service';
[39m
[31m+ 
[39m
[31m+ export function registerSalesIPC() {
[39m
[31m+   const db = () => DatabaseService.getRawDb();
[39m
[31m+ 
[39m
[31m+   // ΓöÇΓöÇ ╪º┘ä╪¡╪╡┘ê┘ä ╪╣┘ä┘ë ┘é╪º╪ª┘à╪⌐ ╪º┘ä┘ü┘ê╪º╪¬┘è╪▒ 
ΓöÇΓöÇΓöÇΓöÇΓöÇΓöÇΓöÇΓöÇΓöÇΓöÇΓöÇΓöÇΓöÇΓöÇΓöÇΓöÇΓöÇΓöÇΓöÇΓöÇΓöÇΓöÇΓöÇΓöÇΓöÇΓöÇΓöÇΓöÇΓöÇΓöÇΓöÇΓöÇΓöÇΓöÇΓöÇ
[39m
[31m+   ipcMain.handle('db:sales:getAll', async (_e, filters?: {
[39m
[31m+     search?: string;
[39m
[31m+     customer_id?: number;
[39m
[31m+     status?: string;
[39m
[31m+     date_from?: string;
[39m
[31m+     date_to?: string;
[39m
[31m+     page?: number;
[39m
[31m+     limit?: number;
[39m
[31m+   }) => {
[39m
[31m+     try {
[39m
[31m+       const raw = db();
[39m
[31m+       let where = 'WHERE 1=1';
[39m
[31m+       const params: any[] = [];
[39m
[31m+ 
[39m
[31m+       if (filters?.search) {
[39m
[31m+         where += ' AND (s.invoice_number LIKE ? OR c.name LIKE ?)';
[39m
[31m+         const s = `%${filters.search}%`;
[39m
[31m+         params.push(s, s);
[39m
[31m+       }
[39m
[31m+       if (filters?.customer_id) { where += ' AND s.customer_id = ?'; params.push(filters.customer_id); }
[39m
[31m+       if (filters?.status) { where += ' AND s.status = ?'; params.push(filters.status); }
[39m
[31m+       if (filters?.date_from) { where += ' AND s.date >= ?'; params.push(filters.date_from); }
[39m
[31m+       if (filters?.date_to) { where += ' AND s.date <= ?'; params.push(filters.date_to); }
[39m
[31m+ 
[39m
[31m+       const countRow: any = raw.prepare(`
[39m
[31m+         SELECT COUNT(*) as total FROM sales_invoices s 
[39m
[31m+         LEFT JOIN customers c ON s.customer_id = c.id ${where}
[39m
[31m+       `).get(...params);
[39m
[31m+       
[39m
[31m+       const page = filters?.page || 1;
[39m
[31m+       const limit = filters?.limit || 50;
[39m
[31m+ 
[39m
[31m+       const invoices = raw.prepare(`
[39m
[31m+         SELECT s.*, c.name as customer_name, u.full_name as created_by_name
[39m
[31m+         FROM sales_invoices s
[39m
[31m+         LEFT JOIN customers c ON s.customer_id = c.id
[39m
[31m+         LEFT JOIN users u ON s.user_id = u.id
[39m
[31m+         ${where}
[39m
[31m+         ORDER BY s.id DESC LIMIT ? OFFSET ?
[39m
[31m+       `).all(...params, limit, (page - 1) * limit);
[39m
[31m+ 
[39m
[31m+       return { success: true, data: invoices, total: countRow.total };
[39m
[31m+     } catch (e: any) { return { success: false, error: e.message }; }
[39m
[31m+   });
[39m
[31m+ 
[39m
[31m+   // ΓöÇΓöÇ ╪º┘ä╪¡╪╡┘ê┘ä ╪╣┘ä┘ë ╪¬┘ü╪º╪╡┘è┘ä ┘ü╪º╪¬┘ê╪▒╪⌐ ┘ê╪º╪¡╪»╪⌐ 
ΓöÇΓöÇΓöÇΓöÇΓöÇΓöÇΓöÇΓöÇΓöÇΓöÇΓöÇΓöÇΓöÇΓöÇΓöÇΓöÇΓöÇΓöÇΓöÇΓöÇΓöÇΓöÇΓöÇΓöÇΓöÇΓöÇΓöÇΓöÇΓöÇΓöÇ
[39m
[31m+   ipcMain.handle('db:sales:getById', async (_e, id: number) => {
[39m
[31m+     try {
[39m
[31m+       const raw = db();
[39m
[31m+       const invoice = raw.prepare(`
[39m
[31m+         SELECT s.*, c.name as customer_name, c.code as customer_code, c.phone as customer_phone, c.balance as 
customer_balance
[39m
[31m+         FROM sales_invoices s
[39m
[31m+         LEFT JOIN customers c ON s.customer_id = c.id
[39m
[31m+         WHERE s.id = ?
[39m
[31m+       `).get(id);
[39m
[31m+ 
[39m
[31m+       if (!invoice) return { success: false, error: '╪º┘ä┘ü╪º╪¬┘ê╪▒╪⌐ ╪║┘è╪▒ ┘à┘ê╪¼┘ê╪»╪⌐' };
[39m
[31m+ 
[39m
[31m+       const items = raw.prepare(`
[39m
[31m+         SELECT si.*, p.name as product_name, p.barcode as product_barcode
[39m
[31m+         FROM sales_invoice_items si
[39m
[31m+         LEFT JOIN products p ON si.product_id = p.id
[39m
[31m+         WHERE si.invoice_id = ?
[39m
[31m+       `).all(id);
[39m
[31m+ 
[39m
[31m+       return { success: true, data: { ...(invoice as any), items } };
[39m
[31m+     } catch (e: any) { return { success: false, error: e.message }; }
[39m
[31m+   });
[39m
[31m+ 
[39m
[31m+   // ΓöÇΓöÇ ╪Ñ┘å╪┤╪º╪í ┘ü╪º╪¬┘ê╪▒╪⌐ ┘à╪¿┘è╪╣╪º╪¬ ╪¼╪»┘è╪»╪⌐ (Transaction) 
ΓöÇΓöÇΓöÇΓöÇΓöÇΓöÇΓöÇΓöÇΓöÇΓöÇΓöÇΓöÇΓöÇΓöÇΓöÇΓöÇΓöÇΓöÇΓöÇΓöÇ
[39m
[31m+   ipcMain.handle('db:sales:create', async (_e, data: {
[39m
[31m+     customer_id?: number;
[39m
[31m+     sale_type: 'retail' | 'wholesale';
[39m
[31m+     subtotal: number;
[39m
[31m+     tax_amount: number;
[39m
[31m+     global_discount_amount: number;
[39m
[31m+     total: number;
[39m
[31m+     paid: number;
[39m
[31m+     cash_box_id?: number;
[39m
[31m+     status: 'confirmed';
[39m
[31m+     notes?: string;
[39m
[31m+     items: Array<{
[39m
[31m+       product_id: number;
[39m
[31m+       product_name_snapshot?: string;
[39m
[31m+       product_barcode_snapshot?: string;
[39m
[31m+       quantity: number;
[39m
[31m+       unit?: string;
[39m
[31m+       unit_price: number;
[39m
[31m+       cost_price_snapshot: number;
[39m
[31m+       item_discount_type?: string;
[39m
[31m+       item_discount_value?: number;
[39m
[31m+       item_discount_amount?: number;
[39m
[31m+       total: number;
[39m
[31m+       sort_order?: number;
[39m
[31m+     }>;
[39m
[31m+     _user_id?: number; // legacy
[39m
[31m+     session_id?: string;
[39m
[31m+   }) => {
[39m
[31m+     try {
[39m
[31m+       const session = await AuthService.checkSession();
[39m
[31m+       if (!session.success) return { success: false, error: '╪║┘è╪▒ ┘à╪╡╪▒╪¡' };
[39m
[31m+       const userId = session.user.id;
[39m
[31m+ 
[39m
[31m+       const raw = db();
[39m
[31m+       
[39m
[31m+       let generatedInvoiceNumber = '';
[39m
[31m+       
[39m
[31m+       // ╪Ñ┘å╪┤╪º╪í ╪»╪º┘ä╪⌐ Transaction ┘ä╪╢┘à╪º┘å ╪╣╪»┘à ╪¬┘ä┘ü ╪º┘ä╪¿┘è╪º┘å╪º╪¬
[39m
[31m+       const createInvoiceTransaction = raw.transaction(() => {
[39m
[31m+         // ╪º┘ä╪¬╪¡┘é┘é ┘à┘å session_id ┘ä┘à┘å╪╣ ╪Ñ┘å╪┤╪º╪í ┘ü╪º╪¬┘ê╪▒╪⌐ ┘à┘â╪▒╪▒╪⌐
[39m
[31m+         if (data.session_id) {
[39m
[31m+           const existing: any = raw.prepare('SELECT id, invoice_number FROM sales_invoices WHERE session_id = 
?').get(data.session_id);
[39m
[31m+           if (existing) {
[39m
[31m+             console.log(`[Sales IPC] Double save prevented for session_id ${data.session_id}. Returning 
existing invoice ${existing.id}.`);
[39m
[31m+             generatedInvoiceNumber = existing.invoice_number;
[39m
[31m+             return existing.id as number;
[39m
[31m+           }
[39m
[31m+         }
[39m
[31m+ 
[39m
[31m+         // 1. ╪¬┘ê┘ä┘è╪» ╪▒┘é┘à ╪º┘ä┘ü╪º╪¬┘ê╪▒╪⌐ (S-DDMMYY-XXX) ╪¿╪┤┘â┘ä ╪¬╪│┘ä╪│┘ä┘è ┘è┘ê┘à┘è
[39m
[31m+         const todayStr = new Date().toISOString().split('T')[0];
[39m
[31m+         const datePrefix = new Date().toLocaleDateString('en-GB', { day: '2-digit', month: '2-digit', year: 
'2-digit' }).replace(/\//g, '');
[39m
[31m+         const prefix = `S-${datePrefix}-`;
[39m
[31m+         
[39m
[31m+         const maxInvoiceRow: any = raw.prepare("SELECT invoice_number FROM sales_invoices WHERE invoice_number 
LIKE ? ORDER BY id DESC LIMIT 1").get(`${prefix}%`);
[39m
[31m+         let nextSeq = 1;
[39m
[31m+         if (maxInvoiceRow && maxInvoiceRow.invoice_number) {
[39m
[31m+           const lastSeqStr = maxInvoiceRow.invoice_number.split('-')[2];
[39m
[31m+           nextSeq = parseInt(lastSeqStr, 10) + 1;
[39m
[31m+         }
[39m
[31m+         const invoiceNumber = `${prefix}${String(nextSeq).padStart(3, '0')}`;
[39m
[31m+         generatedInvoiceNumber = invoiceNumber;
[39m
[31m+ 
[39m
[31m+       // 2. ╪Ñ╪»╪«╪º┘ä ╪º┘ä┘ü╪º╪¬┘ê╪▒╪⌐
[39m
[31m+       const insertInvoice = raw.prepare(`
[39m
[31m+         INSERT INTO sales_invoices (
[39m
[31m+           invoice_number, session_id, customer_id, sale_type, date, time,
[39m
[31m+           subtotal, tax_amount, global_discount_amount, total, paid, remaining,
[39m
[31m+           status, notes, user_id, created_at, updated_at
[39m
[31m+         ) VALUES (?, ?, ?, ?, date('now'), time('now', 'localtime'), ?, ?, ?, ?, ?, ?, ?, ?, ?, 
datetime('now'), datetime('now'))
[39m
[31m+       `);
[39m
[31m+       
[39m
[31m+       const remaining = data.total - data.paid;
[39m
[31m+       const invoiceRes = insertInvoice.run(
[39m
[31m+         invoiceNumber, data.session_id || null, data.customer_id || null, data.sale_type,
[39m
[31m+         data.subtotal, data.tax_amount, data.global_discount_amount, data.total, data.paid, remaining,
[39m
[31m+         data.status, data.notes || null, userId
[39m
[31m+       );
[39m
[31m+       const invoiceId = invoiceRes.lastInsertRowid;
[39m
[31m+ 
[39m
[31m+       // 3. ╪Ñ╪»╪«╪º┘ä ╪º┘ä╪╣┘å╪º╪╡╪▒ ┘ê╪│╪¡╪¿ ╪º┘ä┘à╪«╪▓┘ê┘å
[39m
[31m+       const insertItem = raw.prepare(`
[39m
[31m+         INSERT INTO sales_invoice_items (
[39m
[31m+           invoice_id, product_id, product_name_snapshot, product_barcode_snapshot,
[39m
[31m+           quantity, unit, unit_price, cost_price_snapshot,
[39m
[31m+           item_discount_type, item_discount_value, item_discount_amount,
[39m
[31m+           total, sort_order
[39m
[31m+         ) VALUES (?, ?, ?, ?, ?, ?, ?, ?, ?, ?, ?, ?, ?)
[39m
[31m+       `);
[39m
[31m+ 
[39m
[31m+       const updateStock = raw.prepare(`
[39m
[31m+         UPDATE stock_balances SET quantity = quantity - ?, updated_at = datetime('now')
[39m
[31m+         WHERE product_id = ? AND location_id = 1
[39m
[31m+       `);
[39m
[31m+ 
[39m
[31m+       for (const item of data.items) {
[39m
[31m+         insertItem.run(
[39m
[31m+           invoiceId,
[39m
[31m+           item.product_id,
[39m
[31m+           item.product_name_snapshot || 'Unknown',
[39m
[31m+           item.product_barcode_snapshot || null,
[39m
[31m+           item.quantity,
[39m
[31m+           item.unit || null,
[39m
[31m+           item.unit_price,
[39m
[31m+           item.cost_price_snapshot || 0,
[39m
[31m+           item.item_discount_type || 'percent',
[39m
[31m+           item.item_discount_value || 0,
[39m
[31m+           item.item_discount_amount || 0,
[39m
[31m+           item.total,
[39m
[31m+           item.sort_order || 0
[39m
[31m+         );
[39m
[31m+         
[39m
[31m+         if (data.status === 'confirmed') {
[39m
[31m+           // Fetch product has_sub_unit and pieces_per_box
[39m
[31m+           const prod: any = raw.prepare('SELECT has_sub_unit, pieces_per_box FROM products WHERE id = 
?').get(item.product_id);
[39m
[31m+           let qtyInPieces = item.quantity;
[39m
[31m+           if (prod && prod.has_sub_unit && item.unit === '╪╣┘ä╪¿╪⌐') {
[39m
[31m+             qtyInPieces = item.quantity * (prod.pieces_per_box || 1);
[39m
[31m+           }
[39m
[31m+ 
[39m
[31m+           // ╪º┘ä╪│┘à╪º╪¡ ╪¿╪¿┘è╪╣ ╪º┘ä┘à┘å╪¬╪¼╪º╪¬ ╪¡╪¬┘ë ┘ä┘ê ╪º┘ä┘à╪«╪▓┘ê┘å ╪║┘è╪▒ ┘â╪º┘ü┘ì (Negative Stock)
[39m
[31m+           const stock: any = raw.prepare('SELECT id FROM stock_balances WHERE product_id = ? AND location_id = 
1').get(item.product_id);
[39m
[31m+           if (!stock) {
[39m
[31m+             raw.prepare(`INSERT INTO stock_balances (product_id, location_id, quantity, updated_at) VALUES (?, 
1, ?, datetime('now'))`).run(item.product_id, -qtyInPieces);
[39m
[31m+           } else {
[39m
[31m+             raw.prepare(`UPDATE stock_balances SET quantity = quantity - ?, updated_at = datetime('now') WHERE 
product_id = ? AND location_id = 1`).run(qtyInPieces, item.product_id);
[39m
[31m+           }
[39m
[31m+         }
[39m
[31m+       }
[39m
[31m+ 
[39m
[31m+       // 4. ╪º┘ä╪╣┘à┘ä┘è╪º╪¬ ╪º┘ä┘à╪º┘ä┘è╪⌐ (┘ü┘é╪╖ ╪Ñ╪░╪º confirmed)
[39m
[31m+       if (data.status === 'confirmed') {
[39m
[31m+         // ╪Ñ╪░╪º ┘â╪º┘å ┘ç┘å╪º┘â ╪»┘ü╪╣ ┘å┘é╪»┘è╪î ╪ú╪╢┘ü┘ç ┘ä┘ä╪╡┘å╪»┘ê┘é
[39m
[31m+         if (data.paid > 0) {
[39m
[31m+           const cashBoxId = data.cash_box_id || 1;
[39m
[31m+           
[39m
[31m+           raw.prepare(`
[39m
[31m+             INSERT INTO payments (
[39m
[31m+               payment_number, type, party_type, party_id, amount, direction, payment_method,
[39m
[31m+               date, invoice_id, user_id, created_at
[39m
[31m+             ) VALUES (?, 'collection', 'customer', ?, ?, 'in', 'cash', date('now'), ?, ?, datetime('now'))
[39m
[31m+           `).run(`REC-${Date.now()}`, data.customer_id || 0, data.paid, invoiceId, userId);
[39m
[31m+ 
[39m
[31m+           raw.prepare(`
[39m
[31m+             UPDATE cash_boxes SET current_balance = current_balance + ?
[39m
[31m+             WHERE id = ?
[39m
[31m+           `).run(data.paid, cashBoxId);
[39m
[31m+         }
[39m
[31m+ 
[39m
[31m+         // ╪Ñ╪░╪º ┘ä┘à ┘è╪¬┘à ╪º┘ä╪»┘ü╪╣ ╪¿╪º┘ä┘â╪º┘à┘ä╪î ╪ú╪╢┘ü ╪º┘ä╪¿╪º┘é┘è ┘ä╪»┘è┘ê┘å ╪º┘ä╪▓╪¿┘ê┘å (╪Ñ╪░╪º 
┘â╪º┘å ┘ç┘å╪º┘â ╪▓╪¿┘ê┘å ┘à╪¡╪»╪»)
[39m
[31m+         const debt = Math.round((data.total - data.paid) * 100) / 100;
[39m
[31m+         if (debt > 0) {
[39m
[31m+           if (!data.customer_id) {
[39m
[31m+             throw new Error('┘ä╪º ┘è┘à┘â┘å ╪¬╪│╪¼┘è┘ä ╪¿┘è╪╣ ╪ó╪¼┘ä ┘ä╪▓╪¿┘ê┘å ╪╣╪º╪¿╪▒. ┘è╪▒╪¼┘ë ╪Ñ┘à╪º 
╪¬╪│╪»┘è╪» ┘â╪º┘à┘ä ╪º┘ä┘à╪¿┘ä╪║╪î ╪ú┘ê ╪º╪«╪¬┘è╪º╪▒ ╪▓╪¿┘ê┘å ┘à╪│╪¼┘ä ┘ä╪¡┘ü╪╕ ╪º┘ä╪»┘è┘å.');
[39m
[31m+           }
[39m
[31m+           raw.prepare(`
[39m
[31m+             UPDATE customers SET balance = balance + ?, updated_at = datetime('now')
[39m
[31m+             WHERE id = ?
[39m
[31m+           `).run(debt, data.customer_id);
[39m
[31m+         }
[39m
[31m+ 
[39m
[31m+         // ==========================================
[39m
[31m+         // 5. ╪º┘ä┘à╪¡╪▒┘â ╪º┘ä┘à╪¡╪º╪│╪¿┘è (╪º┘ä┘é┘è╪» ╪º┘ä┘à╪▓╪»┘ê╪¼ ╪º┘ä╪ó┘ä┘è)
[39m
[31m+         // ==========================================
[39m
[31m+         const totalCogs = data.items.reduce((sum, item) => sum + (item.quantity * (item.cost_price_snapshot || 
0)), 0);
[39m
[31m+ 
[39m
[31m+         AccountingEngine.recordSale(raw, {
[39m
[31m+           id: invoiceId as number,
[39m
[31m+           invoice_number: invoiceNumber,
[39m
[31m+           date: new Date().toISOString().split('T')[0], // Use today
[39m
[31m+           total: data.total,
[39m
[31m+           paid: data.paid,
[39m
[31m+           remaining: debt,
[39m
[31m+           cogs: totalCogs,
[39m
[31m+           customer_id: data.customer_id || null
[39m
[31m+         }, userId);
[39m
[31m+       }
[39m
[31m+ 
[39m
[31m+       return invoiceId;
[39m
[31m+     });
[39m
[31m+ 
[39m
[31m+       const newInvoiceId = createInvoiceTransaction.immediate();
[39m
[31m+       return { success: true, id: newInvoiceId, invoiceNumber: generatedInvoiceNumber };
[39m
[31m+     } catch (e: any) {
[39m
[31m+       console.error('[Sales IPC] Create error:', e);
[39m
[31m+       return { success: false, error: e.message };
[39m
[31m+     }
[39m
[31m+   });
[39m
[31m+ 
[39m
[31m+   // ΓöÇΓöÇ ╪Ñ┘ä╪║╪º╪í ┘ü╪º╪¬┘ê╪▒╪⌐ ΓöÇΓöÇΓöÇΓöÇΓöÇΓöÇΓöÇΓöÇΓöÇΓöÇΓöÇΓöÇΓöÇΓöÇΓöÇΓöÇΓöÇΓöÇΓöÇΓöÇΓöÇΓöÇΓöÇΓöÇΓöÇΓ
öÇΓöÇΓöÇΓöÇΓöÇΓöÇΓöÇΓöÇΓöÇΓöÇΓöÇΓöÇΓöÇΓöÇΓöÇΓöÇΓöÇΓöÇΓöÇΓöÇΓöÇΓöÇ
[39m
[31m+   ipcMain.handle('db:sales:cancel', async (_e, id: number, _oldUserId?: number) => {
[39m
[31m+     try {
[39m
[31m+       const session = await AuthService.checkSession();
[39m
[31m+       if (!session.success) return { success: false, error: '╪║┘è╪▒ ┘à╪╡╪▒╪¡' };
[39m
[31m+       const userId = session.user.id;
[39m
[31m+ 
[39m
[31m+       const raw = db();
[39m
[31m+       const cancelTx = raw.transaction(() => {
[39m
[31m+       const invoice: any = raw.prepare('SELECT * FROM sales_invoices WHERE id = ?').get(id);
[39m
[31m+       if (!invoice) throw new Error('╪º┘ä┘ü╪º╪¬┘ê╪▒╪⌐ ╪║┘è╪▒ ┘à┘ê╪¼┘ê╪»╪⌐');
[39m
[31m+       if (invoice.status === 'cancelled') throw new Error('╪º┘ä┘ü╪º╪¬┘ê╪▒╪⌐ ┘à┘ä╪║╪º╪⌐ ┘à╪│╪¿┘é╪º┘ï');
[39m
[31m+ 
[39m
[31m+       // ┘ü╪¡╪╡ ╪º┘ä╪Ñ┘é┘ü╪º┘ä ╪º┘ä┘à╪º┘ä┘è ΓÇö ┘à┘å╪╣ ╪Ñ┘ä╪║╪º╪í ┘ü┘ê╪º╪¬┘è╪▒ ┘ü┘è ┘ü╪¬╪▒╪⌐ ┘à┘é┘ü┘ä╪⌐
[39m
[31m+       AccountingEngine._checkClosingDate(raw, invoice.date);
[39m
[31m+ 
[39m
[31m+       // ╪Ñ╪▒╪¼╪º╪╣ ╪º┘ä┘à╪«╪▓┘ê┘å ┘ê╪º┘ä╪ú┘à┘ê╪º┘ä
[39m
[31m+       const items = raw.prepare('SELECT * FROM sales_invoice_items WHERE invoice_id = ?').all(id);
[39m
[31m+       const updateStock = raw.prepare("UPDATE stock_balances SET quantity = quantity + ? WHERE product_id = ? 
AND location_id = 1");
[39m
[31m+       for (const item of items as any[]) {
[39m
[31m+         const prod: any = raw.prepare('SELECT has_sub_unit, pieces_per_box FROM products WHERE id = 
?').get(item.product_id);
[39m
[31m+         let qtyInPieces = item.quantity;
[39m
[31m+         if (prod && prod.has_sub_unit && item.unit === '╪╣┘ä╪¿╪⌐') {
[39m
[31m+           qtyInPieces = item.quantity * (prod.pieces_per_box || 1);
[39m
[31m+         }
[39m
[31m+         updateStock.run(qtyInPieces, item.product_id);
[39m
[31m+       }
[39m
[31m+ 
[39m
[31m+       if (invoice.paid > 0) {
[39m
[31m+         // ╪Ñ╪▓╪º┘ä╪⌐ ╪º┘ä╪»┘ü╪╣╪⌐ ┘à┘å ╪º┘ä╪╡┘å╪»┘ê┘é ╪º┘ä╪º┘ü╪¬╪▒╪º╪╢┘è (1)
[39m
[31m+         raw.prepare("UPDATE cash_boxes SET current_balance = current_balance - ? WHERE id = 
1").run(invoice.paid);
[39m
[31m+         raw.prepare("DELETE FROM payments WHERE invoice_id = ? AND party_type = 'customer' AND type = 
'sale'").run(id);
[39m
[31m+       }
[39m
[31m+ 
[39m
[31m+       const debt = invoice.total - invoice.paid;
[39m
[31m+       if (debt > 0 && invoice.customer_id) {
[39m
[31m+         // ╪«╪╡┘à ╪º┘ä╪»┘è┘å ┘à┘å ╪º┘ä╪▓╪¿┘ê┘å
[39m
[31m+         raw.prepare("UPDATE customers SET balance = balance - ? WHERE id = ?").run(debt, invoice.customer_id);
[39m
[31m+       }
[39m
[31m+ 
[39m
[31m+       // ==========================================
[39m
[31m+       // ╪º┘ä┘à╪¡╪▒┘â ╪º┘ä┘à╪¡╪º╪│╪¿┘è (┘é┘è╪» ╪╣┘â╪│┘è)
[39m
[31m+       // ==========================================
[39m
[31m+       AccountingEngine.reverseEntry(raw, 'sales_invoice', id, userId, '╪Ñ┘ä╪║╪º╪í ┘ü╪º╪¬┘ê╪▒╪⌐ ┘à╪¿┘è╪╣╪º╪¬');
[39m
[31m+ 
[39m
[31m+       raw.prepare("UPDATE sales_invoices SET status = 'cancelled', updated_at = datetime('now') WHERE id = 
?").run(id);
[39m
[31m+       return true;
[39m
[31m+     });
[39m
[31m+ 
[39m
[31m+       cancelTx();
[39m
[31m+       return { success: true };
[39m
[31m+     } catch (e: any) {
[39m
[31m+       return { success: false, error: e.message };
[39m
[31m+     }
[39m
[31m+   });
[39m
[31m+ 
[39m
[31m+   console.log('[IPC] Sales handlers registered');
[39m
[31m+ }
[39m
[31m+[39m

[36m [2mΓ¥»[22m tests/comprehensive.test.ts:[2m990:21[22m[39m
    [90m988| [39m
    [90m989| [39m    [90m// Sales IPC generates numbers manually, not using number_sequences[39m
    [90m990| [39m    [34mexpect[39m(content)[33m.[39m[34mtoContain[39m([32m'COUNT(*) as c FROM 
sales_invoices'[39m)[33m;[39m
    [90m   | [39m                    [31m^[39m
    [90m991| [39m    
[34mexpect[39m(content)[33m.[39mnot[33m.[39m[34mtoContain[39m([32m'number_sequences'[39m)[33m;[39m
    [90m992| [39m  })[33m;[39m

[31m[2mΓÄ»ΓÄ»ΓÄ»ΓÄ»ΓÄ»ΓÄ»ΓÄ»ΓÄ»ΓÄ»ΓÄ»ΓÄ»ΓÄ»ΓÄ»ΓÄ»ΓÄ»ΓÄ»ΓÄ»ΓÄ»ΓÄ»ΓÄ»ΓÄ»ΓÄ»[19/27]ΓÄ»[22m[39m

[31m[1m[7m FAIL [27m[22m[39m tests/comprehensive.test.ts[2m > [22mInvoice Number Generator - ╪º┘ä╪¬╪¡┘é┘é ┘à┘å 
┘à┘ê┘ä╪» ╪ú╪▒┘é╪º┘à ╪º┘ä┘ü┘ê╪º╪¬┘è╪▒[2m > [22mshould detect that purchases IPC also ignores number_sequences
[31m[1mAssertionError[22m: expected '/**\r\n * Purchases IPC ΓÇö ┘à╪╣╪º┘ä╪¼╪⌐ ╪º┘ä┘à╪┤ΓÇª' to contain 'COUNT(*) as 
c FROM purchase_invoices'[39m

[32m- Expected[39m
[31m+ Received[39m

[32m- COUNT(*) as c FROM purchase_invoices[39m
[31m+ /**
[39m
[31m+  * Purchases IPC ΓÇö ┘à╪╣╪º┘ä╪¼╪⌐ ╪º┘ä┘à╪┤╪¬╪▒┘è╪º╪¬╪î ╪▓┘è╪º╪»╪⌐ ╪º┘ä┘à╪«╪▓┘ê┘å╪î ┘ê╪º┘ä╪¡╪▒┘â╪º╪¬ 
╪º┘ä┘à╪º┘ä┘è╪⌐ ┘ä┘ä┘à┘ê╪▒╪»┘è┘å
[39m
[31m+  * ┘è╪¬┘à ╪º╪│╪¬╪«╪»╪º┘à SQLite Transactions ┘ä╪╢┘à╪º┘å ╪│┘ä╪º┘à╪⌐ ╪º┘ä╪¿┘è╪º┘å╪º╪¬
[39m
[31m+  */
[39m
[31m+ import { ipcMain } from 'electron';
[39m
[31m+ import { DatabaseService } from '../services/database.service';
[39m
[31m+ import { AccountingEngine } from '../services/accounting.service';
[39m
[31m+ import { AuthService } from '../services/auth.service';
[39m
[31m+ 
[39m
[31m+ export function registerPurchasesIPC() {
[39m
[31m+   const db = () => DatabaseService.getRawDb();
[39m
[31m+ 
[39m
[31m+   // ΓöÇΓöÇ ╪º┘ä╪¡╪╡┘ê┘ä ╪╣┘ä┘ë ┘é╪º╪ª┘à╪⌐ ╪º┘ä┘ü┘ê╪º╪¬┘è╪▒ 
ΓöÇΓöÇΓöÇΓöÇΓöÇΓöÇΓöÇΓöÇΓöÇΓöÇΓöÇΓöÇΓöÇΓöÇΓöÇΓöÇΓöÇΓöÇΓöÇΓöÇΓöÇΓöÇΓöÇΓöÇΓöÇΓöÇΓöÇΓöÇΓöÇΓöÇΓöÇΓöÇΓöÇΓöÇΓöÇ
[39m
[31m+   ipcMain.handle('db:purchases:getAll', async (_e, filters?: {
[39m
[31m+     search?: string;
[39m
[31m+     supplier_id?: number;
[39m
[31m+     status?: string;
[39m
[31m+     date_from?: string;
[39m
[31m+     date_to?: string;
[39m
[31m+     page?: number;
[39m
[31m+     limit?: number;
[39m
[31m+   }) => {
[39m
[31m+     try {
[39m
[31m+       const raw = db();
[39m
[31m+       let where = 'WHERE 1=1';
[39m
[31m+       const params: any[] = [];
[39m
[31m+ 
[39m
[31m+       if (filters?.search) {
[39m
[31m+         where += ' AND (p.invoice_number LIKE ? OR s.name LIKE ? OR p.supplier_invoice_number LIKE ?)';
[39m
[31m+         const searchStr = `%${filters.search}%`;
[39m
[31m+         params.push(searchStr, searchStr, searchStr);
[39m
[31m+       }
[39m
[31m+       if (filters?.supplier_id) { where += ' AND p.supplier_id = ?'; params.push(filters.supplier_id); }
[39m
[31m+       if (filters?.status) { where += ' AND p.status = ?'; params.push(filters.status); }
[39m
[31m+       if (filters?.date_from) { where += ' AND p.date >= ?'; params.push(filters.date_from); }
[39m
[31m+       if (filters?.date_to) { where += ' AND p.date <= ?'; params.push(filters.date_to); }
[39m
[31m+ 
[39m
[31m+       const countRow: any = raw.prepare(`
[39m
[31m+         SELECT COUNT(*) as total FROM purchase_invoices p 
[39m
[31m+         LEFT JOIN suppliers s ON p.supplier_id = s.id ${where}
[39m
[31m+       `).get(...params);
[39m
[31m+       
[39m
[31m+       const page = filters?.page || 1;
[39m
[31m+       const limit = filters?.limit || 50;
[39m
[31m+ 
[39m
[31m+       const invoices = raw.prepare(`
[39m
[31m+         SELECT p.*, s.name as supplier_name, u.full_name as created_by_name
[39m
[31m+         FROM purchase_invoices p
[39m
[31m+         LEFT JOIN suppliers s ON p.supplier_id = s.id
[39m
[31m+         LEFT JOIN users u ON p.user_id = u.id
[39m
[31m+         ${where}
[39m
[31m+         ORDER BY p.id DESC LIMIT ? OFFSET ?
[39m
[31m+       `).all(...params, limit, (page - 1) * limit);
[39m
[31m+ 
[39m
[31m+       return { success: true, data: invoices, total: countRow.total };
[39m
[31m+     } catch (e: any) { return { success: false, error: e.message }; }
[39m
[31m+   });
[39m
[31m+ 
[39m
[31m+   // ΓöÇΓöÇ ╪º┘ä╪¡╪╡┘ê┘ä ╪╣┘ä┘ë ╪¬┘ü╪º╪╡┘è┘ä ┘ü╪º╪¬┘ê╪▒╪⌐ ┘ê╪º╪¡╪»╪⌐ 
ΓöÇΓöÇΓöÇΓöÇΓöÇΓöÇΓöÇΓöÇΓöÇΓöÇΓöÇΓöÇΓöÇΓöÇΓöÇΓöÇΓöÇΓöÇΓöÇΓöÇΓöÇΓöÇΓöÇΓöÇΓöÇΓöÇΓöÇΓöÇΓöÇΓöÇ
[39m
[31m+   ipcMain.handle('db:purchases:getById', async (_e, id: number) => {
[39m
[31m+     try {
[39m
[31m+       const raw = db();
[39m
[31m+       const invoice = raw.prepare(`
[39m
[31m+         SELECT p.*, s.name as supplier_name, s.code as supplier_code, s.phone as supplier_phone, s.balance as 
supplier_balance
[39m
[31m+         FROM purchase_invoices p
[39m
[31m+         LEFT JOIN suppliers s ON p.supplier_id = s.id
[39m
[31m+         WHERE p.id = ?
[39m
[31m+       `).get(id);
[39m
[31m+ 
[39m
[31m+       if (!invoice) return { success: false, error: '╪º┘ä┘ü╪º╪¬┘ê╪▒╪⌐ ╪║┘è╪▒ ┘à┘ê╪¼┘ê╪»╪⌐' };
[39m
[31m+ 
[39m
[31m+       const items = raw.prepare(`
[39m
[31m+         SELECT pi.*, pr.name as product_name, pr.barcode as product_barcode
[39m
[31m+         FROM purchase_invoice_items pi
[39m
[31m+         LEFT JOIN products pr ON pi.product_id = pr.id
[39m
[31m+         WHERE pi.invoice_id = ?
[39m
[31m+       `).all(id);
[39m
[31m+ 
[39m
[31m+       return { success: true, data: { ...(invoice as any), items } };
[39m
[31m+     } catch (e: any) { return { success: false, error: e.message }; }
[39m
[31m+   });
[39m
[31m+ 
[39m
[31m+   // ΓöÇΓöÇ ╪Ñ┘å╪┤╪º╪í ┘ü╪º╪¬┘ê╪▒╪⌐ ┘à╪┤╪¬╪▒┘è╪º╪¬ (Transaction) 
ΓöÇΓöÇΓöÇΓöÇΓöÇΓöÇΓöÇΓöÇΓöÇΓöÇΓöÇΓöÇΓöÇΓöÇΓöÇΓöÇΓöÇΓöÇΓöÇΓöÇ
[39m
[31m+   ipcMain.handle('db:purchases:create', async (_e, data: {
[39m
[31m+     supplier_id?: number;
[39m
[31m+     reference_number?: string;
[39m
[31m+     subtotal: number;
[39m
[31m+     tax_amount: number;
[39m
[31m+     discount_amount: number;
[39m
[31m+     total: number;
[39m
[31m+     paid: number;
[39m
[31m+     cash_box_id?: number;
[39m
[31m+     status: 'confirmed';
[39m
[31m+     notes?: string;
[39m
[31m+     items: Array<{
[39m
[31m+       product_id: number;
[39m
[31m+       product_name_snapshot?: string;
[39m
[31m+       product_barcode_snapshot?: string;
[39m
[31m+       quantity: number;
[39m
[31m+       unit?: string;
[39m
[31m+       unit_price: number;
[39m
[31m+       total: number;
[39m
[31m+       wholesale_price?: number;
[39m
[31m+       retail_price?: number;
[39m
[31m+       category_id?: number;
[39m
[31m+       unit_id?: number;
[39m
[31m+       expiry_date?: string;
[39m
[31m+       batch_number?: string;
[39m
[31m+     }>;
[39m
[31m+     _user_id?: number; // legacy
[39m
[31m+     session_id?: string;
[39m
[31m+   }) => {
[39m
[31m+     try {
[39m
[31m+       const session = await AuthService.checkSession();
[39m
[31m+       if (!session.success) return { success: false, error: '╪║┘è╪▒ ┘à╪╡╪▒╪¡' };
[39m
[31m+       const userId = session.user.id;
[39m
[31m+ 
[39m
[31m+       const raw = db();
[39m
[31m+       
[39m
[31m+       let generatedInvoiceNumber = '';
[39m
[31m+ 
[39m
[31m+     const createInvoiceTx = raw.transaction(() => {
[39m
[31m+       // ╪º┘ä╪¬╪¡┘é┘é ┘à┘å session_id ┘ä┘à┘å╪╣ ╪Ñ┘å╪┤╪º╪í ┘ü╪º╪¬┘ê╪▒╪⌐ ┘à┘â╪▒╪▒╪⌐
[39m
[31m+       if (data.session_id) {
[39m
[31m+         const existing: any = raw.prepare('SELECT id, invoice_number FROM purchase_invoices WHERE session_id = 
?').get(data.session_id);
[39m
[31m+         if (existing) {
[39m
[31m+           console.log(`[Purchases IPC] Double save prevented for session_id ${data.session_id}. Returning 
existing invoice ${existing.id}.`);
[39m
[31m+           generatedInvoiceNumber = existing.invoice_number;
[39m
[31m+           return existing.id as number;
[39m
[31m+         }
[39m
[31m+       }
[39m
[31m+ 
[39m
[31m+       // 1. ╪¬┘ê┘ä┘è╪» ╪▒┘é┘à ╪º┘ä┘ü╪º╪¬┘ê╪▒╪⌐ (P-DDMMYY-XXX) ╪¿╪┤┘â┘ä ╪¬╪│┘ä╪│┘ä┘è ┘è┘ê┘à┘è
[39m
[31m+       const datePrefix = new Date().toLocaleDateString('en-GB', { day: '2-digit', month: '2-digit', year: 
'2-digit' }).replace(/\//g, '');
[39m
[31m+       const prefix = `P-${datePrefix}-`;
[39m
[31m+       
[39m
[31m+       const maxInvoiceRow: any = raw.prepare("SELECT invoice_number FROM purchase_invoices WHERE invoice_number 
LIKE ? ORDER BY id DESC LIMIT 1").get(`${prefix}%`);
[39m
[31m+       let nextSeq = 1;
[39m
[31m+       if (maxInvoiceRow && maxInvoiceRow.invoice_number) {
[39m
[31m+         const lastSeqStr = maxInvoiceRow.invoice_number.split('-')[2];
[39m
[31m+         nextSeq = parseInt(lastSeqStr, 10) + 1;
[39m
[31m+       }
[39m
[31m+       const invoiceNumber = `${prefix}${String(nextSeq).padStart(3, '0')}`;
[39m
[31m+       generatedInvoiceNumber = invoiceNumber;
[39m
[31m+ 
[39m
[31m+       // 2. ╪Ñ╪»╪«╪º┘ä ╪º┘ä┘ü╪º╪¬┘ê╪▒╪⌐
[39m
[31m+       const insertInvoice = raw.prepare(`
[39m
[31m+         INSERT INTO purchase_invoices (
[39m
[31m+           invoice_number, session_id, supplier_invoice_number, supplier_id, date,
[39m
[31m+           subtotal, tax_amount, discount_amount, total, paid, remaining,
[39m
[31m+           status, notes, user_id, created_at, updated_at
[39m
[31m+         ) VALUES (?, ?, ?, ?, date('now'), ?, ?, ?, ?, ?, ?, ?, ?, ?, datetime('now'), datetime('now'))
[39m
[31m+       `);
[39m
[31m+       
[39m
[31m+       const remaining = data.total - data.paid;
[39m
[31m+       const invoiceRes = insertInvoice.run(
[39m
[31m+         invoiceNumber, data.session_id || null, data.reference_number || null, data.supplier_id,
[39m
[31m+         data.subtotal, data.tax_amount, data.discount_amount, data.total, data.paid, remaining,
[39m
[31m+         data.status, data.notes || null, userId
[39m
[31m+       );
[39m
[31m+       const invoiceId = invoiceRes.lastInsertRowid;
[39m
[31m+ 
[39m
[31m+       // 3. ╪Ñ╪»╪«╪º┘ä ╪º┘ä╪╣┘å╪º╪╡╪▒ ┘ê╪▓┘è╪º╪»╪⌐ ╪º┘ä┘à╪«╪▓┘ê┘å
[39m
[31m+       const insertItem = raw.prepare(`
[39m
[31m+         INSERT INTO purchase_invoice_items (
[39m
[31m+           invoice_id, product_id, product_name_snapshot, quantity, unit_price, total, quantity_remaining
[39m
[31m+         ) VALUES (?, ?, ?, ?, ?, ?, ?)
[39m
[31m+       `);
[39m
[31m+ 
[39m
[31m+       const checkStock = raw.prepare('SELECT id FROM stock_balances WHERE product_id = ? AND location_id = 1');
[39m
[31m+       const insertStock = raw.prepare(`INSERT INTO stock_balances (product_id, location_id, quantity, 
updated_at) VALUES (?, 1, ?, datetime('now'))`);
[39m
[31m+       const updateStock = raw.prepare(`UPDATE stock_balances SET quantity = quantity + ?, updated_at = 
datetime('now') WHERE product_id = ? AND location_id = 1`);
[39m
[31m+       
[39m
[31m+       // Update Product Details (Prices, Category, Unit, Barcode, Name)
[39m
[31m+       const updateProductDetails = raw.prepare(`
[39m
[31m+         UPDATE products 
[39m
[31m+         SET purchase_price = ?, 
[39m
[31m+             wholesale_price = COALESCE(?, wholesale_price), 
[39m
[31m+             retail_price = COALESCE(?, retail_price), 
[39m
[31m+             name = COALESCE(?, name), 
[39m
[31m+             barcode = COALESCE(?, barcode), 
[39m
[31m+             category_id = COALESCE(?, category_id), 
[39m
[31m+             unit_id = COALESCE(?, unit_id), 
[39m
[31m+             updated_at = datetime('now') 
[39m
[31m+         WHERE id = ?
[39m
[31m+       `);
[39m
[31m+ 
[39m
[31m+       for (const item of data.items) {
[39m
[31m+         insertItem.run(invoiceId, item.product_id, item.product_name_snapshot || 'Unknown', item.quantity, 
item.unit_price, item.total, item.quantity);
[39m
[31m+         
[39m
[31m+         // Fetch sub-unit info
[39m
[31m+         const prod: any = raw.prepare('SELECT has_sub_unit, pieces_per_box FROM products WHERE id = 
?').get(item.product_id);
[39m
[31m+         let qtyInPieces = item.quantity;
[39m
[31m+         if (prod && prod.has_sub_unit && (item.unit === '╪╣┘ä╪¿╪⌐' || item.unit === 'BOX')) {
[39m
[31m+           qtyInPieces = item.quantity * (prod.pieces_per_box || 1);
[39m
[31m+         }
[39m
[31m+ 
[39m
[31m+         // Increase Stock
[39m
[31m+           const exists = checkStock.get(item.product_id);
[39m
[31m+           if (exists) {
[39m
[31m+             updateStock.run(qtyInPieces, item.product_id);
[39m
[31m+           } else {
[39m
[31m+             insertStock.run(item.product_id, qtyInPieces);
[39m
[31m+           }
[39m
[31m+           
[39m
[31m+           // Update product details
[39m
[31m+           updateProductDetails.run(
[39m
[31m+             item.unit_price,
[39m
[31m+             item.wholesale_price,
[39m
[31m+             item.retail_price,
[39m
[31m+             item.product_name_snapshot || null,
[39m
[31m+             item.product_barcode_snapshot || null,
[39m
[31m+             item.category_id || null,
[39m
[31m+             item.unit_id || null,
[39m
[31m+             item.product_id
[39m
[31m+           );
[39m
[31m+ 
[39m
[31m+           // ΓòÉΓòÉΓòÉΓòÉΓòÉΓòÉΓòÉΓòÉΓòÉΓòÉΓòÉΓòÉΓòÉΓòÉΓòÉΓòÉΓòÉΓòÉΓòÉΓòÉΓòÉΓòÉΓòÉΓòÉΓòÉΓòÉΓòÉΓòÉΓòÉΓòÉΓòÉΓòÉΓòÉ
ΓòÉΓòÉΓòÉΓòÉΓòÉΓòÉΓòÉΓòÉΓòÉΓòÉΓòÉΓòÉΓòÉΓòÉΓòÉΓòÉΓòÉΓòÉΓòÉ
[39m
[31m+           // Weighted Average Cost (WAC) ΓÇö ╪º┘ä╪¬┘â┘ä┘ü╪⌐ ╪º┘ä┘à╪▒╪¼╪¡╪⌐
[39m
[31m+           // New Cost = ((Old Qty ├ù Old Cost) + (New Qty ├ù New Cost)) / (Old Qty + New Qty)
[39m
[31m+           // ΓòÉΓòÉΓòÉΓòÉΓòÉΓòÉΓòÉΓòÉΓòÉΓòÉΓòÉΓòÉΓòÉΓòÉΓòÉΓòÉΓòÉΓòÉΓòÉΓòÉΓòÉΓòÉΓòÉΓòÉΓòÉΓòÉΓòÉΓòÉΓòÉΓòÉΓòÉΓòÉΓòÉ
ΓòÉΓòÉΓòÉΓòÉΓòÉΓòÉΓòÉΓòÉΓòÉΓòÉΓòÉΓòÉΓòÉΓòÉΓòÉΓòÉΓòÉΓòÉΓòÉ
[39m
[31m+           const currentProduct: any = raw.prepare('SELECT purchase_price FROM products WHERE id = 
?').get(item.product_id);
[39m
[31m+           const currentStock: any = raw.prepare('SELECT quantity FROM stock_balances WHERE product_id = ? AND 
location_id = 1').get(item.product_id);
[39m
[31m+           const oldQty = Math.max((currentStock?.quantity || 0) - qtyInPieces, 0); // qty before this purchase
[39m
[31m+           const oldCost = currentProduct?.purchase_price || item.unit_price;
[39m
[31m+           const newQty = qtyInPieces;
[39m
[31m+           const newCost = item.unit_price;
[39m
[31m+           
[39m
[31m+           if (oldQty + newQty > 0) {
[39m
[31m+             const wac = ((oldQty * oldCost) + (newQty * newCost)) / (oldQty + newQty);
[39m
[31m+             raw.prepare('UPDATE products SET purchase_price = ?, updated_at = datetime(\'now\') WHERE id = 
?').run(Math.round(wac * 100) / 100, item.product_id);
[39m
[31m+           }
[39m
[31m+       }
[39m
[31m+ 
[39m
[31m+       // 4. ╪º┘ä╪╣┘à┘ä┘è╪º╪¬ ╪º┘ä┘à╪º┘ä┘è╪⌐
[39m
[31m+       // ╪»┘ü╪╣ ┘ä┘ä┘à┘ê╪▒╪» (╪«╪▒┘ê╪¼ ┘å┘é╪»┘è)
[39m
[31m+         if (data.paid > 0) {
[39m
[31m+           const cashBoxId = data.cash_box_id || 1;
[39m
[31m+           
[39m
[31m+           raw.prepare(`
[39m
[31m+             INSERT INTO payments (
[39m
[31m+               payment_number, type, party_type, party_id, amount, direction, payment_method,
[39m
[31m+               date, invoice_id, user_id, created_at
[39m
[31m+             ) VALUES (?, 'purchase', 'supplier', ?, ?, 'out', 'cash', date('now'), ?, ?, datetime('now'))
[39m
[31m+           `).run(`PAY-${Date.now()}`, data.supplier_id || 0, data.paid, invoiceId, userId);
[39m
[31m+ 
[39m
[31m+           // ╪«╪╡┘à ╪º┘ä┘à╪¿┘ä╪║ ┘à┘å ╪º┘ä╪╡┘å╪»┘ê┘é
[39m
[31m+           raw.prepare(`
[39m
[31m+             UPDATE cash_boxes SET current_balance = current_balance - ?
[39m
[31m+             WHERE id = ?
[39m
[31m+           `).run(data.paid, cashBoxId);
[39m
[31m+         }
[39m
[31m+ 
[39m
[31m+         // ╪¬╪│╪¼┘è┘ä ╪º┘ä╪»┘è┘å (╪Ñ╪░╪º ┘ä┘à ┘è╪»┘ü╪╣ ┘â╪º┘à┘ä ╪º┘ä┘à╪¿┘ä╪║)
[39m
[31m+         const debt = Math.round((data.total - data.paid) * 100) / 100;
[39m
[31m+         if (debt > 0) {
[39m
[31m+           if (!data.supplier_id) {
[39m
[31m+             throw new Error('┘ä╪º ┘è┘à┘â┘å ╪¬╪│╪¼┘è┘ä ╪┤╪▒╪º╪í ╪ó╪¼┘ä ┘à┘å ┘à┘ê╪▒╪» ╪╣╪º╪¿╪▒. ┘è╪▒╪¼┘ë ╪Ñ┘à╪º 
╪¬╪│╪»┘è╪» ┘â╪º┘à┘ä ╪º┘ä┘à╪¿┘ä╪║╪î ╪ú┘ê ╪º╪«╪¬┘è╪º╪▒ ┘à┘ê╪▒╪» ┘à╪│╪¼┘ä ┘ä╪¡┘ü╪╕ ╪º┘ä╪»┘è┘å.');
[39m
[31m+           }
[39m
[31m+           raw.prepare(`
[39m
[31m+             UPDATE suppliers SET balance = balance + ?, updated_at = datetime('now')
[39m
[31m+             WHERE id = ?
[39m
[31m+           `).run(debt, data.supplier_id);
[39m
[31m+         }
[39m
[31m+ 
[39m
[31m+         // ==========================================
[39m
[31m+         // ╪º┘ä┘à╪¡╪▒┘â ╪º┘ä┘à╪¡╪º╪│╪¿┘è (╪º┘ä┘é┘è╪» ╪º┘ä┘à╪▓╪»┘ê╪¼ ╪º┘ä╪ó┘ä┘è)
[39m
[31m+         // ==========================================
[39m
[31m+         AccountingEngine.recordPurchase(raw, {
[39m
[31m+           id: invoiceId,
[39m
[31m+           invoice_number: invoiceNumber,
[39m
[31m+           date: new Date().toISOString().split('T')[0],
[39m
[31m+           total: data.total,
[39m
[31m+           paid: data.paid,
[39m
[31m+           remaining: debt,
[39m
[31m+           supplier_id: data.supplier_id || null
[39m
[31m+         }, userId);
[39m
[31m+ 
[39m
[31m+       return invoiceId;
[39m
[31m+     });
[39m
[31m+ 
[39m
[31m+       const newInvoiceId = createInvoiceTx.immediate();
[39m
[31m+       return { success: true, id: newInvoiceId, invoiceNumber: generatedInvoiceNumber };
[39m
[31m+     } catch (e: any) {
[39m
[31m+       console.error('[Purchases IPC] Create error:', e);
[39m
[31m+       return { success: false, error: e.message };
[39m
[31m+     }
[39m
[31m+   });
[39m
[31m+ 
[39m
[31m+   // ΓöÇΓöÇ ╪Ñ┘ä╪║╪º╪í ┘ü╪º╪¬┘ê╪▒╪⌐ ΓöÇΓöÇΓöÇΓöÇΓöÇΓöÇΓöÇΓöÇΓöÇΓöÇΓöÇΓöÇΓöÇΓöÇΓöÇΓöÇΓöÇΓöÇΓöÇΓöÇΓöÇΓöÇΓöÇΓöÇΓöÇΓ
öÇΓöÇΓöÇΓöÇΓöÇΓöÇΓöÇΓöÇΓöÇΓöÇΓöÇΓöÇΓöÇΓöÇΓöÇΓöÇΓöÇΓöÇΓöÇΓöÇΓöÇΓöÇ
[39m
[31m+   ipcMain.handle('db:purchases:cancel', async (_e, id: number, _oldUserId?: number) => {
[39m
[31m+     try {
[39m
[31m+       const session = await AuthService.checkSession();
[39m
[31m+       if (!session.success) return { success: false, error: '╪║┘è╪▒ ┘à╪╡╪▒╪¡' };
[39m
[31m+       const userId = session.user.id;
[39m
[31m+ 
[39m
[31m+       const raw = db();
[39m
[31m+     const cancelTx = raw.transaction(() => {
[39m
[31m+       const invoice: any = raw.prepare('SELECT * FROM purchase_invoices WHERE id = ?').get(id);
[39m
[31m+       if (!invoice) throw new Error('╪º┘ä┘ü╪º╪¬┘ê╪▒╪⌐ ╪║┘è╪▒ ┘à┘ê╪¼┘ê╪»╪⌐');
[39m
[31m+       if (invoice.status === 'cancelled') throw new Error('╪º┘ä┘ü╪º╪¬┘ê╪▒╪⌐ ┘à┘ä╪║╪º╪⌐ ┘à╪│╪¿┘é╪º┘ï');
[39m
[31m+ 
[39m
[31m+       // ┘ü╪¡╪╡ ╪º┘ä╪Ñ┘é┘ü╪º┘ä ╪º┘ä┘à╪º┘ä┘è ΓÇö ┘à┘å╪╣ ╪Ñ┘ä╪║╪º╪í ┘ü┘ê╪º╪¬┘è╪▒ ┘ü┘è ┘ü╪¬╪▒╪⌐ ┘à┘é┘ü┘ä╪⌐
[39m
[31m+       AccountingEngine._checkClosingDate(raw, invoice.date);
[39m
[31m+ 
[39m
[31m+       // ╪Ñ╪▒╪¼╪º╪╣ ╪º┘ä┘à╪«╪▓┘ê┘å (┘å┘é╪╡╪º┘å)
[39m
[31m+       const items = raw.prepare('SELECT * FROM purchase_invoice_items WHERE invoice_id = ?').all(id);
[39m
[31m+       const updateStock = raw.prepare("UPDATE stock_balances SET quantity = quantity - ? WHERE product_id = ? 
AND location_id = 1");
[39m
[31m+       for (const item of items as any[]) {
[39m
[31m+         updateStock.run(item.quantity, item.product_id);
[39m
[31m+       }
[39m
[31m+ 
[39m
[31m+       // ╪Ñ╪▒╪¼╪º╪╣ ╪º┘ä╪ú┘à┘ê╪º┘ä ┘ä┘ä╪╡┘å╪»┘ê┘é (╪▓┘è╪º╪»╪⌐)
[39m
[31m+       if (invoice.paid > 0) {
[39m
[31m+         raw.prepare("UPDATE cash_boxes SET current_balance = current_balance + ? WHERE id = 
1").run(invoice.paid);
[39m
[31m+         raw.prepare("DELETE FROM payments WHERE invoice_id = ? AND party_type = 'supplier' AND type = 
'purchase'").run(id);
[39m
[31m+       }
[39m
[31m+ 
[39m
[31m+       // ╪«╪╡┘à ╪º┘ä╪»┘è┘å ┘à┘å ╪º┘ä┘à┘ê╪▒╪»
[39m
[31m+       const debt = invoice.total - invoice.paid;
[39m
[31m+       if (debt > 0) {
[39m
[31m+         raw.prepare("UPDATE suppliers SET balance = balance - ? WHERE id = ?").run(debt, invoice.supplier_id);
[39m
[31m+       }
[39m
[31m+ 
[39m
[31m+       // ==========================================
[39m
[31m+       // ╪º┘ä┘à╪¡╪▒┘â ╪º┘ä┘à╪¡╪º╪│╪¿┘è (┘é┘è╪» ╪╣┘â╪│┘è)
[39m
[31m+       // ==========================================
[39m
[31m+       AccountingEngine.reverseEntry(raw, 'purchase_invoice', id, userId, '╪Ñ┘ä╪║╪º╪í ┘ü╪º╪¬┘ê╪▒╪⌐ 
┘à╪┤╪¬╪▒┘è╪º╪¬');
[39m
[31m+ 
[39m
[31m+       raw.prepare("UPDATE purchase_invoices SET status = 'cancelled', updated_at = datetime('now') WHERE id = 
?").run(id);
[39m
[31m+       return true;
[39m
[31m+     });
[39m
[31m+ 
[39m
[31m+       cancelTx();
[39m
[31m+       return { success: true };
[39m
[31m+     } catch (e: any) {
[39m
[31m+       return { success: false, error: e.message };
[39m
[31m+     }
[39m
[31m+   });
[39m
[31m+ 
[39m
[31m+   console.log('[IPC] Purchases handlers registered');
[39m
[31m+ }
[39m
[31m+[39m

[36m [2mΓ¥»[22m tests/comprehensive.test.ts:[2m998:21[22m[39m
    [90m996| [39m    [35mconst[39m content [33m=[39m [34mreadFileSync[39m(purchasesPath[33m,[39m 
[32m'utf-8'[39m)[33m;[39m
    [90m997| [39m
    [90m998| [39m    [34mexpect[39m(content)[33m.[39m[34mtoContain[39m([32m'COUNT(*) as c FROM 
purchase_invoices'[39m)[33m;[39m
    [90m   | [39m                    [31m^[39m
    [90m999| [39m    
[34mexpect[39m(content)[33m.[39mnot[33m.[39m[34mtoContain[39m([32m'number_sequences'[39m)[33m;[39m
    [90m1000| [39m  })[33m;[39m

[31m[2mΓÄ»ΓÄ»ΓÄ»ΓÄ»ΓÄ»ΓÄ»ΓÄ»ΓÄ»ΓÄ»ΓÄ»ΓÄ»ΓÄ»ΓÄ»ΓÄ»ΓÄ»ΓÄ»ΓÄ»ΓÄ»ΓÄ»ΓÄ»ΓÄ»ΓÄ»[20/27]ΓÄ»[22m[39m

[31m[1m[7m FAIL [27m[22m[39m tests/comprehensive.test.ts[2m > [22mSupplier Statement - ╪º┘ä╪¬╪¡┘é┘é ┘à┘å 
┘â╪┤┘ü ╪¡╪│╪º╪¿ ╪º┘ä┘à┘ê╪▒╪»[2m > [22mshould detect supplier statement is not connected in UI
[31m[1mAssertionError[22m: expected '/**\n * SuppliersPage ΓÇö ╪╡┘ü╪¡╪⌐ ╪Ñ╪»╪º╪▒╪⌐ ╪º┘äΓÇª' to contain '╪│┘è╪¬┘à 
┘ü╪¬╪¡ ┘â╪┤┘ü ╪¡╪│╪º╪¿ ╪º┘ä┘à┘ê╪▒╪» ┘é╪▒┘è╪¿╪º┘ï'[39m

[32m- Expected[39m
[31m+ Received[39m

[32m- ╪│┘è╪¬┘à ┘ü╪¬╪¡ ┘â╪┤┘ü ╪¡╪│╪º╪¿ ╪º┘ä┘à┘ê╪▒╪» ┘é╪▒┘è╪¿╪º┘ï[39m
[31m+ /**[39m
[31m+  * SuppliersPage ΓÇö ╪╡┘ü╪¡╪⌐ ╪Ñ╪»╪º╪▒╪⌐ ╪º┘ä┘à┘ê╪▒╪»┘è┘å[39m
[31m+  */[39m
[31m+ import { useEffect, useState } from 'react';[39m
[31m+ import { useAuth } from '../../hooks/useAuth';[39m
[31m+ import { Truck, Search, Plus, Edit, FileText, Phone } from 'lucide-react';[39m
[31m+ import { toast } from 'sonner';[39m
[31m+ import SupplierModal from './SupplierModal';[39m
[31m+ import SupplierStatement from './SupplierStatement';[39m
[31m+[39m
[31m+ export default function SuppliersPage() {[39m
[31m+   const { hasPermission } = useAuth();[39m
[31m+   const [suppliers, setSuppliers] = useState<any[]>([]);[39m
[31m+   const [loading, setLoading] = useState(true);[39m
[31m+   const [search, setSearch] = useState('');[39m
[31m+   [39m
[31m+   // Modal State[39m
[31m+   const [isModalOpen, setIsModalOpen] = useState(false);[39m
[31m+   const [selectedSupplier, setSelectedSupplier] = useState<any | null>(null);[39m
[31m+[39m
[31m+   const [isStatementOpen, setIsStatementOpen] = useState(false);[39m
[31m+   const [statementSupplierId, setStatementSupplierId] = useState<number | null>(null);[39m
[31m+[39m
[31m+   useEffect(() => {[39m
[31m+     const timer = setTimeout(() => {[39m
[31m+       loadSuppliers();[39m
[31m+     }, 300);[39m
[31m+     return () => clearTimeout(timer);[39m
[31m+   }, [search]);[39m
[31m+[39m
[31m+   const loadSuppliers = async () => {[39m
[31m+     setLoading(true);[39m
[31m+     try {[39m
[31m+       const res = await window.electronAPI.invoke('db:suppliers:getAll', { search });[39m
[31m+       if (res.success) {[39m
[31m+         setSuppliers(res.data);[39m
[31m+       } else {[39m
[31m+         toast.error(res.error);[39m
[31m+       }[39m
[31m+     } catch (err) {[39m
[31m+       toast.error('╪«╪╖╪ú ┘ü┘è ╪¬╪¡┘à┘è┘ä ╪º┘ä┘à┘ê╪▒╪»┘è┘å');[39m
[31m+     } finally {[39m
[31m+       setLoading(false);[39m
[31m+     }[39m
[31m+   };[39m
[31m+[39m
[31m+   const handleAdd = () => {[39m
[31m+     setSelectedSupplier(null);[39m
[31m+     setIsModalOpen(true);[39m
[31m+   };[39m
[31m+[39m
[31m+   const handleEdit = (supplier: any) => {[39m
[31m+     setSelectedSupplier(supplier);[39m
[31m+     setIsModalOpen(true);[39m
[31m+   };[39m
[31m+[39m
[31m+   const handleStatement = (supplierId: number) => {[39m
[31m+     setStatementSupplierId(supplierId);[39m
[31m+     setIsStatementOpen(true);[39m
[31m+   };[39m
[31m+[39m
[31m+   return ([39m
[31m+     <div className="p-6 h-full flex flex-col relative">[39m
[31m+       {/* Header */}[39m
[31m+       <div className="flex items-center justify-between mb-6">[39m
[31m+         <div>[39m
[31m+           <h1 className="text-2xl font-bold text-text_primary flex items-center gap-2">[39m
[31m+             <Truck size={26} className="text-primary_blue" />[39m
[31m+             ╪º┘ä┘à┘ê╪▒╪»┘ê┘å[39m
[31m+           </h1>[39m
[31m+           <p className="text-text_secondary mt-1">╪Ñ╪»╪º╪▒╪⌐ ╪º┘ä┘à┘ê╪▒╪»┘è┘å ┘ê╪º┘ä╪┤╪▒┘â╪º╪¬╪î ┘ê┘à╪¬╪º╪¿╪╣╪⌐ 
╪º┘ä┘à╪│╪¬╪¡┘é╪º╪¬</p>[39m
[31m+         </div>[39m
[31m+[39m
[31m+         <div className="flex items-center gap-3">[39m
[31m+           <div className="relative w-72">[39m
[31m+             <input[39m
[31m+               type="text"[39m
[31m+               placeholder="╪¿╪¡╪½ (╪º┘ä╪º╪│┘à╪î ╪º┘ä╪╣┘å┘ê╪º┘å╪î ╪º┘ä┘ç╪º╪¬┘ü)..."[39m
[31m+               value={search}[39m
[31m+               onChange={(e) => setSearch(e.target.value)}[39m
[31m+               className="w-full bg-background_secondary border border-border_default rounded-xl pl-10 pr-4 
py-2.5 text-sm text-text_primary focus:border-primary_blue focus:ring-1 focus:ring-primary_blue outline-none 
transition-all"[39m
[31m+             />[39m
[31m+             <Search size={16} className="absolute left-3 top-1/2 -translate-y-1/2 text-text_muted" />[39m
[31m+           </div>[39m
[31m+[39m
[31m+           {hasPermission('manage_suppliers') && ([39m
[31m+             <button[39m
[31m+               className="flex items-center gap-2 bg-primary_blue hover:bg-primary_blue_hover text-white px-4 
py-2.5 rounded-xl font-medium transition-all"[39m
[31m+               onClick={handleAdd}[39m
[31m+             >[39m
[31m+               <Plus size={18} />[39m
[31m+               ╪Ñ╪╢╪º┘ü╪⌐ ┘à┘ê╪▒╪»[39m
[31m+             </button>[39m
[31m+           )}[39m
[31m+         </div>[39m
[31m+       </div>[39m
[31m+[39m
[31m+       {/* Table */}[39m
[31m+       <div className="flex-1 bg-background_secondary border border-border_default rounded-2xl overflow-hidden 
flex flex-col">[39m
[31m+         <div className="overflow-x-auto flex-1 custom-scrollbar">[39m
[31m+           <table className="w-full text-sm text-right">[39m
[31m+             <thead className="bg-background_card text-text_secondary sticky top-0 backdrop-blur-md">[39m
[31m+               <tr>[39m
[31m+                 <th className="px-4 py-3 font-medium">╪º┘ä╪º╪│┘à / ╪º┘ä╪┤╪▒┘â╪⌐</th>[39m
[31m+                 <th className="px-4 py-3 font-medium">╪º┘ä┘ç╪º╪¬┘ü</th>[39m
[31m+                 <th className="px-4 py-3 font-medium text-center">╪º┘ä╪▒╪╡┘è╪» ╪º┘ä╪¡╪º┘ä┘è 
(╪º┘ä╪»┘è┘ê┘å)</th>[39m
[31m+                 <th className="px-4 py-3 font-medium text-center">╪º┘ä╪¡╪º┘ä╪⌐</th>[39m
[31m+                 <th className="px-4 py-3 font-medium text-center">╪Ñ╪¼╪▒╪º╪í╪º╪¬</th>[39m
[31m+               </tr>[39m
[31m+             </thead>[39m
[31m+             <tbody className="divide-y divide-border_default">[39m
[31m+               {loading ? ([39m
[31m+                 <tr><td colSpan={5} className="px-4 py-8 text-center text-text_muted">╪¼╪º╪▒┘è 
╪º┘ä╪¬╪¡┘à┘è┘ä...</td></tr>[39m
[31m+               ) : suppliers.length === 0 ? ([39m
[31m+                 <tr><td colSpan={5} className="px-4 py-8 text-center text-text_muted">┘ä╪º ┘è┘ê╪¼╪» 
┘à┘ê╪▒╪»┘ê┘å</td></tr>[39m
[31m+               ) : ([39m
[31m+                 suppliers.map((s) => ([39m
[31m+                   <tr key={s.id} className="hover:bg-background_card transition-colors">[39m
[31m+                     <td className="px-4 py-3 font-medium text-text_primary">{s.name}</td>[39m
[31m+                     <td className="px-4 py-3 font-numbers text-text_muted flex items-center gap-2">[39m
[31m+                       {s.phone ? <><Phone size={12} /> {s.phone}</> : '-'}[39m
[31m+                     </td>[39m
[31m+                     <td className="px-4 py-3 font-numbers text-center">[39m
[31m+                       <span className={`font-bold ${s.balance > 0 ? 'text-danger_red' : s.balance < 0 ? 
'text-success_green' : 'text-text_secondary'}`}>[39m
[31m+                         {s.balance.toFixed(2)} ╪».╪¼[39m
[31m+                       </span>[39m
[31m+                     </td>[39m
[31m+                     <td className="px-4 py-3 text-center">[39m
[31m+                       <span className={`px-2 py-1 rounded-lg text-xs font-bold ${[39m
[31m+                         s.is_active ? 'bg-success_green/10 text-success_green' : 'bg-danger_red/10 
text-danger_red'[39m
[31m+                       }`}>[39m
[31m+                         {s.is_active ? '┘å╪┤╪╖' : '┘à┘ê┘é┘ê┘ü'}[39m
[31m+                       </span>[39m
[31m+                     </td>[39m
[31m+                     <td className="px-4 py-3">[39m
[31m+                       <div className="flex items-center justify-center gap-2">[39m
[31m+                         <button [39m
[31m+                           title="┘â╪┤┘ü ╪¡╪│╪º╪¿"[39m
[31m+                           className="p-1.5 text-text_muted hover:text-primary_blue transition-colors rounded-lg 
hover:bg-background_card"[39m
[31m+                           onClick={() => handleStatement(s.id)}[39m
[31m+                         >[39m
[31m+                           <FileText size={16} />[39m
[31m+                         </button>[39m
[31m+                         {hasPermission('manage_suppliers') && ([39m
[31m+                           <button [39m
[31m+                             title="╪¬╪╣╪»┘è┘ä"[39m
[31m+                             className="p-1.5 text-text_muted hover:text-warning_amber transition-colors 
rounded-lg hover:bg-background_card"[39m
[31m+                             onClick={() => handleEdit(s)}[39m
[31m+                           >[39m
[31m+                             <Edit size={16} />[39m
[31m+                           </button>[39m
[31m+                         )}[39m
[31m+                       </div>[39m
[31m+                     </td>[39m
[31m+                   </tr>[39m
[31m+                 ))[39m
[31m+               )}[39m
[31m+             </tbody>[39m
[31m+           </table>[39m
[31m+         </div>[39m
[31m+       </div>[39m
[31m+[39m
[31m+       <SupplierModal[39m
[31m+         isOpen={isModalOpen}[39m
[31m+         onClose={() => setIsModalOpen(false)}[39m
[31m+         onSaved={loadSuppliers}[39m
[31m+         supplier={selectedSupplier}[39m
[31m+       />[39m
[31m+[39m
[31m+       <SupplierStatement[39m
[31m+         isOpen={isStatementOpen}[39m
[31m+         onClose={() => {[39m
[31m+           setIsStatementOpen(false);[39m
[31m+           loadSuppliers();[39m
[31m+         }}[39m
[31m+         supplierId={statementSupplierId}[39m
[31m+       />[39m
[31m+     </div>[39m
[31m+   );[39m
[31m+ }[39m
[31m+[39m

[36m [2mΓ¥»[22m tests/comprehensive.test.ts:[2m1033:21[22m[39m
    [90m1031| [39m
    [90m1032| [39m    [90m// handleStatement just shows a toast instead of opening a modal[39m
    [90m1033| [39m    [34mexpect[39m(content)[33m.[39m[34mtoContain[39m([32m'╪│┘è╪¬┘à ┘ü╪¬╪¡ ┘â╪┤┘ü ╪¡╪│╪º╪¿ 
╪º┘ä┘à┘ê╪▒╪» ┘é╪▒┘è╪¿╪º┘ï'[39m)[33m;[39m
    [90m   | [39m                    [31m^[39m
    [90m1034| [39m    
[34mexpect[39m(content)[33m.[39mnot[33m.[39m[34mtoContain[39m([32m'SupplierStatement'[39m)[33m;[39m
    [90m1035| [39m  })[33m;[39m

[31m[2mΓÄ»ΓÄ»ΓÄ»ΓÄ»ΓÄ»ΓÄ»ΓÄ»ΓÄ»ΓÄ»ΓÄ»ΓÄ»ΓÄ»ΓÄ»ΓÄ»ΓÄ»ΓÄ»ΓÄ»ΓÄ»ΓÄ»ΓÄ»ΓÄ»ΓÄ»[21/27]ΓÄ»[22m[39m

[31m[1m[7m FAIL [27m[22m[39m tests/comprehensive.test.ts[2m > [22mSales Invoice INSERT - ╪º┘ä╪¬╪¡┘é┘é ┘à┘å 
INSERT ╪º┘ä┘ü╪º╪¬┘ê╪▒╪⌐[2m > [22mshould verify sales_invoices schema has global_discount_amount
[31m[1mAssertionError[22m: expected '/**\n * NF_10 - Invoices Schema\n * ┘üΓÇª' not to contain 
'\'discount_amount\''[39m

[32m- Expected[39m
[31m+ Received[39m

[32m- 'discount_amount'[39m
[31m+ /**[39m
[31m+  * NF_10 - Invoices Schema[39m
[31m+  * ┘ü┘ê╪º╪¬┘è╪▒ ╪º┘ä╪¿┘è╪╣ ┘ê╪º┘ä╪┤╪▒╪º╪í ┘à╪╣ ╪¿┘å┘ê╪»┘ç╪º[39m
[31m+  */[39m
[31m+ import { sqliteTable, text, integer, real } from 'drizzle-orm/sqlite-core';[39m
[31m+ import { sql } from 'drizzle-orm';[39m
[31m+ import { products } from './products.schema';[39m
[31m+ import { productBatches } from './inventory.schema';[39m
[31m+ import { users } from './users.schema';[39m
[31m+[39m
[31m+ export const salesInvoices = sqliteTable('sales_invoices', {[39m
[31m+   id: integer('id').primaryKey({ autoIncrement: true }),[39m
[31m+   session_id: text('session_id').unique(),[39m
[31m+   invoice_number: text('invoice_number').notNull().unique(),[39m
[31m+   sale_type: text('sale_type', { enum: ['retail', 'wholesale', 'half_wholesale'] 
}).notNull().default('retail'),[39m
[31m+   customer_id: integer('customer_id'),[39m
[31m+   user_id: integer('user_id').references(() => users.id),[39m
[31m+   date: text('date').notNull(),[39m
[31m+   time: text('time'),[39m
[31m+   subtotal: real('subtotal').notNull().default(0),[39m
[31m+   global_discount_type: text('global_discount_type', { enum: ['percent', 'amount'] }).default('percent'),[39m
[31m+   global_discount_value: real('global_discount_value').default(0),[39m
[31m+   global_discount_amount: real('global_discount_amount').default(0),[39m
[31m+   total_before_tax: real('total_before_tax').default(0),[39m
[31m+   tax_percent: real('tax_percent').default(0),[39m
[31m+   tax_amount: real('tax_amount').default(0),[39m
[31m+   total: real('total').notNull().default(0),[39m
[31m+   paid: real('paid').notNull().default(0),[39m
[31m+   remaining: real('remaining').notNull().default(0),[39m
[31m+   payment_method: text('payment_method', { enum: ['cash', 'check', 'transfer', 'mixed'] }).default('cash'),[39m
[31m+   status: text('status', { enum: ['draft', 'confirmed', 'cancelled'] }).notNull().default('draft'),[39m
[31m+   notes: text('notes'),[39m
[31m+   created_at: text('created_at').notNull().default(sql`(datetime('now'))`),[39m
[31m+   updated_at: text('updated_at').notNull().default(sql`(datetime('now'))`),[39m
[31m+ });[39m
[31m+[39m
[31m+ export const salesInvoiceItems = sqliteTable('sales_invoice_items', {[39m
[31m+   id: integer('id').primaryKey({ autoIncrement: true }),[39m
[31m+   invoice_id: integer('invoice_id').notNull().references(() => salesInvoices.id, { onDelete: 'cascade' }),[39m
[31m+   product_id: integer('product_id').notNull().references(() => products.id),[39m
[31m+   batch_id: integer('batch_id').references(() => productBatches.id),[39m
[31m+   product_name_snapshot: text('product_name_snapshot').notNull(),[39m
[31m+   product_barcode_snapshot: text('product_barcode_snapshot'),[39m
[31m+   quantity: real('quantity').notNull(),[39m
[31m+   unit: text('unit'),[39m
[31m+   unit_price: real('unit_price').notNull(),[39m
[31m+   cost_price_snapshot: real('cost_price_snapshot').notNull().default(0),[39m
[31m+   item_discount_type: text('item_discount_type', { enum: ['percent', 'amount'] }).default('percent'),[39m
[31m+   item_discount_value: real('item_discount_value').default(0),[39m
[31m+   item_discount_amount: real('item_discount_amount').default(0),[39m
[31m+   total: real('total').notNull(),[39m
[31m+   sort_order: integer('sort_order').default(0),[39m
[31m+ });[39m
[31m+[39m
[31m+ export const purchaseInvoices = sqliteTable('purchase_invoices', {[39m
[31m+   id: integer('id').primaryKey({ autoIncrement: true }),[39m
[31m+   session_id: text('session_id').unique(),[39m
[31m+   invoice_number: text('invoice_number').notNull().unique(),[39m
[31m+   supplier_invoice_number: text('supplier_invoice_number'),[39m
[31m+   supplier_id: integer('supplier_id'),[39m
[31m+   user_id: integer('user_id').references(() => users.id),[39m
[31m+   date: text('date').notNull(),[39m
[31m+   subtotal: real('subtotal').notNull().default(0),[39m
[31m+   discount_amount: real('discount_amount').default(0),[39m
[31m+   tax_amount: real('tax_amount').default(0),[39m
[31m+   total: real('total').notNull().default(0),[39m
[31m+   paid: real('paid').notNull().default(0),[39m
[31m+   remaining: real('remaining').notNull().default(0),[39m
[31m+   payment_method: text('payment_method', { enum: ['cash', 'check', 'transfer', 'mixed'] }).default('cash'),[39m
[31m+   status: text('status', { enum: ['draft', 'confirmed', 'cancelled'] }).notNull().default('draft'),[39m
[31m+   notes: text('notes'),[39m
[31m+   created_at: text('created_at').notNull().default(sql`(datetime('now'))`),[39m
[31m+   updated_at: text('updated_at').notNull().default(sql`(datetime('now'))`),[39m
[31m+ });[39m
[31m+[39m
[31m+ export const purchaseInvoiceItems = sqliteTable('purchase_invoice_items', {[39m
[31m+   id: integer('id').primaryKey({ autoIncrement: true }),[39m
[31m+   invoice_id: integer('invoice_id').notNull().references(() => purchaseInvoices.id, { onDelete: 'cascade' 
}),[39m
[31m+   product_id: integer('product_id').notNull().references(() => products.id),[39m
[31m+   product_name_snapshot: text('product_name_snapshot').notNull(),[39m
[31m+   quantity: real('quantity').notNull(),[39m
[31m+   unit: text('unit'),[39m
[31m+   unit_price: real('unit_price').notNull(),[39m
[31m+   wholesale_price: real('wholesale_price').default(0),[39m
[31m+   retail_price: real('retail_price').default(0),[39m
[31m+   total: real('total').notNull(),[39m
[31m+   quantity_remaining: real('quantity_remaining'),[39m
[31m+ });[39m
[31m+[39m
[31m+[39m

[36m [2mΓ¥»[22m tests/comprehensive.test.ts:[2m1101:25[22m[39m
    [90m1099| [39m
    [90m1100| [39m    
[34mexpect[39m(content)[33m.[39m[34mtoContain[39m([32m'global_discount_amount'[39m)[33m;[39m
    [90m1101| [39m    
[34mexpect[39m(content)[33m.[39mnot[33m.[39m[34mtoContain[39m([32m"'discount_amount'"[39m)[33m;[39m
    [90m   | [39m                        [31m^[39m
    [90m1102| [39m  })[33m;[39m
    [90m1103| [39m})[33m;[39m

[31m[2mΓÄ»ΓÄ»ΓÄ»ΓÄ»ΓÄ»ΓÄ»ΓÄ»ΓÄ»ΓÄ»ΓÄ»ΓÄ»ΓÄ»ΓÄ»ΓÄ»ΓÄ»ΓÄ»ΓÄ»ΓÄ»ΓÄ»ΓÄ»ΓÄ»ΓÄ»[22/27]ΓÄ»[22m[39m

[31m[1m[7m FAIL [27m[22m[39m tests/comprehensive.test.ts[2m > [22mPermissions Matrix - ╪º┘ä╪¬╪¡┘é┘é ┘à┘å 
┘à╪╡┘ü┘ê┘ü╪⌐ ╪º┘ä╪╡┘ä╪º╪¡┘è╪º╪¬[2m > [22mshould verify all 5 roles are defined
[31m[1mAssertionError[22m: expected '/**\n * useAuth hook ΓÇö convenience wrΓÇª' to contain '\'owner\''[39m

[32m- Expected[39m
[31m+ Received[39m

[32m- 'owner'[39m
[31m+ /**[39m
[31m+  * useAuth hook ΓÇö convenience wrapper around auth store.[39m
[31m+  * ╪¿╪»┘ê┘å token[39m
[31m+  */[39m
[31m+ import { useAuthStore } from '../store/auth.store';[39m
[31m+[39m
[31m+ const PERMISSIONS_MATRIX: Record<string, string[]> = {[39m
[31m+   owner: [[39m
[31m+     'view_dashboard', 'view_sales', 'create_sale', 'edit_sale', 'cancel_sale',[39m
[31m+     'view_purchases', 'create_purchase', 'cancel_purchase',[39m
[31m+     'view_inventory', 'adjust_stock',[39m
[31m+     'view_customers', 'manage_customers',[39m
[31m+     'view_suppliers', 'manage_suppliers',[39m
[31m+     'view_returns', 'create_return', 'confirm_return',[39m
[31m+     'view_cashbox', 'close_cashbox',[39m
[31m+     'view_finance', 'view_profits', 'view_prices',[39m
[31m+     'view_reports', 'view_settings', 'manage_users',[39m
[31m+     'view_vehicles', 'manage_vehicles',[39m
[31m+     'view_batches', 'manage_batches',[39m
[31m+     'cancel_documents',[39m
[31m+   ],[39m
[31m+   manager: [[39m
[31m+     'view_dashboard', 'view_sales', 'create_sale', 'edit_sale', 'cancel_sale',[39m
[31m+     'view_purchases', 'create_purchase', 'cancel_purchase',[39m
[31m+     'view_inventory', 'adjust_stock',[39m
[31m+     'view_customers', 'manage_customers',[39m
[31m+     'view_suppliers', 'manage_suppliers',[39m
[31m+     'view_returns', 'create_return', 'confirm_return',[39m
[31m+     'view_cashbox', 'close_cashbox',[39m
[31m+     'view_finance', 'view_prices',[39m
[31m+     'view_reports',[39m
[31m+     'view_vehicles', 'manage_vehicles',[39m
[31m+     'view_batches', 'manage_batches',[39m
[31m+     'cancel_documents',[39m
[31m+   ],[39m
[31m+   accountant: [[39m
[31m+     'view_dashboard', 'view_sales',[39m
[31m+     'view_purchases',[39m
[31m+     'view_customers', 'manage_customers',[39m
[31m+     'view_suppliers', 'manage_suppliers',[39m
[31m+     'view_finance', 'view_prices',[39m
[31m+     'view_reports',[39m
[31m+     'view_cashbox',[39m
[31m+   ],[39m
[31m+   cashier: [[39m
[31m+     'view_dashboard', 'view_sales', 'create_sale',[39m
[31m+     'view_customers',[39m
[31m+     'view_cashbox', 'close_cashbox',[39m
[31m+     'view_returns', 'create_return',[39m
[31m+   ],[39m
[31m+   storekeeper: [[39m
[31m+     'view_dashboard',[39m
[31m+     'view_purchases', 'create_purchase',[39m
[31m+     'view_inventory', 'adjust_stock',[39m
[31m+     'view_batches', 'manage_batches',[39m
[31m+     'view_vehicles',[39m
[31m+   ],[39m
[31m+ };[39m
[31m+[39m
[31m+ export function useAuth() {[39m
[31m+   const { user, isAuthenticated, isLoading, login, logout } = useAuthStore();[39m
[31m+[39m
[31m+   const hasPermission = (permission: string): boolean => {[39m
[31m+     if (!user) return false;[39m
[31m+     return PERMISSIONS_MATRIX[user.role]?.includes(permission) ?? false;[39m
[31m+   };[39m
[31m+[39m
[31m+   const hasRole = (...roles: string[]): boolean => {[39m
[31m+     if (!user) return false;[39m
[31m+     return roles.includes(user.role);[39m
[31m+   };[39m
[31m+[39m
[31m+   return {[39m
[31m+     user,[39m
[31m+     isAuthenticated,[39m
[31m+     isLoading,[39m
[31m+     login,[39m
[31m+     logout,[39m
[31m+     hasPermission,[39m
[31m+     hasRole,[39m
[31m+   };[39m
[31m+ }[39m
[31m+[39m

[36m [2mΓ¥»[22m tests/comprehensive.test.ts:[2m1142:23[22m[39m
    [90m1140| [39m    [35mconst[39m roles [33m=[39m [[32m'owner'[39m[33m,[39m [32m'manager'[39m[33m,[39m 
[32m'accountant'[39m[33m,[39m [32m'cashier'[39m[33m,[39m [32m'store[39mΓÇª
    [90m1141| [39m    roles[33m.[39m[34mforEach[39m((role) [33m=>[39m {
    [90m1142| [39m      
[34mexpect[39m(content)[33m.[39m[34mtoContain[39m([32m`'[39m[36m${[39mrole[36m}[39m[32m'`[39m)[33m;[39m
    [90m   | [39m                      [31m^[39m
    [90m1143| [39m    })[33m;[39m
    [90m1144| [39m  })[33m;[39m
[90m [2mΓ¥»[22m tests/comprehensive.test.ts:[2m1141:11[22m[39m

[31m[2mΓÄ»ΓÄ»ΓÄ»ΓÄ»ΓÄ»ΓÄ»ΓÄ»ΓÄ»ΓÄ»ΓÄ»ΓÄ»ΓÄ»ΓÄ»ΓÄ»ΓÄ»ΓÄ»ΓÄ»ΓÄ»ΓÄ»ΓÄ»ΓÄ»ΓÄ»[23/27]ΓÄ»[22m[39m

[31m[1m[7m FAIL [27m[22m[39m tests/comprehensive.test.ts[2m > [22mGap Analysis - ╪¬╪¡┘ä┘è┘ä ╪º┘ä┘å┘ê╪º┘é╪╡[2m 
> [22mshould detect missing supplier statement component
[31m[1mAssertionError[22m: expected true to be false // Object.is equality[39m

[32m- Expected[39m
[31m+ Received[39m

[32m- false[39m
[31m+ true[39m

[36m [2mΓ¥»[22m tests/comprehensive.test.ts:[2m1627:39[22m[39m
    [90m1625| [39m  [34mit[39m([32m'should detect missing supplier statement component'[39m[33m,[39m () 
[33m=>[39m {
    [90m1626| [39m    [35mconst[39m statementPath [33m=[39m 
[34mjoin[39m([34mdirname[39m(__dirname)[33m,[39m [32m'src'[39m[33m,[39m [32m'features'[39m[33m,[39m ΓÇª
    [90m1627| [39m    
[34mexpect[39m([34mexistsSync[39m(statementPath))[33m.[39m[34mtoBe[39m([35mfalse[39m)[33m;[39m
    [90m   | [39m                                      [31m^[39m
    [90m1628| [39m  })[33m;[39m
    [90m1629| [39m

[31m[2mΓÄ»ΓÄ»ΓÄ»ΓÄ»ΓÄ»ΓÄ»ΓÄ»ΓÄ»ΓÄ»ΓÄ»ΓÄ»ΓÄ»ΓÄ»ΓÄ»ΓÄ»ΓÄ»ΓÄ»ΓÄ»ΓÄ»ΓÄ»ΓÄ»ΓÄ»[24/27]ΓÄ»[22m[39m

[31m[1m[7m FAIL [27m[22m[39m tests/comprehensive.test.ts[2m > [22mFile Structure - ╪º┘ä╪¬╪¡┘é┘é ┘à┘å ┘ç┘è┘â┘ä 
╪º┘ä┘à┘ä┘ü╪º╪¬[2m > [22mshould have all required feature pages
[31m[1mAssertionError[22m: expected false to be true // Object.is equality[39m

[32m- Expected[39m
[31m+ Received[39m

[32m- true[39m
[31m+ false[39m

[36m [2mΓ¥»[22m tests/comprehensive.test.ts:[2m1725:32[22m[39m
    [90m1723| [39m    features[33m.[39m[34mforEach[39m((file) [33m=>[39m {
[2m Test Files [22m [1m[31m1 failed[39m[22m[90m (1)[39m
[2m      Tests [22m [1m[31m27 failed[39m[22m[2m | [22m[1m[32m172 passed[39m[22m[90m (199)[39m
[2m   Start at [22m 20:06:55
[2m   Duration [22m 615ms[2m (transform 71ms, setup 0ms, collect 174ms, tests 45ms, environment 0ms, prepare 78ms)[22m

    [90m1724| [39m      [35mconst[39m path [33m=[39m [34mjoin[39m([34mdirname[39m(__dirname)[33m,[39m 
[32m'src'[39m[33m,[39m [32m'features'[39m[33m,[39m file)[33m;[39m
    [90m1725| [39m      
[34mexpect[39m([34mexistsSync[39m(path))[33m.[39m[34mtoBe[39m([35mtrue[39m)[33m;[39m
    [90m   | [39m                               [31m^[39m
    [90m1726| [39m    })[33m;[39m
    [90m1727| [39m  })[33m;[39m
[90m [2mΓ¥»[22m tests/comprehensive.test.ts:[2m1723:14[22m[39m

[31m[2mΓÄ»ΓÄ»ΓÄ»ΓÄ»ΓÄ»ΓÄ»ΓÄ»ΓÄ»ΓÄ»ΓÄ»ΓÄ»ΓÄ»ΓÄ»ΓÄ»ΓÄ»ΓÄ»ΓÄ»ΓÄ»ΓÄ»ΓÄ»ΓÄ»ΓÄ»[25/27]ΓÄ»[22m[39m

[31m[1m[7m FAIL [27m[22m[39m tests/comprehensive.test.ts[2m > [22mFile Structure - ╪º┘ä╪¬╪¡┘é┘é ┘à┘å ┘ç┘è┘â┘ä 
╪º┘ä┘à┘ä┘ü╪º╪¬[2m > [22mshould have all required IPC handlers
[31m[1mAssertionError[22m: expected false to be true // Object.is equality[39m

[32m- Expected[39m
[31m+ Received[39m

[32m- true[39m
[31m+ false[39m

[36m [2mΓ¥»[22m tests/comprehensive.test.ts:[2m1773:32[22m[39m
    [90m1771| [39m    ipcFiles[33m.[39m[34mforEach[39m((file) [33m=>[39m {
    [90m1772| [39m      [35mconst[39m path [33m=[39m [34mjoin[39m([34mdirname[39m(__dirname)[33m,[39m 
[32m'electron'[39m[33m,[39m [32m'ipc'[39m[33m,[39m file)[33m;[39m
    [90m1773| [39m      
[34mexpect[39m([34mexistsSync[39m(path))[33m.[39m[34mtoBe[39m([35mtrue[39m)[33m;[39m
    [90m   | [39m                               [31m^[39m
    [90m1774| [39m    })[33m;[39m
    [90m1775| [39m  })[33m;[39m
[90m [2mΓ¥»[22m tests/comprehensive.test.ts:[2m1771:14[22m[39m

[31m[2mΓÄ»ΓÄ»ΓÄ»ΓÄ»ΓÄ»ΓÄ»ΓÄ»ΓÄ»ΓÄ»ΓÄ»ΓÄ»ΓÄ»ΓÄ»ΓÄ»ΓÄ»ΓÄ»ΓÄ»ΓÄ»ΓÄ»ΓÄ»ΓÄ»ΓÄ»[26/27]ΓÄ»[22m[39m

[31m[1m[7m FAIL [27m[22m[39m tests/comprehensive.test.ts[2m > [22mReturns Page Bug - ╪«╪╖╪ú useState ╪¿╪»┘ä 
useEffect[2m > [22mshould detect useState used as useEffect (line 38)
[31m[1mError[22m: ENOENT: no such file or directory, open 'C:\aissa\src\features\returns\ReturnsPage.tsx'[39m
[90m [2mΓ¥»[22m Proxy.readFileSync node:fs:[2m440:20[22m[39m
[36m [2mΓ¥»[22m tests/comprehensive.test.ts:[2m1785:21[22m[39m
    [90m1783| [39m  [34mit[39m([32m'should detect useState used as useEffect (line 38)'[39m[33m,[39m () 
[33m=>[39m {
    [90m1784| [39m    [35mconst[39m returnsPath [33m=[39m [34mjoin[39m([34mdirname[39m(__dirname)[33m,[39m 
[32m'src'[39m[33m,[39m [32m'features'[39m[33m,[39m [32m'r[39mΓÇª
    [90m1785| [39m    [35mconst[39m content [33m=[39m [34mreadFileSync[39m(returnsPath[33m,[39m 
[32m'utf-8'[39m)[33m;[39m
    [90m   | [39m                    [31m^[39m
    [90m1786| [39m
    [90m1787| [39m    [90m// This is a bug: useState(() => { loadParties(returnType); })[39m

[31m[2mΓÄ»ΓÄ»ΓÄ»ΓÄ»ΓÄ»ΓÄ»ΓÄ»ΓÄ»ΓÄ»ΓÄ»ΓÄ»ΓÄ»ΓÄ»ΓÄ»ΓÄ»ΓÄ»ΓÄ»ΓÄ»ΓÄ»ΓÄ»ΓÄ»ΓÄ»ΓÄ»ΓÄ»ΓÄ»ΓÄ»ΓÄ»ΓÄ»ΓÄ»ΓÄ»[22m[39m
[31m[1mSerialized Error:[22m[39m [90m{ errno: -4058, code: 'ENOENT', syscall: 'open', path: 
'C:\aissa\src\features\returns\ReturnsPage.tsx' }[39m
[31m[2mΓÄ»ΓÄ»ΓÄ»ΓÄ»ΓÄ»ΓÄ»ΓÄ»ΓÄ»ΓÄ»ΓÄ»ΓÄ»ΓÄ»ΓÄ»ΓÄ»ΓÄ»ΓÄ»ΓÄ»ΓÄ»ΓÄ»ΓÄ»ΓÄ»ΓÄ»[27/27]ΓÄ»[22m[39m

